******************************************************************************
            TI ARM Clang Linker PC v4.0.0                      
******************************************************************************
>> Linked Wed Apr 15 17:43:40 2026

OUTPUT FILE NAME:   <main.out>
ENTRY POINT SYMBOL: "_c_int00_noargs"  address: 00000a11


MEMORY CONFIGURATION

         name            origin    length      used     unused   attr    fill
----------------------  --------  ---------  --------  --------  ----  --------
  FLASH                 00000000   00020000  00000c08  0001f3f8  R  X
  SRAM                  20200000   00008000  0000037c  00007c84  RW X
  BCR_CONFIG            41c00000   00000080  00000000  00000080  R   
  BSL_CONFIG            41c00100   00000080  00000000  00000080  R   


SEGMENT ALLOCATION MAP

run origin  load origin   length   init length attrs members
----------  ----------- ---------- ----------- ----- -------
00000000    00000000    00000c08   00000c08    r-x
  00000000    00000000    000000c0   000000c0    r-- .intvecs
  000000c0    000000c0    00000ae8   00000ae8    r-x .text
  00000ba8    00000ba8    00000048   00000048    r-- .rodata
  00000bf0    00000bf0    00000018   00000018    r-- .cinit
20200000    20200000    0000017c   00000000    rw-
  20200000    20200000    0000017c   00000000    rw- .bss
20207e00    20207e00    00000200   00000000    rw-
  20207e00    20207e00    00000200   00000000    rw- .stack


SECTION ALLOCATION MAP

 output                                  attributes/
section   page    origin      length       input sections
--------  ----  ----------  ----------   ----------------
.intvecs   0    00000000    000000c0     
                  00000000    000000c0     startup_mspm0g350x_ticlang.o (.intvecs)

.text      0    000000c0    00000ae8     
                  000000c0    000001de     MSPM0G_Library.lib : UART_Interface.o (.text.UART_Interface_IRQ)
                  0000029e    00000002     startup_mspm0g350x_ticlang.o (.text.Default_Handler)
                  000002a0    000000fe     MSPM0G_Library.lib : I2C_Controller.o (.text.I2C_Controller_IRQ)
                  0000039e    00000002     --HOLE-- [fill = 0]
                  000003a0    000000e8     driverlib.a : dl_timer.o (.text.DL_Timer_initTimerMode)
                  00000488    0000009c     ti_msp_dl_config.o (.text.SYSCFG_DL_GPIO_init)
                  00000524    00000070     ti_msp_dl_config.o (.text.SYSCFG_DL_UART_0_init)
                  00000594    00000060     ti_msp_dl_config.o (.text.SYSCFG_DL_initPower)
                  000005f4    0000005e     driverlib.a : dl_i2c.o (.text.DL_I2C_fillControllerTXFIFO)
                  00000652    00000002     --HOLE-- [fill = 0]
                  00000654    0000005c     ti_msp_dl_config.o (.text.SYSCFG_DL_SPI_0_init)
                  000006b0    00000058     MSPM0G_Library.lib : I2C_Controller.o (.text.getControllerStatus)
                  00000708    00000054     driverlib.a : dl_uart.o (.text.DL_UART_drainRXFIFO)
                  0000075c    00000054                 : dl_uart.o (.text.DL_UART_fillTXFIFO)
                  000007b0    00000054     ti_msp_dl_config.o (.text.SYSCFG_DL_MCU_I2C_init)
                  00000804    00000048     driverlib.a : dl_uart.o (.text.DL_UART_init)
                  0000084c    00000044                 : dl_spi.o (.text.DL_SPI_init)
                  00000890    00000040     ti_msp_dl_config.o (.text.SYSCFG_DL_SYSCTL_init)
                  000008d0    0000003c     ti_msp_dl_config.o (.text.SYSCFG_DL_TIMER_0_init)
                  0000090c    0000003c     ti_msp_dl_config.o (.text.SYSCFG_DL_init)
                  00000948    0000003c     libc.a : autoinit.c.obj (.text:__TI_auto_init_nobinit_nopinit)
                  00000984    00000038     ti_msp_dl_config.o (.text.SYSCFG_DL_TIMER_1_init)
                  000009bc    0000002a     MSPM0G_Library.lib : Timer_Timeout.o (.text.Timer_Timeout_IRQ)
                  000009e6    0000002a                        : I2C_Controller.o (.text.waitForControllerToIdle)
                  00000a10    00000028     libc.a : boot_cortex_m.c.obj (.text:_c_int00_noargs)
                  00000a38    00000026     driverlib.a : dl_i2c.o (.text.DL_I2C_setClockConfig)
                  00000a5e    00000002     --HOLE-- [fill = 0]
                  00000a60    0000001c     MSPM0G_Library.lib : I2C_Controller.o (.text.DL_I2C_isControllerRXFIFOEmpty)
                  00000a7c    0000001c     driverlib.a : dl_timer.o (.text.DL_Timer_setClockConfig)
                  00000a98    00000016     delay_timer.o (.text.Delay_Timer_IRQ)
                  00000aae    00000016     libc.a : copy_zero_init.c.obj (.text:decompress:ZI:__TI_zero_init_nomemset)
                  00000ac4    00000014     MSPM0G_Library.lib : I2C_Controller.o (.text.DL_I2C_getControllerStatus)
                  00000ad8    00000014                        : I2C_Controller.o (.text.DL_I2C_receiveControllerData)
                  00000aec    00000012                        : I2C_Controller.o (.text.DL_I2C_getPendingInterrupt)
                  00000afe    00000012     driverlib.a : dl_spi.o (.text.DL_SPI_setClockConfig)
                  00000b10    00000012     MSPM0G_Library.lib : Timer_Timeout.o (.text.DL_Timer_getPendingInterrupt)
                  00000b22    00000012                        : UART_Interface.o (.text.DL_UART_getPendingInterrupt)
                  00000b34    00000012     driverlib.a : dl_uart.o (.text.DL_UART_setClockConfig)
                  00000b46    00000002     --HOLE-- [fill = 0]
                  00000b48    00000010     app.o (.text.I2C1_IRQHandler)
                  00000b58    00000010     app.o (.text.TIMA0_IRQHandler)
                  00000b68    00000010     app.o (.text.TIMG7_IRQHandler)
                  00000b78    00000010     app.o (.text.UART0_IRQHandler)
                  00000b88    0000000a     driverlib.a : dl_common.o (.text.DL_Common_delayCycles)
                  00000b92    00000006     main.o (.text.main)
                  00000b98    00000004     startup_mspm0g350x_ticlang.o (.text.Reset_Handler)
                  00000b9c    00000004     libc.a : pre_init.c.obj (.text._system_pre_init)
                  00000ba0    00000004            : exit.c.obj (.text:abort)
                  00000ba4    00000004     --HOLE-- [fill = 0]

.cinit     0    00000bf0    00000018     
                  00000bf0    00000008     (.cinit..bss.load) [load image, compression = zero_init]
                  00000bf8    00000004     (__TI_handler_table)
                  00000bfc    00000008     (__TI_cinit_table)
                  00000c04    00000004     --HOLE-- [fill = 0]

.rodata    0    00000ba8    00000048     
                  00000ba8    00000014     ti_msp_dl_config.o (.rodata.gTIMER_0TimerConfig)
                  00000bbc    00000014     ti_msp_dl_config.o (.rodata.gTIMER_1TimerConfig)
                  00000bd0    0000000a     ti_msp_dl_config.o (.rodata.gSPI_0_config)
                  00000bda    0000000a     ti_msp_dl_config.o (.rodata.gUART_0Config)
                  00000be4    00000003     ti_msp_dl_config.o (.rodata.gTIMER_0ClockConfig)
                  00000be7    00000003     ti_msp_dl_config.o (.rodata.gTIMER_1ClockConfig)
                  00000bea    00000002     ti_msp_dl_config.o (.rodata.gMCU_I2CClockConfig)
                  00000bec    00000002     ti_msp_dl_config.o (.rodata.gSPI_0_clockConfig)
                  00000bee    00000002     ti_msp_dl_config.o (.rodata.gUART_0ClockConfig)

.init_array 
*          0    00000000    00000000     UNINITIALIZED

.binit     0    00000000    00000000     

.bss       0    20200000    0000017c     UNINITIALIZED
                  20200000    000000bc     (.common:gTIMER_0Backup)
                  202000bc    00000034     (.common:USB_UART)
                  202000f0    00000028     (.common:gSPI_0Backup)
                  20200118    00000024     (.common:USB_Timeout)
                  2020013c    00000020     (.common:I2C_MCU)
                  2020015c    00000020     (.common:delay)

.stack     0    20207e00    00000200     UNINITIALIZED
                  20207e00    00000004     libc.a : boot_cortex_m.c.obj (.stack)
                  20207e04    000001fc     --HOLE--

__llvm_prf_cnts 
*          0    20200000    00000000     UNINITIALIZED

__llvm_prf_bits 
*          0    20200000    00000000     UNINITIALIZED

MODULE SUMMARY

       Module                         code   ro data   rw data
       ------                         ----   -------   -------
    .\
       ti_msp_dl_config.o             780    72        228    
       startup_mspm0g350x_ticlang.o   6      192       0      
       adc_mux.o                      0      0         152    
       app.o                          64     0         0      
       delay_timer.o                  22     0         0      
       main.o                         6      0         0      
    +--+------------------------------+------+---------+---------+
       Total:                         878    264       380    
                                                              
    C:/Users/Gowtham CS/Downloads/MSPM0G_Library/MSPM0G_Library/Debug/MSPM0G_Library.lib
       UART_Interface.o               496    0         0      
       I2C_Controller.o               470    0         0      
       Timer_Timeout.o                60     0         0      
    +--+------------------------------+------+---------+---------+
       Total:                         1026   0         0      
                                                              
    C:/ti/mspm0_sdk_2_00_00_03/source/ti/driverlib/lib/ticlang/m0p/mspm0g1x0x_g3x0x/driverlib.a
       dl_timer.o                     260    0         0      
       dl_uart.o                      258    0         0      
       dl_i2c.o                       132    0         0      
       dl_spi.o                       86     0         0      
       dl_common.o                    10     0         0      
    +--+------------------------------+------+---------+---------+
       Total:                         746    0         0      
                                                              
    C:\ti\ccstheia151\ccs\tools\compiler\ti-cgt-armllvm_4.0.0.LTS\lib\armv6m-ti-none-eabi/c/libc.a
       autoinit.c.obj                 60     0         0      
       boot_cortex_m.c.obj            40     0         0      
       copy_zero_init.c.obj           22     0         0      
       exit.c.obj                     4      0         0      
       pre_init.c.obj                 4      0         0      
    +--+------------------------------+------+---------+---------+
       Total:                         130    0         0      
                                                              
       Stack:                         0      0         512    
       Linker Generated:              0      20        0      
    +--+------------------------------+------+---------+---------+
       Grand Total:                   2780   284       892    


LINKER GENERATED COPY TABLES

__TI_cinit_table @ 00000bfc records: 1, size/record: 8, table size: 8
	.bss: load addr=00000bf0, load size=00000008 bytes, run addr=20200000, run size=0000017c bytes, compression=zero_init


LINKER GENERATED HANDLER TABLE

__TI_handler_table @ 00000bf8 records: 1, size/record: 4, table size: 4
	index: 0, handler: __TI_zero_init


GLOBAL SYMBOLS: SORTED ALPHABETICALLY BY Name 

address   name                          
-------   ----                          
0000029f  ADC0_IRQHandler               
0000029f  ADC1_IRQHandler               
0000029f  AES_IRQHandler                
00000ba0  C$$EXIT                       
0000029f  CANFD0_IRQHandler             
0000029f  DAC0_IRQHandler               
00000b89  DL_Common_delayCycles         
000005f5  DL_I2C_fillControllerTXFIFO   
00000a39  DL_I2C_setClockConfig         
0000084d  DL_SPI_init                   
00000aff  DL_SPI_setClockConfig         
000003a1  DL_Timer_initTimerMode        
00000a7d  DL_Timer_setClockConfig       
00000709  DL_UART_drainRXFIFO           
0000075d  DL_UART_fillTXFIFO            
00000805  DL_UART_init                  
00000b35  DL_UART_setClockConfig        
0000029f  DMA_IRQHandler                
0000029f  Default_Handler               
00000a99  Delay_Timer_IRQ               
0000029f  GROUP0_IRQHandler             
0000029f  GROUP1_IRQHandler             
0000029f  HardFault_Handler             
0000029f  I2C0_IRQHandler               
00000b49  I2C1_IRQHandler               
000002a1  I2C_Controller_IRQ            
2020013c  I2C_MCU                       
0000029f  NMI_Handler                   
0000029f  PendSV_Handler                
0000029f  RTC_IRQHandler                
00000b99  Reset_Handler                 
0000029f  SPI0_IRQHandler               
0000029f  SPI1_IRQHandler               
0000029f  SVC_Handler                   
00000489  SYSCFG_DL_GPIO_init           
000007b1  SYSCFG_DL_MCU_I2C_init        
00000655  SYSCFG_DL_SPI_0_init          
00000891  SYSCFG_DL_SYSCTL_init         
000008d1  SYSCFG_DL_TIMER_0_init        
00000985  SYSCFG_DL_TIMER_1_init        
00000525  SYSCFG_DL_UART_0_init         
0000090d  SYSCFG_DL_init                
00000595  SYSCFG_DL_initPower           
0000029f  SysTick_Handler               
00000b59  TIMA0_IRQHandler              
0000029f  TIMA1_IRQHandler              
0000029f  TIMG0_IRQHandler              
0000029f  TIMG12_IRQHandler             
0000029f  TIMG6_IRQHandler              
00000b69  TIMG7_IRQHandler              
0000029f  TIMG8_IRQHandler              
000009bd  Timer_Timeout_IRQ             
00000b79  UART0_IRQHandler              
0000029f  UART1_IRQHandler              
0000029f  UART2_IRQHandler              
0000029f  UART3_IRQHandler              
000000c1  UART_Interface_IRQ            
20200118  USB_Timeout                   
202000bc  USB_UART                      
20208000  __STACK_END                   
00000200  __STACK_SIZE                  
00000000  __TI_ATRegion0_region_sz      
00000000  __TI_ATRegion0_src_addr       
00000000  __TI_ATRegion0_trg_addr       
00000000  __TI_ATRegion1_region_sz      
00000000  __TI_ATRegion1_src_addr       
00000000  __TI_ATRegion1_trg_addr       
00000000  __TI_ATRegion2_region_sz      
00000000  __TI_ATRegion2_src_addr       
00000000  __TI_ATRegion2_trg_addr       
00000bfc  __TI_CINIT_Base               
00000c04  __TI_CINIT_Limit              
00000c04  __TI_CINIT_Warm               
00000bf8  __TI_Handler_Table_Base       
00000bfc  __TI_Handler_Table_Limit      
00000949  __TI_auto_init_nobinit_nopinit
ffffffff  __TI_pprof_out_hndl           
ffffffff  __TI_prof_data_size           
ffffffff  __TI_prof_data_start          
00000000  __TI_static_base__            
00000aaf  __TI_zero_init_nomemset       
ffffffff  __binit__                     
UNDEFED   __mpu_init                    
20207e00  __stack                       
20200000  __start___llvm_prf_bits       
20200000  __start___llvm_prf_cnts       
20200000  __stop___llvm_prf_bits        
20200000  __stop___llvm_prf_cnts        
00000a11  _c_int00_noargs               
UNDEFED   _system_post_cinit            
00000b9d  _system_pre_init              
00000ba1  abort                         
ffffffff  binit                         
2020015c  delay                         
202000f0  gSPI_0Backup                  
20200000  gTIMER_0Backup                
000006b1  getControllerStatus           
00000000  interruptVectors              
00000b93  main                          
000009e7  waitForControllerToIdle       


GLOBAL SYMBOLS: SORTED BY Symbol Address 

address   name                          
-------   ----                          
00000000  __TI_ATRegion0_region_sz      
00000000  __TI_ATRegion0_src_addr       
00000000  __TI_ATRegion0_trg_addr       
00000000  __TI_ATRegion1_region_sz      
00000000  __TI_ATRegion1_src_addr       
00000000  __TI_ATRegion1_trg_addr       
00000000  __TI_ATRegion2_region_sz      
00000000  __TI_ATRegion2_src_addr       
00000000  __TI_ATRegion2_trg_addr       
00000000  __TI_static_base__            
00000000  interruptVectors              
000000c1  UART_Interface_IRQ            
00000200  __STACK_SIZE                  
0000029f  ADC0_IRQHandler               
0000029f  ADC1_IRQHandler               
0000029f  AES_IRQHandler                
0000029f  CANFD0_IRQHandler             
0000029f  DAC0_IRQHandler               
0000029f  DMA_IRQHandler                
0000029f  Default_Handler               
0000029f  GROUP0_IRQHandler             
0000029f  GROUP1_IRQHandler             
0000029f  HardFault_Handler             
0000029f  I2C0_IRQHandler               
0000029f  NMI_Handler                   
0000029f  PendSV_Handler                
0000029f  RTC_IRQHandler                
0000029f  SPI0_IRQHandler               
0000029f  SPI1_IRQHandler               
0000029f  SVC_Handler                   
0000029f  SysTick_Handler               
0000029f  TIMA1_IRQHandler              
0000029f  TIMG0_IRQHandler              
0000029f  TIMG12_IRQHandler             
0000029f  TIMG6_IRQHandler              
0000029f  TIMG8_IRQHandler              
0000029f  UART1_IRQHandler              
0000029f  UART2_IRQHandler              
0000029f  UART3_IRQHandler              
000002a1  I2C_Controller_IRQ            
000003a1  DL_Timer_initTimerMode        
00000489  SYSCFG_DL_GPIO_init           
00000525  SYSCFG_DL_UART_0_init         
00000595  SYSCFG_DL_initPower           
000005f5  DL_I2C_fillControllerTXFIFO   
00000655  SYSCFG_DL_SPI_0_init          
000006b1  getControllerStatus           
00000709  DL_UART_drainRXFIFO           
0000075d  DL_UART_fillTXFIFO            
000007b1  SYSCFG_DL_MCU_I2C_init        
00000805  DL_UART_init                  
0000084d  DL_SPI_init                   
00000891  SYSCFG_DL_SYSCTL_init         
000008d1  SYSCFG_DL_TIMER_0_init        
0000090d  SYSCFG_DL_init                
00000949  __TI_auto_init_nobinit_nopinit
00000985  SYSCFG_DL_TIMER_1_init        
000009bd  Timer_Timeout_IRQ             
000009e7  waitForControllerToIdle       
00000a11  _c_int00_noargs               
00000a39  DL_I2C_setClockConfig         
00000a7d  DL_Timer_setClockConfig       
00000a99  Delay_Timer_IRQ               
00000aaf  __TI_zero_init_nomemset       
00000aff  DL_SPI_setClockConfig         
00000b35  DL_UART_setClockConfig        
00000b49  I2C1_IRQHandler               
00000b59  TIMA0_IRQHandler              
00000b69  TIMG7_IRQHandler              
00000b79  UART0_IRQHandler              
00000b89  DL_Common_delayCycles         
00000b93  main                          
00000b99  Reset_Handler                 
00000b9d  _system_pre_init              
00000ba0  C$$EXIT                       
00000ba1  abort                         
00000bf8  __TI_Handler_Table_Base       
00000bfc  __TI_CINIT_Base               
00000bfc  __TI_Handler_Table_Limit      
00000c04  __TI_CINIT_Limit              
00000c04  __TI_CINIT_Warm               
20200000  __start___llvm_prf_bits       
20200000  __start___llvm_prf_cnts       
20200000  __stop___llvm_prf_bits        
20200000  __stop___llvm_prf_cnts        
20200000  gTIMER_0Backup                
202000bc  USB_UART                      
202000f0  gSPI_0Backup                  
20200118  USB_Timeout                   
2020013c  I2C_MCU                       
2020015c  delay                         
20207e00  __stack                       
20208000  __STACK_END                   
ffffffff  __TI_pprof_out_hndl           
ffffffff  __TI_prof_data_size           
ffffffff  __TI_prof_data_start          
ffffffff  __binit__                     
ffffffff  binit                         
UNDEFED   __mpu_init                    
UNDEFED   _system_post_cinit            

[100 symbols]
