******************************************************************************
            TI ARM Clang Linker PC v4.0.0                      
******************************************************************************
>> Linked Wed Apr 15 18:15:29 2026

OUTPUT FILE NAME:   <main.out>
ENTRY POINT SYMBOL: "_c_int00_noargs"  address: 00001ad9


MEMORY CONFIGURATION

         name            origin    length      used     unused   attr    fill
----------------------  --------  ---------  --------  --------  ----  --------
  FLASH                 00000000   00020000  00001f48  0001e0b8  R  X
  SRAM                  20200000   00008000  00001763  0000689d  RW X
  BCR_CONFIG            41c00000   00000080  00000000  00000080  R   
  BSL_CONFIG            41c00100   00000080  00000000  00000080  R   


SEGMENT ALLOCATION MAP

run origin  load origin   length   init length attrs members
----------  ----------- ---------- ----------- ----- -------
00000000    00000000    00001f48   00001f48    r-x
  00000000    00000000    000000c0   000000c0    r-- .intvecs
  000000c0    000000c0    00001e00   00001e00    r-x .text
  00001ec0    00001ec0    00000048   00000048    r-- .rodata
  00001f08    00001f08    00000040   00000040    r-- .cinit
20200000    20200000    00001563   00000000    rw-
  20200000    20200000    00001553   00000000    rw- .bss
  20201553    20201553    00000010   00000000    rw- .data
20207e00    20207e00    00000200   00000000    rw-
  20207e00    20207e00    00000200   00000000    rw- .stack


SECTION ALLOCATION MAP

 output                                  attributes/
section   page    origin      length       input sections
--------  ----  ----------  ----------   ----------------
.intvecs   0    00000000    000000c0     
                  00000000    000000c0     startup_mspm0g350x_ticlang.o (.intvecs)

.text      0    000000c0    00001e00     
                  000000c0    000001de     MSPM0G_Library.lib : UART_Interface.o (.text.UART_Interface_IRQ)
                  0000029e    00000002     startup_mspm0g350x_ticlang.o (.text.Default_Handler)
                  000002a0    0000017c     MSPM0G_Library.lib : UART_Interface.o (.text.UART_Interface_Initialize)
                  0000041c    00000100                        : Timer_Timeout.o (.text.Timer_Timeout_Inialize)
                  0000051c    000000fe                        : I2C_Controller.o (.text.I2C_Controller_IRQ)
                  0000061a    00000002     libclang_rt.builtins.a : aeabi_div0.c.obj (.text.__aeabi_idiv0)
                  0000061c    000000e8     driverlib.a : dl_timer.o (.text.DL_Timer_initTimerMode)
                  00000704    000000d8     usb.o (.text.process_usb_command)
                  000007dc    000000b2     MSPM0G_Library.lib : SPI_Interface.o (.text.SPI_IRQ)
                  0000088e    000000a4                        : UART_Interface.o (.text.UART_Interface_Start_Transmit)
                  00000932    000000a0                        : UART_Interface.o (.text.UART_Interface_Start_Receive)
                  000009d2    00000002     --HOLE-- [fill = 0]
                  000009d4    0000009c     ti_msp_dl_config.o (.text.SYSCFG_DL_GPIO_init)
                  00000a70    0000009a     libc.a : memcpy16.S.obj (.text:memcpy)
                  00000b0a    00000002     --HOLE-- [fill = 0]
                  00000b0c    00000098     MSPM0G_Library.lib : I2C_Controller.o (.text.I2C_Controller_Initialize)
                  00000ba4    0000007c     libc.a : copy_decompress_lzss.c.obj (.text:decompress:lzss)
                  00000c20    00000078     MSPM0G_Library.lib : UART_Interface.o (.text.UART_rxDMA_Initialize)
                  00000c98    00000074                        : UART_Interface.o (.text.UART_txDMA_Initialize)
                  00000d0c    00000074     adc_mux.o (.text.mux_init_all)
                  00000d80    00000070     ti_msp_dl_config.o (.text.SYSCFG_DL_UART_0_init)
                  00000df0    00000070     MSPM0G_Library.lib : UART_Target.o (.text.UART_Target_Initialize)
                  00000e60    00000070     usb.o (.text.usb_fsm)
                  00000ed0    0000006c     MSPM0G_Library.lib : UART_Target.o (.text.targetRxInProgressCb)
                  00000f3c    00000064                        : UART_Target.o (.text.UART_Target_AssignCallBacks)
                  00000fa0    00000062     libc.a : memset16.S.obj (.text:memset)
                  00001002    00000002     --HOLE-- [fill = 0]
                  00001004    00000060     ti_msp_dl_config.o (.text.SYSCFG_DL_initPower)
                  00001064    00000060     usb.o (.text.usb_init)
                  000010c4    0000005e     driverlib.a : dl_i2c.o (.text.DL_I2C_fillControllerTXFIFO)
                  00001122    00000002     --HOLE-- [fill = 0]
                  00001124    0000005c     ti_msp_dl_config.o (.text.SYSCFG_DL_SPI_0_init)
                  00001180    0000005a     MSPM0G_Library.lib : Timer_Timeout.o (.text.Timer_Timeout_Time_Set)
                  000011da    00000058                        : I2C_Controller.o (.text.getControllerStatus)
                  00001232    00000002     --HOLE-- [fill = 0]
                  00001234    00000054     driverlib.a : dl_uart.o (.text.DL_UART_drainRXFIFO)
                  00001288    00000054                 : dl_uart.o (.text.DL_UART_fillTXFIFO)
                  000012dc    00000054     ti_msp_dl_config.o (.text.SYSCFG_DL_MCU_I2C_init)
                  00001330    0000004c     MSPM0G_Library.lib : UART_Target.o (.text.UART_Target_Receive)
                  0000137c    00000048     driverlib.a : dl_uart.o (.text.DL_UART_init)
                  000013c4    00000044                 : dl_spi.o (.text.DL_SPI_init)
                  00001408    00000040     ti_msp_dl_config.o (.text.SYSCFG_DL_SYSCTL_init)
                  00001448    00000040     libclang_rt.builtins.a : aeabi_uidivmod.S.obj (.text.__aeabi_uidivmod)
                  00001488    0000003c     ti_msp_dl_config.o (.text.SYSCFG_DL_TIMER_0_init)
                  000014c4    0000003c     ti_msp_dl_config.o (.text.SYSCFG_DL_init)
                  00001500    0000003c     MSPM0G_Library.lib : UART_Target.o (.text.UART_Target_Transmit)
                  0000153c    0000003c     libc.a : autoinit.c.obj (.text:__TI_auto_init_nobinit_nopinit)
                  00001578    00000038     MSPM0G_Library.lib : UART_Interface.o (.text.DL_DMA_setTrigger)
                  000015b0    00000038     ti_msp_dl_config.o (.text.SYSCFG_DL_TIMER_1_init)
                  000015e8    00000036     MSPM0G_Library.lib : Timer_Timeout.o (.text.Timer_Timeout_Start)
                  0000161e    00000036                        : UART_Interface.o (.text.UART_Interface_Stop_Receive)
                  00001654    00000034                        : UART_Interface.o (.text.DL_DMA_configMode)
                  00001688    00000034                        : UART_Target.o (.text.timerCallback)
                  000016bc    00000032                        : UART_Interface.o (.text.DL_DMA_setDestWidth)
                  000016ee    00000030                        : UART_Interface.o (.text.DL_DMA_setDestIncrement)
                  0000171e    00000030                        : UART_Interface.o (.text.DL_DMA_setSrcWidth)
                  0000174e    00000002     --HOLE-- [fill = 0]
                  00001750    00000030                        : UART_Interface.o (.text.DL_DMA_setTransferSize)
                  00001780    00000030                        : UART_Target.o (.text.targetRxDoneCb)
                  000017b0    00000030                        : UART_Target.o (.text.targetTxDoneCb)
                  000017e0    0000002e                        : UART_Interface.o (.text.DL_DMA_setSrcIncrement)
                  0000180e    00000002     --HOLE-- [fill = 0]
                  00001810    0000002c                        : I2C_Controller.o (.text.__NVIC_ClearPendingIRQ)
                  0000183c    0000002c                        : Timer_Timeout.o (.text.__NVIC_ClearPendingIRQ)
                  00001868    0000002c                        : UART_Interface.o (.text.__NVIC_ClearPendingIRQ)
                  00001894    0000002c                        : I2C_Controller.o (.text.__NVIC_EnableIRQ)
                  000018c0    0000002c                        : Timer_Timeout.o (.text.__NVIC_EnableIRQ)
                  000018ec    0000002c                        : UART_Interface.o (.text.__NVIC_EnableIRQ)
                  00001918    0000002a                        : Timer_Timeout.o (.text.Timer_Timeout_IRQ)
                  00001942    0000002a                        : Timer_Timeout.o (.text.Timer_Timeout_reStart)
                  0000196c    0000002a                        : I2C_Controller.o (.text.waitForControllerToIdle)
                  00001996    00000028                        : I2C_Controller.o (.text.DL_Common_updateReg)
                  000019be    00000028                        : Timer_Timeout.o (.text.DL_Common_updateReg)
                  000019e6    00000028                        : UART_Interface.o (.text.DL_Common_updateReg)
                  00001a0e    00000002     --HOLE-- [fill = 0]
                  00001a10    00000028                        : UART_Interface.o (.text.DL_DMA_setDestAddr)
                  00001a38    00000028                        : UART_Interface.o (.text.DL_DMA_setSrcAddr)
                  00001a60    00000028                        : I2C_Controller.o (.text.DL_I2C_setControllerRXFIFOThreshold)
                  00001a88    00000028                        : I2C_Controller.o (.text.DL_I2C_setControllerTXFIFOThreshold)
                  00001ab0    00000028                        : UART_Target.o (.text.targetTxInProgressCb)
                  00001ad8    00000028     libc.a : boot_cortex_m.c.obj (.text:_c_int00_noargs)
                  00001b00    00000026     MSPM0G_Library.lib : UART_Interface.o (.text.DL_DMA_disableChannel)
                  00001b26    00000026                        : UART_Interface.o (.text.DL_DMA_enableChannel)
                  00001b4c    00000026     driverlib.a : dl_i2c.o (.text.DL_I2C_setClockConfig)
                  00001b72    00000002     --HOLE-- [fill = 0]
                  00001b74    00000024     control.o (.text.control_init)
                  00001b98    00000024     main.o (.text.main)
                  00001bbc    00000020     MSPM0G_Library.lib : Timer_Timeout.o (.text.DL_Timer_setCounterValueAfterEnable)
                  00001bdc    0000001c                        : I2C_Controller.o (.text.DL_I2C_enableInterrupt)
                  00001bf8    0000001c                        : I2C_Controller.o (.text.DL_I2C_isControllerRXFIFOEmpty)
                  00001c14    0000001c                        : Timer_Timeout.o (.text.DL_Timer_disableInterrupt)
                  00001c30    0000001c                        : Timer_Timeout.o (.text.DL_Timer_enableInterrupt)
                  00001c4c    0000001c     driverlib.a : dl_timer.o (.text.DL_Timer_setClockConfig)
                  00001c68    0000001c     MSPM0G_Library.lib : UART_Target.o (.text.UART_Target_getState)
                  00001c84    00000018                        : Timer_Timeout.o (.text.DL_Timer_clearInterruptStatus)
                  00001c9c    00000018                        : Timer_Timeout.o (.text.DL_Timer_setLoadValue)
                  00001cb4    00000018                        : Timer_Timeout.o (.text.DL_Timer_startCounter)
                  00001ccc    00000018                        : Timer_Timeout.o (.text.DL_Timer_stopCounter)
                  00001ce4    00000018     i2c_common.o (.text.i2c_init)
                  00001cfc    00000016     MSPM0G_Library.lib : SPI_Interface.o (.text.DL_SPI_transmitData16)
                  00001d12    00000016     delay_timer.o (.text.Delay_Timer_IRQ)
                  00001d28    00000014     MSPM0G_Library.lib : I2C_Controller.o (.text.DL_I2C_getControllerStatus)
                  00001d3c    00000014                        : I2C_Controller.o (.text.DL_I2C_receiveControllerData)
                  00001d50    00000014                        : SPI_Interface.o (.text.DL_SPI_receiveData16)
                  00001d64    00000014     app.o (.text.app_init)
                  00001d78    00000012     MSPM0G_Library.lib : I2C_Controller.o (.text.DL_I2C_getPendingInterrupt)
                  00001d8a    00000012                        : SPI_Interface.o (.text.DL_SPI_getPendingInterrupt)
                  00001d9c    00000012     driverlib.a : dl_spi.o (.text.DL_SPI_setClockConfig)
                  00001dae    00000012     MSPM0G_Library.lib : Timer_Timeout.o (.text.DL_Timer_getPendingInterrupt)
                  00001dc0    00000012                        : UART_Interface.o (.text.DL_UART_getPendingInterrupt)
                  00001dd2    00000012     driverlib.a : dl_uart.o (.text.DL_UART_setClockConfig)
                  00001de4    00000012     libc.a : copy_decompress_none.c.obj (.text:decompress:none)
                  00001df6    00000002     --HOLE-- [fill = 0]
                  00001df8    00000010     app.o (.text.I2C1_IRQHandler)
                  00001e08    00000010     app.o (.text.SPI0_IRQHandler)
                  00001e18    00000010     app.o (.text.TIMA0_IRQHandler)
                  00001e28    00000010     app.o (.text.TIMG7_IRQHandler)
                  00001e38    00000010     app.o (.text.UART0_IRQHandler)
                  00001e48    00000010     MSPM0G_Library.lib : UART_Interface.o (.text.defaultUartCallBack)
                  00001e58    00000010                        : UART_Interface.o (.text.defaultUartInprogressCallback)
                  00001e68    00000010     libc.a : copy_zero_init.c.obj (.text:decompress:ZI)
                  00001e78    0000000c     libclang_rt.builtins.a : aeabi_memset.S.obj (.text.__aeabi_memclr)
                  00001e84    0000000c     MSPM0G_Library.lib : Timer_Timeout.o (.text.defaultTimerSingleTriggerCB)
                  00001e90    0000000c                        : I2C_Controller.o (.text.noActionController)
                  00001e9c    0000000a     driverlib.a : dl_common.o (.text.DL_Common_delayCycles)
                  00001ea6    00000002     --HOLE-- [fill = 0]
                  00001ea8    00000008     libclang_rt.builtins.a : aeabi_memcpy.S.obj (.text.__aeabi_memcpy)
                  00001eb0    00000004     startup_mspm0g350x_ticlang.o (.text.Reset_Handler)
                  00001eb4    00000004     libc.a : pre_init.c.obj (.text._system_pre_init)
                  00001eb8    00000004            : exit.c.obj (.text:abort)
                  00001ebc    00000004     --HOLE-- [fill = 0]

.cinit     0    00001f08    00000040     
                  00001f08    00000016     (.cinit..data.load) [load image, compression = lzss]
                  00001f1e    00000002     --HOLE-- [fill = 0]
                  00001f20    0000000c     (__TI_handler_table)
                  00001f2c    00000008     (.cinit..bss.load) [load image, compression = zero_init]
                  00001f34    00000010     (__TI_cinit_table)
                  00001f44    00000004     --HOLE-- [fill = 0]

.rodata    0    00001ec0    00000048     
                  00001ec0    00000014     ti_msp_dl_config.o (.rodata.gTIMER_0TimerConfig)
                  00001ed4    00000014     ti_msp_dl_config.o (.rodata.gTIMER_1TimerConfig)
                  00001ee8    0000000a     ti_msp_dl_config.o (.rodata.gSPI_0_config)
                  00001ef2    0000000a     ti_msp_dl_config.o (.rodata.gUART_0Config)
                  00001efc    00000003     ti_msp_dl_config.o (.rodata.gTIMER_0ClockConfig)
                  00001eff    00000003     ti_msp_dl_config.o (.rodata.gTIMER_1ClockConfig)
                  00001f02    00000002     ti_msp_dl_config.o (.rodata.gMCU_I2CClockConfig)
                  00001f04    00000002     ti_msp_dl_config.o (.rodata.gSPI_0_clockConfig)
                  00001f06    00000002     ti_msp_dl_config.o (.rodata.gUART_0ClockConfig)

.init_array 
*          0    00000000    00000000     UNINITIALIZED

.binit     0    00000000    00000000     

.bss       0    20200000    00001553     UNINITIALIZED
                  20200000    00001364     (.common:USB_DATA)
                  20201364    000000bc     (.common:gTIMER_0Backup)
                  20201420    00000048     (.common:glUartTarget)
                  20201468    00000034     (.common:USB_UART)
                  2020149c    00000028     (.common:gSPI_0Backup)
                  202014c4    00000024     (.common:ADC)
                  202014e8    00000024     (.common:USB_Timeout)
                  2020150c    00000020     (.common:I2C_MCU)
                  2020152c    00000020     (.common:delay)
                  2020154c    00000004     (.common:executing_command)
                  20201550    00000003     (.common:glUartTargetIndexFromTimerIndex)

.data      0    20201553    00000010     UNINITIALIZED
                  20201553    00000010     usb.o (.data.process_usb_command.err_response)

.stack     0    20207e00    00000200     UNINITIALIZED
                  20207e00    00000004     libc.a : boot_cortex_m.c.obj (.stack)
                  20207e04    000001fc     --HOLE--

__llvm_prf_cnts 
*          0    20200000    00000000     UNINITIALIZED

__llvm_prf_bits 
*          0    20200000    00000000     UNINITIALIZED

MODULE SUMMARY

       Module                         code   ro data   rw data
       ------                         ----   -------   -------
    .\
       adc_mux.o                      116    0         5156   
       ti_msp_dl_config.o             780    72        228    
       usb.o                          424    0         16     
       startup_mspm0g350x_ticlang.o   6      192       0      
       app.o                          100    0         0      
       control.o                      36     0         0      
       main.o                         36     0         0      
       i2c_common.o                   24     0         0      
       delay_timer.o                  22     0         0      
    +--+------------------------------+------+---------+---------+
       Total:                         1544   264       5400   
                                                              
    C:/Users/Gowtham CS/Downloads/MSPM0G_Library/MSPM0G_Library/Debug/MSPM0G_Library.lib
       UART_Interface.o               2154   0         0      
       I2C_Controller.o               870    0         0      
       Timer_Timeout.o                826    0         0      
       UART_Target.o                  672    0         75     
       SPI_Interface.o                238    0         0      
    +--+------------------------------+------+---------+---------+
       Total:                         4760   0         75     
                                                              
    C:/ti/mspm0_sdk_2_00_00_03/source/ti/driverlib/lib/ticlang/m0p/mspm0g1x0x_g3x0x/driverlib.a
       dl_timer.o                     260    0         0      
       dl_uart.o                      258    0         0      
       dl_i2c.o                       132    0         0      
       dl_spi.o                       86     0         0      
       dl_common.o                    10     0         0      
    +--+------------------------------+------+---------+---------+
       Total:                         746    0         0      
                                                              
    C:\ti\ccstheia151\ccs\tools\compiler\ti-cgt-armllvm_4.0.0.LTS\lib\armv6m-ti-none-eabi/c/libc.a
       memcpy16.S.obj                 154    0         0      
       copy_decompress_lzss.c.obj     124    0         0      
       memset16.S.obj                 98     0         0      
       autoinit.c.obj                 60     0         0      
       boot_cortex_m.c.obj            40     0         0      
       copy_decompress_none.c.obj     18     0         0      
       copy_zero_init.c.obj           16     0         0      
       exit.c.obj                     4      0         0      
       pre_init.c.obj                 4      0         0      
    +--+------------------------------+------+---------+---------+
       Total:                         518    0         0      
                                                              
    C:\ti\ccstheia151\ccs\tools\compiler\ti-cgt-armllvm_4.0.0.LTS\lib\armv6m-ti-none-eabi/libclang_rt.builtins.a
       aeabi_uidivmod.S.obj           64     0         0      
       aeabi_memset.S.obj             12     0         0      
       aeabi_memcpy.S.obj             8      0         0      
       aeabi_div0.c.obj               2      0         0      
    +--+------------------------------+------+---------+---------+
       Total:                         86     0         0      
                                                              
       Stack:                         0      0         512    
       Linker Generated:              0      58        0      
    +--+------------------------------+------+---------+---------+
       Grand Total:                   7654   322       5987   


LINKER GENERATED COPY TABLES

__TI_cinit_table @ 00001f34 records: 2, size/record: 8, table size: 16
	.data: load addr=00001f08, load size=00000016 bytes, run addr=20201553, run size=00000010 bytes, compression=lzss
	.bss: load addr=00001f2c, load size=00000008 bytes, run addr=20200000, run size=00001553 bytes, compression=zero_init


LINKER GENERATED HANDLER TABLE

__TI_handler_table @ 00001f20 records: 3, size/record: 4, table size: 12
	index: 0, handler: __TI_decompress_lzss
	index: 1, handler: __TI_decompress_none
	index: 2, handler: __TI_zero_init


GLOBAL SYMBOLS: SORTED ALPHABETICALLY BY Name 

address   name                           
-------   ----                           
202014c4  ADC                            
0000029f  ADC0_IRQHandler                
0000029f  ADC1_IRQHandler                
0000029f  AES_IRQHandler                 
00001eb8  C$$EXIT                        
0000029f  CANFD0_IRQHandler              
0000029f  DAC0_IRQHandler                
00001e9d  DL_Common_delayCycles          
000010c5  DL_I2C_fillControllerTXFIFO    
00001b4d  DL_I2C_setClockConfig          
000013c5  DL_SPI_init                    
00001d9d  DL_SPI_setClockConfig          
0000061d  DL_Timer_initTimerMode         
00001c4d  DL_Timer_setClockConfig        
00001235  DL_UART_drainRXFIFO            
00001289  DL_UART_fillTXFIFO             
0000137d  DL_UART_init                   
00001dd3  DL_UART_setClockConfig         
0000029f  DMA_IRQHandler                 
0000029f  Default_Handler                
00001d13  Delay_Timer_IRQ                
0000029f  GROUP0_IRQHandler              
0000029f  GROUP1_IRQHandler              
0000029f  HardFault_Handler              
0000029f  I2C0_IRQHandler                
00001df9  I2C1_IRQHandler                
0000051d  I2C_Controller_IRQ             
00000b0d  I2C_Controller_Initialize      
2020150c  I2C_MCU                        
0000029f  NMI_Handler                    
0000029f  PendSV_Handler                 
0000029f  RTC_IRQHandler                 
00001eb1  Reset_Handler                  
00001e09  SPI0_IRQHandler                
0000029f  SPI1_IRQHandler                
000007dd  SPI_IRQ                        
0000029f  SVC_Handler                    
000009d5  SYSCFG_DL_GPIO_init            
000012dd  SYSCFG_DL_MCU_I2C_init         
00001125  SYSCFG_DL_SPI_0_init           
00001409  SYSCFG_DL_SYSCTL_init          
00001489  SYSCFG_DL_TIMER_0_init         
000015b1  SYSCFG_DL_TIMER_1_init         
00000d81  SYSCFG_DL_UART_0_init          
000014c5  SYSCFG_DL_init                 
00001005  SYSCFG_DL_initPower            
0000029f  SysTick_Handler                
00001e19  TIMA0_IRQHandler               
0000029f  TIMA1_IRQHandler               
0000029f  TIMG0_IRQHandler               
0000029f  TIMG12_IRQHandler              
0000029f  TIMG6_IRQHandler               
00001e29  TIMG7_IRQHandler               
0000029f  TIMG8_IRQHandler               
00001919  Timer_Timeout_IRQ              
0000041d  Timer_Timeout_Inialize         
000015e9  Timer_Timeout_Start            
00001181  Timer_Timeout_Time_Set         
00001943  Timer_Timeout_reStart          
00001e39  UART0_IRQHandler               
0000029f  UART1_IRQHandler               
0000029f  UART2_IRQHandler               
0000029f  UART3_IRQHandler               
000000c1  UART_Interface_IRQ             
000002a1  UART_Interface_Initialize      
00000933  UART_Interface_Start_Receive   
0000088f  UART_Interface_Start_Transmit  
0000161f  UART_Interface_Stop_Receive    
00000f3d  UART_Target_AssignCallBacks    
00000df1  UART_Target_Initialize         
00001331  UART_Target_Receive            
00001501  UART_Target_Transmit           
00001c69  UART_Target_getState           
00000c21  UART_rxDMA_Initialize          
00000c99  UART_txDMA_Initialize          
20200000  USB_DATA                       
202014e8  USB_Timeout                    
20201468  USB_UART                       
20208000  __STACK_END                    
00000200  __STACK_SIZE                   
00000000  __TI_ATRegion0_region_sz       
00000000  __TI_ATRegion0_src_addr        
00000000  __TI_ATRegion0_trg_addr        
00000000  __TI_ATRegion1_region_sz       
00000000  __TI_ATRegion1_src_addr        
00000000  __TI_ATRegion1_trg_addr        
00000000  __TI_ATRegion2_region_sz       
00000000  __TI_ATRegion2_src_addr        
00000000  __TI_ATRegion2_trg_addr        
00001f34  __TI_CINIT_Base                
00001f44  __TI_CINIT_Limit               
00001f44  __TI_CINIT_Warm                
00001f20  __TI_Handler_Table_Base        
00001f2c  __TI_Handler_Table_Limit       
0000153d  __TI_auto_init_nobinit_nopinit 
00000ba5  __TI_decompress_lzss           
00001de5  __TI_decompress_none           
ffffffff  __TI_pprof_out_hndl            
ffffffff  __TI_prof_data_size            
ffffffff  __TI_prof_data_start           
00000000  __TI_static_base__             
00001e69  __TI_zero_init                 
0000061b  __aeabi_idiv0                  
00001e79  __aeabi_memclr                 
00001e79  __aeabi_memclr4                
00001e79  __aeabi_memclr8                
00001ea9  __aeabi_memcpy                 
00001ea9  __aeabi_memcpy4                
00001ea9  __aeabi_memcpy8                
00001449  __aeabi_uidiv                  
00001449  __aeabi_uidivmod               
ffffffff  __binit__                      
UNDEFED   __mpu_init                     
20207e00  __stack                        
20200000  __start___llvm_prf_bits        
20200000  __start___llvm_prf_cnts        
20200000  __stop___llvm_prf_bits         
20200000  __stop___llvm_prf_cnts         
00001ad9  _c_int00_noargs                
UNDEFED   _system_post_cinit             
00001eb5  _system_pre_init               
00001eb9  abort                          
00001d65  app_init                       
ffffffff  binit                          
00001b75  control_init                   
00001e85  defaultTimerSingleTriggerCB    
00001e49  defaultUartCallBack            
00001e59  defaultUartInprogressCallback  
2020152c  delay                          
2020154c  executing_command              
2020149c  gSPI_0Backup                   
20201364  gTIMER_0Backup                 
000011db  getControllerStatus            
20201420  glUartTarget                   
20201550  glUartTargetIndexFromTimerIndex
00001ce5  i2c_init                       
00000000  interruptVectors               
00001b99  main                           
00000a71  memcpy                         
00000fa1  memset                         
00000d0d  mux_init_all                   
00001e91  noActionController             
00000705  process_usb_command            
00001781  targetRxDoneCb                 
00000ed1  targetRxInProgressCb           
000017b1  targetTxDoneCb                 
00001ab1  targetTxInProgressCb           
00001689  timerCallback                  
00000e61  usb_fsm                        
00001065  usb_init                       
0000196d  waitForControllerToIdle        


GLOBAL SYMBOLS: SORTED BY Symbol Address 

address   name                           
-------   ----                           
00000000  __TI_ATRegion0_region_sz       
00000000  __TI_ATRegion0_src_addr        
00000000  __TI_ATRegion0_trg_addr        
00000000  __TI_ATRegion1_region_sz       
00000000  __TI_ATRegion1_src_addr        
00000000  __TI_ATRegion1_trg_addr        
00000000  __TI_ATRegion2_region_sz       
00000000  __TI_ATRegion2_src_addr        
00000000  __TI_ATRegion2_trg_addr        
00000000  __TI_static_base__             
00000000  interruptVectors               
000000c1  UART_Interface_IRQ             
00000200  __STACK_SIZE                   
0000029f  ADC0_IRQHandler                
0000029f  ADC1_IRQHandler                
0000029f  AES_IRQHandler                 
0000029f  CANFD0_IRQHandler              
0000029f  DAC0_IRQHandler                
0000029f  DMA_IRQHandler                 
0000029f  Default_Handler                
0000029f  GROUP0_IRQHandler              
0000029f  GROUP1_IRQHandler              
0000029f  HardFault_Handler              
0000029f  I2C0_IRQHandler                
0000029f  NMI_Handler                    
0000029f  PendSV_Handler                 
0000029f  RTC_IRQHandler                 
0000029f  SPI1_IRQHandler                
0000029f  SVC_Handler                    
0000029f  SysTick_Handler                
0000029f  TIMA1_IRQHandler               
0000029f  TIMG0_IRQHandler               
0000029f  TIMG12_IRQHandler              
0000029f  TIMG6_IRQHandler               
0000029f  TIMG8_IRQHandler               
0000029f  UART1_IRQHandler               
0000029f  UART2_IRQHandler               
0000029f  UART3_IRQHandler               
000002a1  UART_Interface_Initialize      
0000041d  Timer_Timeout_Inialize         
0000051d  I2C_Controller_IRQ             
0000061b  __aeabi_idiv0                  
0000061d  DL_Timer_initTimerMode         
00000705  process_usb_command            
000007dd  SPI_IRQ                        
0000088f  UART_Interface_Start_Transmit  
00000933  UART_Interface_Start_Receive   
000009d5  SYSCFG_DL_GPIO_init            
00000a71  memcpy                         
00000b0d  I2C_Controller_Initialize      
00000ba5  __TI_decompress_lzss           
00000c21  UART_rxDMA_Initialize          
00000c99  UART_txDMA_Initialize          
00000d0d  mux_init_all                   
00000d81  SYSCFG_DL_UART_0_init          
00000df1  UART_Target_Initialize         
00000e61  usb_fsm                        
00000ed1  targetRxInProgressCb           
00000f3d  UART_Target_AssignCallBacks    
00000fa1  memset                         
00001005  SYSCFG_DL_initPower            
00001065  usb_init                       
000010c5  DL_I2C_fillControllerTXFIFO    
00001125  SYSCFG_DL_SPI_0_init           
00001181  Timer_Timeout_Time_Set         
000011db  getControllerStatus            
00001235  DL_UART_drainRXFIFO            
00001289  DL_UART_fillTXFIFO             
000012dd  SYSCFG_DL_MCU_I2C_init         
00001331  UART_Target_Receive            
0000137d  DL_UART_init                   
000013c5  DL_SPI_init                    
00001409  SYSCFG_DL_SYSCTL_init          
00001449  __aeabi_uidiv                  
00001449  __aeabi_uidivmod               
00001489  SYSCFG_DL_TIMER_0_init         
000014c5  SYSCFG_DL_init                 
00001501  UART_Target_Transmit           
0000153d  __TI_auto_init_nobinit_nopinit 
000015b1  SYSCFG_DL_TIMER_1_init         
000015e9  Timer_Timeout_Start            
0000161f  UART_Interface_Stop_Receive    
00001689  timerCallback                  
00001781  targetRxDoneCb                 
000017b1  targetTxDoneCb                 
00001919  Timer_Timeout_IRQ              
00001943  Timer_Timeout_reStart          
0000196d  waitForControllerToIdle        
00001ab1  targetTxInProgressCb           
00001ad9  _c_int00_noargs                
00001b4d  DL_I2C_setClockConfig          
00001b75  control_init                   
00001b99  main                           
00001c4d  DL_Timer_setClockConfig        
00001c69  UART_Target_getState           
00001ce5  i2c_init                       
00001d13  Delay_Timer_IRQ                
00001d65  app_init                       
00001d9d  DL_SPI_setClockConfig          
00001dd3  DL_UART_setClockConfig         
00001de5  __TI_decompress_none           
00001df9  I2C1_IRQHandler                
00001e09  SPI0_IRQHandler                
00001e19  TIMA0_IRQHandler               
00001e29  TIMG7_IRQHandler               
00001e39  UART0_IRQHandler               
00001e49  defaultUartCallBack            
00001e59  defaultUartInprogressCallback  
00001e69  __TI_zero_init                 
00001e79  __aeabi_memclr                 
00001e79  __aeabi_memclr4                
00001e79  __aeabi_memclr8                
00001e85  defaultTimerSingleTriggerCB    
00001e91  noActionController             
00001e9d  DL_Common_delayCycles          
00001ea9  __aeabi_memcpy                 
00001ea9  __aeabi_memcpy4                
00001ea9  __aeabi_memcpy8                
00001eb1  Reset_Handler                  
00001eb5  _system_pre_init               
00001eb8  C$$EXIT                        
00001eb9  abort                          
00001f20  __TI_Handler_Table_Base        
00001f2c  __TI_Handler_Table_Limit       
00001f34  __TI_CINIT_Base                
00001f44  __TI_CINIT_Limit               
00001f44  __TI_CINIT_Warm                
20200000  USB_DATA                       
20200000  __start___llvm_prf_bits        
20200000  __start___llvm_prf_cnts        
20200000  __stop___llvm_prf_bits         
20200000  __stop___llvm_prf_cnts         
20201364  gTIMER_0Backup                 
20201420  glUartTarget                   
20201468  USB_UART                       
2020149c  gSPI_0Backup                   
202014c4  ADC                            
202014e8  USB_Timeout                    
2020150c  I2C_MCU                        
2020152c  delay                          
2020154c  executing_command              
20201550  glUartTargetIndexFromTimerIndex
20207e00  __stack                        
20208000  __STACK_END                    
ffffffff  __TI_pprof_out_hndl            
ffffffff  __TI_prof_data_size            
ffffffff  __TI_prof_data_start           
ffffffff  __binit__                      
ffffffff  binit                          
UNDEFED   __mpu_init                     
UNDEFED   _system_post_cinit             

[151 symbols]
