******************************************************************************
            TI ARM Clang Linker PC v4.0.0                      
******************************************************************************
>> Linked Thu May  7 14:47:11 2026

OUTPUT FILE NAME:   <main.out>
ENTRY POINT SYMBOL: "_c_int00_noargs"  address: 00002f4d


MEMORY CONFIGURATION

         name            origin    length      used     unused   attr    fill
----------------------  --------  ---------  --------  --------  ----  --------
  FLASH                 00000000   00020000  00003688  0001c978  R  X
  SRAM                  20200000   00008000  000017ff  00006801  RW X
  BCR_CONFIG            41c00000   00000080  00000000  00000080  R   
  BSL_CONFIG            41c00100   00000080  00000000  00000080  R   


SEGMENT ALLOCATION MAP

run origin  load origin   length   init length attrs members
----------  ----------- ---------- ----------- ----- -------
00000000    00000000    00003688   00003688    r-x
  00000000    00000000    000000c0   000000c0    r-- .intvecs
  000000c0    000000c0    00003338   00003338    r-x .text
  000033f8    000033f8    00000250   00000250    r-- .rodata
  00003648    00003648    00000040   00000040    r-- .cinit
20200000    20200000    00001600   00000000    rw-
  20200000    20200000    000015eb   00000000    rw- .bss
  202015ec    202015ec    00000014   00000000    rw- .data
20207e00    20207e00    00000200   00000000    rw-
  20207e00    20207e00    00000200   00000000    rw- .stack


SECTION ALLOCATION MAP

 output                                  attributes/
section   page    origin      length       input sections
--------  ----  ----------  ----------   ----------------
.intvecs   0    00000000    000000c0     
                  00000000    000000c0     startup_mspm0g350x_ticlang.o (.intvecs)

.text      0    000000c0    00003338     
                  000000c0    00000324     usb.o (.text.process_usb_command)
                  000003e4    0000024c     i2c_common.o (.text.i2c_common)
                  00000630    0000021c     app.o (.text.cmd_data_setup)
                  0000084c    000001de     MSPM0G_Library.lib : UART_Interface.o (.text.UART_Interface_IRQ)
                  00000a2a    00000002     startup_mspm0g350x_ticlang.o (.text.Default_Handler)
                  00000a2c    0000017c     MSPM0G_Library.lib : UART_Interface.o (.text.UART_Interface_Initialize)
                  00000ba8    00000114     adc_mux.o (.text.mux_select)
                  00000cbc    00000110     command_function.o (.text.apply_voltage)
                  00000dcc    00000100     MSPM0G_Library.lib : Timer_Timeout.o (.text.Timer_Timeout_Inialize)
                  00000ecc    000000fe                        : I2C_Controller.o (.text.I2C_Controller_IRQ)
                  00000fca    00000002     libclang_rt.builtins.a : aeabi_div0.c.obj (.text.__aeabi_idiv0)
                  00000fcc    000000fc     command_function.o (.text.power_supply_3v3_1_site_0)
                  000010c8    000000e8     driverlib.a : dl_timer.o (.text.DL_Timer_initTimerMode)
                  000011b0    000000cc     command_function.o (.text.power_supply_2v7_1_site_0)
                  0000127c    000000c8     delay_timer.o (.text.Delay_Timer_Initialize)
                  00001344    000000c8     command_function.o (.text.set_voltage_handler)
                  0000140c    000000b2     MSPM0G_Library.lib : SPI_Interface.o (.text.SPI_IRQ)
                  000014be    00000002     --HOLE-- [fill = 0]
                  000014c0    000000b0     command_function.o (.text.ldo_power_on_site_0)
                  00001570    000000b0     command_function.o (.text.power_supply_2v7_2_site_0)
                  00001620    000000a4     MSPM0G_Library.lib : UART_Interface.o (.text.UART_Interface_Start_Transmit)
                  000016c4    000000a0                        : UART_Interface.o (.text.UART_Interface_Start_Receive)
                  00001764    0000009e     usb.o (.text.usb_cmd_data_setup)
                  00001802    00000002     --HOLE-- [fill = 0]
                  00001804    0000009c     ti_msp_dl_config.o (.text.SYSCFG_DL_GPIO_init)
                  000018a0    0000009a     libc.a : memcpy16.S.obj (.text:memcpy)
                  0000193a    00000002     --HOLE-- [fill = 0]
                  0000193c    00000098     MSPM0G_Library.lib : I2C_Controller.o (.text.I2C_Controller_Initialize)
                  000019d4    00000094     command_function.o (.text.voltage_current_measurement_site_on)
                  00001a68    00000088     MSPM0G_Library.lib : SPI_Interface.o (.text.SPI_Initialize)
                  00001af0    00000088     command_function.o (.text.read_mux_adc)
                  00001b78    00000088     usb.o (.text.usb_fsm)
                  00001c00    0000007c     command_function.o (.text.power_supply_3v3_2_site_0)
                  00001c7c    0000007c     libc.a : copy_decompress_lzss.c.obj (.text:decompress:lzss)
                  00001cf8    00000078     MSPM0G_Library.lib : UART_Interface.o (.text.UART_rxDMA_Initialize)
                  00001d70    00000078     command_function.o (.text.turn_off_all)
                  00001de8    00000076     MSPM0G_Library.lib : SPI_Interface.o (.text.SPI_Transact)
                  00001e5e    00000074                        : UART_Interface.o (.text.UART_txDMA_Initialize)
                  00001ed2    00000002     --HOLE-- [fill = 0]
                  00001ed4    00000074     adc_mux.o (.text.mux_init_all)
                  00001f48    00000070     spi.o (.text.ADC122S625_Read)
                  00001fb8    00000070     MSPM0G_Library.lib : I2C_Controller.o (.text.I2C_Controller_Start_Transmit)
                  00002028    00000070     ti_msp_dl_config.o (.text.SYSCFG_DL_UART_0_init)
                  00002098    00000070     MSPM0G_Library.lib : UART_Target.o (.text.UART_Target_Initialize)
                  00002108    0000006c                        : UART_Target.o (.text.targetRxInProgressCb)
                  00002174    00000064                        : UART_Target.o (.text.UART_Target_AssignCallBacks)
                  000021d8    00000062     libc.a : memset16.S.obj (.text:memset)
                  0000223a    00000002     --HOLE-- [fill = 0]
                  0000223c    00000060     ti_msp_dl_config.o (.text.SYSCFG_DL_initPower)
                  0000229c    00000060     usb.o (.text.usb_init)
                  000022fc    0000005e     driverlib.a : dl_i2c.o (.text.DL_I2C_fillControllerTXFIFO)
                  0000235a    00000002     --HOLE-- [fill = 0]
                  0000235c    0000005c     ti_msp_dl_config.o (.text.SYSCFG_DL_SPI_0_init)
                  000023b8    0000005a     MSPM0G_Library.lib : Timer_Timeout.o (.text.Timer_Timeout_Time_Set)
                  00002412    00000058                        : I2C_Controller.o (.text.getControllerStatus)
                  0000246a    00000002     --HOLE-- [fill = 0]
                  0000246c    00000054     driverlib.a : dl_spi.o (.text.DL_SPI_drainRXFIFO16)
                  000024c0    00000054                 : dl_uart.o (.text.DL_UART_drainRXFIFO)
                  00002514    00000054                 : dl_uart.o (.text.DL_UART_fillTXFIFO)
                  00002568    00000054     ti_msp_dl_config.o (.text.SYSCFG_DL_MCU_I2C_init)
                  000025bc    00000054     command_function.o (.text.switch_voltage_press_site_0)
                  00002610    00000050     MSPM0G_Library.lib : I2C_Controller.o (.text.DL_I2C_startControllerTransfer)
                  00002660    0000004c                        : UART_Target.o (.text.UART_Target_Receive)
                  000026ac    00000048     driverlib.a : dl_uart.o (.text.DL_UART_init)
                  000026f4    00000046     MSPM0G_Library.lib : I2C_Controller.o (.text.I2C_Controller_Start_Receive)
                  0000273a    00000002     --HOLE-- [fill = 0]
                  0000273c    00000044     driverlib.a : dl_spi.o (.text.DL_SPI_init)
                  00002780    00000044     ti_msp_dl_config.o (.text.SYSCFG_DL_init)
                  000027c4    00000040     ti_msp_dl_config.o (.text.SYSCFG_DL_SYSCTL_init)
                  00002804    00000040     libclang_rt.builtins.a : aeabi_uidivmod.S.obj (.text.__aeabi_uidivmod)
                  00002844    0000003c     driverlib.a : dl_i2c.o (.text.DL_I2C_flushTargetTXFIFO)
                  00002880    0000003c     ti_msp_dl_config.o (.text.SYSCFG_DL_TIMER_0_init)
                  000028bc    0000003c     MSPM0G_Library.lib : UART_Target.o (.text.UART_Target_Transmit)
                  000028f8    0000003c     libc.a : autoinit.c.obj (.text:__TI_auto_init_nobinit_nopinit)
                  00002934    00000038     MSPM0G_Library.lib : UART_Interface.o (.text.DL_DMA_setTrigger)
                  0000296c    00000038     ti_msp_dl_config.o (.text.SYSCFG_DL_TIMER_1_init)
                  000029a4    00000036     MSPM0G_Library.lib : Timer_Timeout.o (.text.Timer_Timeout_Start)
                  000029da    00000036                        : UART_Interface.o (.text.UART_Interface_Stop_Receive)
                  00002a10    00000034                        : UART_Interface.o (.text.DL_DMA_configMode)
                  00002a44    00000034     app.o (.text.app_init)
                  00002a78    00000034     MSPM0G_Library.lib : UART_Target.o (.text.timerCallback)
                  00002aac    00000032                        : UART_Interface.o (.text.DL_DMA_setDestWidth)
                  00002ade    00000030                        : UART_Interface.o (.text.DL_DMA_setDestIncrement)
                  00002b0e    00000030                        : UART_Interface.o (.text.DL_DMA_setSrcWidth)
                  00002b3e    00000002     --HOLE-- [fill = 0]
                  00002b40    00000030                        : UART_Interface.o (.text.DL_DMA_setTransferSize)
                  00002b70    00000030                        : UART_Target.o (.text.targetRxDoneCb)
                  00002ba0    00000030                        : UART_Target.o (.text.targetTxDoneCb)
                  00002bd0    0000002e                        : UART_Interface.o (.text.DL_DMA_setSrcIncrement)
                  00002bfe    00000002     --HOLE-- [fill = 0]
                  00002c00    0000002c     delay_timer.o (.text.Delay_Timer_Start)
                  00002c2c    0000002c     MSPM0G_Library.lib : I2C_Controller.o (.text.__NVIC_ClearPendingIRQ)
                  00002c58    0000002c                        : SPI_Interface.o (.text.__NVIC_ClearPendingIRQ)
                  00002c84    0000002c                        : Timer_Timeout.o (.text.__NVIC_ClearPendingIRQ)
                  00002cb0    0000002c                        : UART_Interface.o (.text.__NVIC_ClearPendingIRQ)
                  00002cdc    0000002c                        : I2C_Controller.o (.text.__NVIC_EnableIRQ)
                  00002d08    0000002c                        : SPI_Interface.o (.text.__NVIC_EnableIRQ)
                  00002d34    0000002c                        : Timer_Timeout.o (.text.__NVIC_EnableIRQ)
                  00002d60    0000002c                        : UART_Interface.o (.text.__NVIC_EnableIRQ)
                  00002d8c    0000002a                        : Timer_Timeout.o (.text.Timer_Timeout_IRQ)
                  00002db6    0000002a                        : Timer_Timeout.o (.text.Timer_Timeout_reStart)
                  00002de0    0000002a                        : I2C_Controller.o (.text.waitForControllerToIdle)
                  00002e0a    00000028                        : I2C_Controller.o (.text.DL_Common_updateReg)
                  00002e32    00000028                        : Timer_Timeout.o (.text.DL_Common_updateReg)
                  00002e5a    00000028                        : UART_Interface.o (.text.DL_Common_updateReg)
                  00002e82    00000002     --HOLE-- [fill = 0]
                  00002e84    00000028                        : UART_Interface.o (.text.DL_DMA_setDestAddr)
                  00002eac    00000028                        : UART_Interface.o (.text.DL_DMA_setSrcAddr)
                  00002ed4    00000028                        : I2C_Controller.o (.text.DL_I2C_setControllerRXFIFOThreshold)
                  00002efc    00000028                        : I2C_Controller.o (.text.DL_I2C_setControllerTXFIFOThreshold)
                  00002f24    00000028                        : UART_Target.o (.text.targetTxInProgressCb)
                  00002f4c    00000028     libc.a : boot_cortex_m.c.obj (.text:_c_int00_noargs)
                  00002f74    00000026     MSPM0G_Library.lib : UART_Interface.o (.text.DL_DMA_disableChannel)
                  00002f9a    00000026                        : UART_Interface.o (.text.DL_DMA_enableChannel)
                  00002fc0    00000026     driverlib.a : dl_i2c.o (.text.DL_I2C_setClockConfig)
                  00002fe6    00000002     --HOLE-- [fill = 0]
                  00002fe8    00000024     control.o (.text.control_init)
                  0000300c    00000024     main.o (.text.main)
                  00003030    00000020     MSPM0G_Library.lib : Timer_Timeout.o (.text.DL_Timer_setCounterValueAfterEnable)
                  00003050    0000001c                        : I2C_Controller.o (.text.DL_I2C_enableInterrupt)
                  0000306c    0000001c                        : I2C_Controller.o (.text.DL_I2C_isControllerRXFIFOEmpty)
                  00003088    0000001c                        : Timer_Timeout.o (.text.DL_Timer_disableInterrupt)
                  000030a4    0000001c                        : Timer_Timeout.o (.text.DL_Timer_enableInterrupt)
                  000030c0    0000001c     driverlib.a : dl_timer.o (.text.DL_Timer_setClockConfig)
                  000030dc    0000001c     MSPM0G_Library.lib : UART_Target.o (.text.UART_Target_getState)
                  000030f8    00000018                        : Timer_Timeout.o (.text.DL_Timer_clearInterruptStatus)
                  00003110    00000018                        : Timer_Timeout.o (.text.DL_Timer_setLoadValue)
                  00003128    00000018                        : Timer_Timeout.o (.text.DL_Timer_startCounter)
                  00003140    00000018                        : Timer_Timeout.o (.text.DL_Timer_stopCounter)
                  00003158    00000018     i2c_common.o (.text.i2c_init)
                  00003170    00000018     spi.o (.text.spi_init)
                  00003188    00000016     MSPM0G_Library.lib : SPI_Interface.o (.text.DL_SPI_transmitData16)
                  0000319e    00000016     delay_timer.o (.text.Delay_Timer_IRQ)
                  000031b4    00000014     MSPM0G_Library.lib : I2C_Controller.o (.text.DL_I2C_getControllerStatus)
                  000031c8    00000014                        : I2C_Controller.o (.text.DL_I2C_receiveControllerData)
                  000031dc    00000014                        : SPI_Interface.o (.text.DL_SPI_receiveData16)
                  000031f0    00000012                        : I2C_Controller.o (.text.DL_I2C_getPendingInterrupt)
                  00003202    00000012                        : SPI_Interface.o (.text.DL_SPI_getPendingInterrupt)
                  00003214    00000012     driverlib.a : dl_spi.o (.text.DL_SPI_setClockConfig)
                  00003226    00000012     MSPM0G_Library.lib : Timer_Timeout.o (.text.DL_Timer_getPendingInterrupt)
                  00003238    00000012                        : UART_Interface.o (.text.DL_UART_getPendingInterrupt)
                  0000324a    00000012     driverlib.a : dl_uart.o (.text.DL_UART_setClockConfig)
                  0000325c    00000012     delay_timer.o (.text.Delay_Timer_Get)
                  0000326e    00000012     libc.a : copy_decompress_none.c.obj (.text:decompress:none)
                  00003280    00000010     app.o (.text.I2C1_IRQHandler)
                  00003290    00000010     MSPM0G_Library.lib : I2C_Controller.o (.text.I2C_Controller_Transaction_Done)
                  000032a0    00000010     app.o (.text.SPI0_IRQHandler)
                  000032b0    00000010     app.o (.text.TIMA0_IRQHandler)
                  000032c0    00000010     app.o (.text.TIMG7_IRQHandler)
                  000032d0    00000010     app.o (.text.UART0_IRQHandler)
                  000032e0    00000010     MSPM0G_Library.lib : UART_Interface.o (.text.defaultUartCallBack)
                  000032f0    00000010                        : UART_Interface.o (.text.defaultUartInprogressCallback)
                  00003300    00000010     adc_mux.o (.text.mux_disable_all)
                  00003310    00000010     libc.a : copy_zero_init.c.obj (.text:decompress:ZI)
                  00003320    0000000c     libclang_rt.builtins.a : aeabi_memset.S.obj (.text.__aeabi_memclr)
                  0000332c    0000000c     command_function.o (.text.battery_voltage_check_site_0)
                  00003338    0000000c     MSPM0G_Library.lib : Timer_Timeout.o (.text.defaultTimerSingleTriggerCB)
                  00003344    0000000c     command_function.o (.text.led_status_voltage_0_0_site_0)
                  00003350    0000000c     command_function.o (.text.led_status_voltage_0_1_site_0)
                  0000335c    0000000c     command_function.o (.text.led_status_voltage_1_0_site_0)
                  00003368    0000000c     command_function.o (.text.led_status_voltage_1_site_0)
                  00003374    0000000c     command_function.o (.text.led_status_voltage_2_0_site_0)
                  00003380    0000000c     command_function.o (.text.led_status_voltage_2_site_0)
                  0000338c    0000000c     command_function.o (.text.led_status_voltage_3_site_0)
                  00003398    0000000c     MSPM0G_Library.lib : I2C_Controller.o (.text.noActionController)
                  000033a4    0000000c                        : SPI_Interface.o (.text.noActionSPIInterface)
                  000033b0    0000000c     control.o (.text.switch_off)
                  000033bc    0000000c     control.o (.text.switch_on)
                  000033c8    0000000c     command_function.o (.text.switch_voltage_default_site_0)
                  000033d4    0000000a     driverlib.a : dl_common.o (.text.DL_Common_delayCycles)
                  000033de    00000002     --HOLE-- [fill = 0]
                  000033e0    00000008     libclang_rt.builtins.a : aeabi_memcpy.S.obj (.text.__aeabi_memcpy)
                  000033e8    00000004     startup_mspm0g350x_ticlang.o (.text.Reset_Handler)
                  000033ec    00000004     libc.a : pre_init.c.obj (.text._system_pre_init)
                  000033f0    00000004            : exit.c.obj (.text:abort)
                  000033f4    00000004     --HOLE-- [fill = 0]

.cinit     0    00003648    00000040     
                  00003648    00000018     (.cinit..data.load) [load image, compression = lzss]
                  00003660    0000000c     (__TI_handler_table)
                  0000366c    00000008     (.cinit..bss.load) [load image, compression = zero_init]
                  00003674    00000010     (__TI_cinit_table)
                  00003684    00000004     --HOLE-- [fill = 0]

.rodata    0    000033f8    00000250     
                  000033f8    00000018     app.o (.rodata.str1.147366942764206254111)
                  00003410    00000018     app.o (.rodata.str1.21849889636613714601)
                  00003428    00000018     app.o (.rodata.str1.61371923034458905691)
                  00003440    00000018     app.o (.rodata.str1.97381019797524027191)
                  00003458    00000017     app.o (.rodata.str1.112458129122677307381)
                  0000346f    00000017     app.o (.rodata.str1.149615729164433715791)
                  00003486    00000017     app.o (.rodata.str1.157211581842481736451)
                  0000349d    00000017     app.o (.rodata.str1.180651896935739422851)
                  000034b4    00000017     app.o (.rodata.str1.59354850965935802921)
                  000034cb    00000017     app.o (.rodata.str1.89171471831847724281)
                  000034e2    00000017     app.o (.rodata.str1.91024950347392736991)
                  000034f9    00000016     app.o (.rodata.str1.181698742966647900341)
                  0000350f    00000016     app.o (.rodata.str1.91830950864718940761)
                  00003525    00000015     app.o (.rodata.str1.115467379878751397891)
                  0000353a    00000015     app.o (.rodata.str1.35400907796042165521)
                  0000354f    00000015     app.o (.rodata.str1.9803400861254684601)
                  00003564    00000014     ti_msp_dl_config.o (.rodata.gTIMER_0TimerConfig)
                  00003578    00000014     ti_msp_dl_config.o (.rodata.gTIMER_1TimerConfig)
                  0000358c    00000012     command_function.o (.rodata.str1.173872204333794641154)
                  0000359e    00000002     ti_msp_dl_config.o (.rodata.gMCU_I2CClockConfig)
                  000035a0    00000011     command_function.o (.rodata.str1.156071013243755053984)
                  000035b1    00000011     app.o (.rodata.str1.169018093591132782251)
                  000035c2    00000011     app.o (.rodata.str1.23565378285222219201)
                  000035d3    00000011     command_function.o (.rodata.str1.37878251672306965531)
                  000035e4    00000011     app.o (.rodata.str1.62060578946142115471)
                  000035f5    0000000f     app.o (.rodata.str1.51777625432436005601)
                  00003604    0000000e     app.o (.rodata.str1.167043980239712816831)
                  00003612    0000000c     app.o (.rodata.str1.160232246398851686891)
                  0000361e    0000000a     ti_msp_dl_config.o (.rodata.gSPI_0_config)
                  00003628    0000000a     ti_msp_dl_config.o (.rodata.gUART_0Config)
                  00003632    00000006     app.o (.rodata.str1.120923545808373986691)
                  00003638    00000003     ti_msp_dl_config.o (.rodata.gTIMER_0ClockConfig)
                  0000363b    00000003     ti_msp_dl_config.o (.rodata.gTIMER_1ClockConfig)
                  0000363e    00000003     app.o (.rodata.str1.144966739553529159871)
                  00003641    00000002     ti_msp_dl_config.o (.rodata.gSPI_0_clockConfig)
                  00003643    00000002     ti_msp_dl_config.o (.rodata.gUART_0ClockConfig)
                  00003645    00000003     --HOLE-- [fill = 0]

.init_array 
*          0    00000000    00000000     UNINITIALIZED

.binit     0    00000000    00000000     

.bss       0    20200000    000015eb     UNINITIALIZED
                  20200000    00001364     (.common:USB_DATA)
                  20201364    000000bc     (.common:gTIMER_0Backup)
                  20201420    00000078     (.common:gTIMER_1Backup)
                  20201498    00000048     (.common:glUartTarget)
                  202014e0    00000034     (.common:USB_UART)
                  20201514    00000028     (.common:gSPI_0Backup)
                  2020153c    00000024     (.common:ADC)
                  20201560    00000024     (.common:USB_Timeout)
                  20201584    00000020     (.common:I2C_MCU)
                  202015a4    00000020     (.common:delay)
                  202015c4    00000010     i2c_common.o (.bss.tx_buffer)
                  202015d4    00000010     i2c_common.o (.bss.verify_data)
                  202015e4    00000004     (.common:executing_command)
                  202015e8    00000003     (.common:glUartTargetIndexFromTimerIndex)

.data      0    202015ec    00000014     UNINITIALIZED
                  202015ec    00000010     usb.o (.data.process_usb_command.err_response)
                  202015fc    00000004     command_function.o (.data.return_data)

.stack     0    20207e00    00000200     UNINITIALIZED
                  20207e00    00000004     libc.a : boot_cortex_m.c.obj (.stack)
                  20207e04    000001fc     --HOLE--

__llvm_prf_cnts 
*          0    20200000    00000000     UNINITIALIZED

__llvm_prf_bits 
*          0    20200000    00000000     UNINITIALIZED

MODULE SUMMARY

       Module                         code    ro data   rw data
       ------                         ----    -------   -------
    .\
       adc_mux.o                      408     0         5156   
       command_function.o             2000    52        4      
       usb.o                          1194    0         16     
       ti_msp_dl_config.o             788     72        348    
       app.o                          672     465       0      
       i2c_common.o                   612     0         32     
       delay_timer.o                  284     0         0      
       startup_mspm0g350x_ticlang.o   6       192       0      
       spi.o                          136     0         0      
       control.o                      60      0         0      
       main.o                         36      0         0      
    +--+------------------------------+-------+---------+---------+
       Total:                         6196    781       5556   
                                                               
    C:/Users/Gowtham CS/Downloads/MSPM0G_Library/MSPM0G_Library/Debug/MSPM0G_Library.lib
       UART_Interface.o               2154    0         0      
       I2C_Controller.o               1148    0         0      
       Timer_Timeout.o                826     0         0      
       UART_Target.o                  672     0         75     
       SPI_Interface.o                592     0         0      
    +--+------------------------------+-------+---------+---------+
       Total:                         5392    0         75     
                                                               
    C:/ti/mspm0_sdk_2_00_00_03/source/ti/driverlib/lib/ticlang/m0p/mspm0g1x0x_g3x0x/driverlib.a
       dl_timer.o                     260     0         0      
       dl_uart.o                      258     0         0      
       dl_i2c.o                       192     0         0      
       dl_spi.o                       170     0         0      
       dl_common.o                    10      0         0      
    +--+------------------------------+-------+---------+---------+
       Total:                         890     0         0      
                                                               
    C:\ti\ccstheia151\ccs\tools\compiler\ti-cgt-armllvm_4.0.0.LTS\lib\armv6m-ti-none-eabi/c/libc.a
       memcpy16.S.obj                 154     0         0      
       copy_decompress_lzss.c.obj     124     0         0      
       memset16.S.obj                 98      0         0      
       autoinit.c.obj                 60      0         0      
       boot_cortex_m.c.obj            40      0         0      
       copy_decompress_none.c.obj     18      0         0      
       copy_zero_init.c.obj           16      0         0      
       exit.c.obj                     4       0         0      
       pre_init.c.obj                 4       0         0      
    +--+------------------------------+-------+---------+---------+
       Total:                         518     0         0      
                                                               
    C:\ti\ccstheia151\ccs\tools\compiler\ti-cgt-armllvm_4.0.0.LTS\lib\armv6m-ti-none-eabi/libclang_rt.builtins.a
       aeabi_uidivmod.S.obj           64      0         0      
       aeabi_memset.S.obj             12      0         0      
       aeabi_memcpy.S.obj             8       0         0      
       aeabi_div0.c.obj               2       0         0      
    +--+------------------------------+-------+---------+---------+
       Total:                         86      0         0      
                                                               
       Stack:                         0       0         512    
       Linker Generated:              0       60        0      
    +--+------------------------------+-------+---------+---------+
       Grand Total:                   13082   841       6143   


LINKER GENERATED COPY TABLES

__TI_cinit_table @ 00003674 records: 2, size/record: 8, table size: 16
	.data: load addr=00003648, load size=00000018 bytes, run addr=202015ec, run size=00000014 bytes, compression=lzss
	.bss: load addr=0000366c, load size=00000008 bytes, run addr=20200000, run size=000015eb bytes, compression=zero_init


LINKER GENERATED HANDLER TABLE

__TI_handler_table @ 00003660 records: 3, size/record: 4, table size: 12
	index: 0, handler: __TI_decompress_lzss
	index: 1, handler: __TI_decompress_none
	index: 2, handler: __TI_zero_init


GLOBAL SYMBOLS: SORTED ALPHABETICALLY BY Name 

address   name                               
-------   ----                               
2020153c  ADC                                
00000a2b  ADC0_IRQHandler                    
00001f49  ADC122S625_Read                    
00000a2b  ADC1_IRQHandler                    
00000a2b  AES_IRQHandler                     
000033f0  C$$EXIT                            
00000a2b  CANFD0_IRQHandler                  
00000a2b  DAC0_IRQHandler                    
000033d5  DL_Common_delayCycles              
000022fd  DL_I2C_fillControllerTXFIFO        
00002845  DL_I2C_flushTargetTXFIFO           
00002fc1  DL_I2C_setClockConfig              
0000246d  DL_SPI_drainRXFIFO16               
0000273d  DL_SPI_init                        
00003215  DL_SPI_setClockConfig              
000010c9  DL_Timer_initTimerMode             
000030c1  DL_Timer_setClockConfig            
000024c1  DL_UART_drainRXFIFO                
00002515  DL_UART_fillTXFIFO                 
000026ad  DL_UART_init                       
0000324b  DL_UART_setClockConfig             
00000a2b  DMA_IRQHandler                     
00000a2b  Default_Handler                    
0000325d  Delay_Timer_Get                    
0000319f  Delay_Timer_IRQ                    
0000127d  Delay_Timer_Initialize             
00002c01  Delay_Timer_Start                  
00000a2b  GROUP0_IRQHandler                  
00000a2b  GROUP1_IRQHandler                  
00000a2b  HardFault_Handler                  
00000a2b  I2C0_IRQHandler                    
00003281  I2C1_IRQHandler                    
00000ecd  I2C_Controller_IRQ                 
0000193d  I2C_Controller_Initialize          
000026f5  I2C_Controller_Start_Receive       
00001fb9  I2C_Controller_Start_Transmit      
00003291  I2C_Controller_Transaction_Done    
20201584  I2C_MCU                            
00000a2b  NMI_Handler                        
00000a2b  PendSV_Handler                     
00000a2b  RTC_IRQHandler                     
000033e9  Reset_Handler                      
000032a1  SPI0_IRQHandler                    
00000a2b  SPI1_IRQHandler                    
0000140d  SPI_IRQ                            
00001a69  SPI_Initialize                     
00001de9  SPI_Transact                       
00000a2b  SVC_Handler                        
00001805  SYSCFG_DL_GPIO_init                
00002569  SYSCFG_DL_MCU_I2C_init             
0000235d  SYSCFG_DL_SPI_0_init               
000027c5  SYSCFG_DL_SYSCTL_init              
00002881  SYSCFG_DL_TIMER_0_init             
0000296d  SYSCFG_DL_TIMER_1_init             
00002029  SYSCFG_DL_UART_0_init              
00002781  SYSCFG_DL_init                     
0000223d  SYSCFG_DL_initPower                
00000a2b  SysTick_Handler                    
000032b1  TIMA0_IRQHandler                   
00000a2b  TIMA1_IRQHandler                   
00000a2b  TIMG0_IRQHandler                   
00000a2b  TIMG12_IRQHandler                  
00000a2b  TIMG6_IRQHandler                   
000032c1  TIMG7_IRQHandler                   
00000a2b  TIMG8_IRQHandler                   
00002d8d  Timer_Timeout_IRQ                  
00000dcd  Timer_Timeout_Inialize             
000029a5  Timer_Timeout_Start                
000023b9  Timer_Timeout_Time_Set             
00002db7  Timer_Timeout_reStart              
000032d1  UART0_IRQHandler                   
00000a2b  UART1_IRQHandler                   
00000a2b  UART2_IRQHandler                   
00000a2b  UART3_IRQHandler                   
0000084d  UART_Interface_IRQ                 
00000a2d  UART_Interface_Initialize          
000016c5  UART_Interface_Start_Receive       
00001621  UART_Interface_Start_Transmit      
000029db  UART_Interface_Stop_Receive        
00002175  UART_Target_AssignCallBacks        
00002099  UART_Target_Initialize             
00002661  UART_Target_Receive                
000028bd  UART_Target_Transmit               
000030dd  UART_Target_getState               
00001cf9  UART_rxDMA_Initialize              
00001e5f  UART_txDMA_Initialize              
20200000  USB_DATA                           
20201560  USB_Timeout                        
202014e0  USB_UART                           
20208000  __STACK_END                        
00000200  __STACK_SIZE                       
00000000  __TI_ATRegion0_region_sz           
00000000  __TI_ATRegion0_src_addr            
00000000  __TI_ATRegion0_trg_addr            
00000000  __TI_ATRegion1_region_sz           
00000000  __TI_ATRegion1_src_addr            
00000000  __TI_ATRegion1_trg_addr            
00000000  __TI_ATRegion2_region_sz           
00000000  __TI_ATRegion2_src_addr            
00000000  __TI_ATRegion2_trg_addr            
00003674  __TI_CINIT_Base                    
00003684  __TI_CINIT_Limit                   
00003684  __TI_CINIT_Warm                    
00003660  __TI_Handler_Table_Base            
0000366c  __TI_Handler_Table_Limit           
000028f9  __TI_auto_init_nobinit_nopinit     
00001c7d  __TI_decompress_lzss               
0000326f  __TI_decompress_none               
ffffffff  __TI_pprof_out_hndl                
ffffffff  __TI_prof_data_size                
ffffffff  __TI_prof_data_start               
00000000  __TI_static_base__                 
00003311  __TI_zero_init                     
00000fcb  __aeabi_idiv0                      
00003321  __aeabi_memclr                     
00003321  __aeabi_memclr4                    
00003321  __aeabi_memclr8                    
000033e1  __aeabi_memcpy                     
000033e1  __aeabi_memcpy4                    
000033e1  __aeabi_memcpy8                    
00002805  __aeabi_uidiv                      
00002805  __aeabi_uidivmod                   
ffffffff  __binit__                          
UNDEFED   __mpu_init                         
20207e00  __stack                            
20200000  __start___llvm_prf_bits            
20200000  __start___llvm_prf_cnts            
20200000  __stop___llvm_prf_bits             
20200000  __stop___llvm_prf_cnts             
00002f4d  _c_int00_noargs                    
UNDEFED   _system_post_cinit                 
000033ed  _system_pre_init                   
000033f1  abort                              
00002a45  app_init                           
00000cbd  apply_voltage                      
0000332d  battery_voltage_check_site_0       
ffffffff  binit                              
00000631  cmd_data_setup                     
00002fe9  control_init                       
00003339  defaultTimerSingleTriggerCB        
000032e1  defaultUartCallBack                
000032f1  defaultUartInprogressCallback      
202015a4  delay                              
202015e4  executing_command                  
20201514  gSPI_0Backup                       
20201364  gTIMER_0Backup                     
20201420  gTIMER_1Backup                     
00002413  getControllerStatus                
20201498  glUartTarget                       
202015e8  glUartTargetIndexFromTimerIndex    
000003e5  i2c_common                         
00003159  i2c_init                           
00000000  interruptVectors                   
000014c1  ldo_power_on_site_0                
00003345  led_status_voltage_0_0_site_0      
00003351  led_status_voltage_0_1_site_0      
0000335d  led_status_voltage_1_0_site_0      
00003369  led_status_voltage_1_site_0        
00003375  led_status_voltage_2_0_site_0      
00003381  led_status_voltage_2_site_0        
0000338d  led_status_voltage_3_site_0        
0000300d  main                               
000018a1  memcpy                             
000021d9  memset                             
00003301  mux_disable_all                    
00001ed5  mux_init_all                       
00000ba9  mux_select                         
00003399  noActionController                 
000033a5  noActionSPIInterface               
000011b1  power_supply_2v7_1_site_0          
00001571  power_supply_2v7_2_site_0          
00000fcd  power_supply_3v3_1_site_0          
00001c01  power_supply_3v3_2_site_0          
000000c1  process_usb_command                
00001345  set_voltage_handler                
00003171  spi_init                           
000033b1  switch_off                         
000033bd  switch_on                          
000033c9  switch_voltage_default_site_0      
000025bd  switch_voltage_press_site_0        
00002b71  targetRxDoneCb                     
00002109  targetRxInProgressCb               
00002ba1  targetTxDoneCb                     
00002f25  targetTxInProgressCb               
00002a79  timerCallback                      
00001d71  turn_off_all                       
00001765  usb_cmd_data_setup                 
00001b79  usb_fsm                            
0000229d  usb_init                           
000019d5  voltage_current_measurement_site_on
00002de1  waitForControllerToIdle            


GLOBAL SYMBOLS: SORTED BY Symbol Address 

address   name                               
-------   ----                               
00000000  __TI_ATRegion0_region_sz           
00000000  __TI_ATRegion0_src_addr            
00000000  __TI_ATRegion0_trg_addr            
00000000  __TI_ATRegion1_region_sz           
00000000  __TI_ATRegion1_src_addr            
00000000  __TI_ATRegion1_trg_addr            
00000000  __TI_ATRegion2_region_sz           
00000000  __TI_ATRegion2_src_addr            
00000000  __TI_ATRegion2_trg_addr            
00000000  __TI_static_base__                 
00000000  interruptVectors                   
000000c1  process_usb_command                
00000200  __STACK_SIZE                       
000003e5  i2c_common                         
00000631  cmd_data_setup                     
0000084d  UART_Interface_IRQ                 
00000a2b  ADC0_IRQHandler                    
00000a2b  ADC1_IRQHandler                    
00000a2b  AES_IRQHandler                     
00000a2b  CANFD0_IRQHandler                  
00000a2b  DAC0_IRQHandler                    
00000a2b  DMA_IRQHandler                     
00000a2b  Default_Handler                    
00000a2b  GROUP0_IRQHandler                  
00000a2b  GROUP1_IRQHandler                  
00000a2b  HardFault_Handler                  
00000a2b  I2C0_IRQHandler                    
00000a2b  NMI_Handler                        
00000a2b  PendSV_Handler                     
00000a2b  RTC_IRQHandler                     
00000a2b  SPI1_IRQHandler                    
00000a2b  SVC_Handler                        
00000a2b  SysTick_Handler                    
00000a2b  TIMA1_IRQHandler                   
00000a2b  TIMG0_IRQHandler                   
00000a2b  TIMG12_IRQHandler                  
00000a2b  TIMG6_IRQHandler                   
00000a2b  TIMG8_IRQHandler                   
00000a2b  UART1_IRQHandler                   
00000a2b  UART2_IRQHandler                   
00000a2b  UART3_IRQHandler                   
00000a2d  UART_Interface_Initialize          
00000ba9  mux_select                         
00000cbd  apply_voltage                      
00000dcd  Timer_Timeout_Inialize             
00000ecd  I2C_Controller_IRQ                 
00000fcb  __aeabi_idiv0                      
00000fcd  power_supply_3v3_1_site_0          
000010c9  DL_Timer_initTimerMode             
000011b1  power_supply_2v7_1_site_0          
0000127d  Delay_Timer_Initialize             
00001345  set_voltage_handler                
0000140d  SPI_IRQ                            
000014c1  ldo_power_on_site_0                
00001571  power_supply_2v7_2_site_0          
00001621  UART_Interface_Start_Transmit      
000016c5  UART_Interface_Start_Receive       
00001765  usb_cmd_data_setup                 
00001805  SYSCFG_DL_GPIO_init                
000018a1  memcpy                             
0000193d  I2C_Controller_Initialize          
000019d5  voltage_current_measurement_site_on
00001a69  SPI_Initialize                     
00001b79  usb_fsm                            
00001c01  power_supply_3v3_2_site_0          
00001c7d  __TI_decompress_lzss               
00001cf9  UART_rxDMA_Initialize              
00001d71  turn_off_all                       
00001de9  SPI_Transact                       
00001e5f  UART_txDMA_Initialize              
00001ed5  mux_init_all                       
00001f49  ADC122S625_Read                    
00001fb9  I2C_Controller_Start_Transmit      
00002029  SYSCFG_DL_UART_0_init              
00002099  UART_Target_Initialize             
00002109  targetRxInProgressCb               
00002175  UART_Target_AssignCallBacks        
000021d9  memset                             
0000223d  SYSCFG_DL_initPower                
0000229d  usb_init                           
000022fd  DL_I2C_fillControllerTXFIFO        
0000235d  SYSCFG_DL_SPI_0_init               
000023b9  Timer_Timeout_Time_Set             
00002413  getControllerStatus                
0000246d  DL_SPI_drainRXFIFO16               
000024c1  DL_UART_drainRXFIFO                
00002515  DL_UART_fillTXFIFO                 
00002569  SYSCFG_DL_MCU_I2C_init             
000025bd  switch_voltage_press_site_0        
00002661  UART_Target_Receive                
000026ad  DL_UART_init                       
000026f5  I2C_Controller_Start_Receive       
0000273d  DL_SPI_init                        
00002781  SYSCFG_DL_init                     
000027c5  SYSCFG_DL_SYSCTL_init              
00002805  __aeabi_uidiv                      
00002805  __aeabi_uidivmod                   
00002845  DL_I2C_flushTargetTXFIFO           
00002881  SYSCFG_DL_TIMER_0_init             
000028bd  UART_Target_Transmit               
000028f9  __TI_auto_init_nobinit_nopinit     
0000296d  SYSCFG_DL_TIMER_1_init             
000029a5  Timer_Timeout_Start                
000029db  UART_Interface_Stop_Receive        
00002a45  app_init                           
00002a79  timerCallback                      
00002b71  targetRxDoneCb                     
00002ba1  targetTxDoneCb                     
00002c01  Delay_Timer_Start                  
00002d8d  Timer_Timeout_IRQ                  
00002db7  Timer_Timeout_reStart              
00002de1  waitForControllerToIdle            
00002f25  targetTxInProgressCb               
00002f4d  _c_int00_noargs                    
00002fc1  DL_I2C_setClockConfig              
00002fe9  control_init                       
0000300d  main                               
000030c1  DL_Timer_setClockConfig            
000030dd  UART_Target_getState               
00003159  i2c_init                           
00003171  spi_init                           
0000319f  Delay_Timer_IRQ                    
00003215  DL_SPI_setClockConfig              
0000324b  DL_UART_setClockConfig             
0000325d  Delay_Timer_Get                    
0000326f  __TI_decompress_none               
00003281  I2C1_IRQHandler                    
00003291  I2C_Controller_Transaction_Done    
000032a1  SPI0_IRQHandler                    
000032b1  TIMA0_IRQHandler                   
000032c1  TIMG7_IRQHandler                   
000032d1  UART0_IRQHandler                   
000032e1  defaultUartCallBack                
000032f1  defaultUartInprogressCallback      
00003301  mux_disable_all                    
00003311  __TI_zero_init                     
00003321  __aeabi_memclr                     
00003321  __aeabi_memclr4                    
00003321  __aeabi_memclr8                    
0000332d  battery_voltage_check_site_0       
00003339  defaultTimerSingleTriggerCB        
00003345  led_status_voltage_0_0_site_0      
00003351  led_status_voltage_0_1_site_0      
0000335d  led_status_voltage_1_0_site_0      
00003369  led_status_voltage_1_site_0        
00003375  led_status_voltage_2_0_site_0      
00003381  led_status_voltage_2_site_0        
0000338d  led_status_voltage_3_site_0        
00003399  noActionController                 
000033a5  noActionSPIInterface               
000033b1  switch_off                         
000033bd  switch_on                          
000033c9  switch_voltage_default_site_0      
000033d5  DL_Common_delayCycles              
000033e1  __aeabi_memcpy                     
000033e1  __aeabi_memcpy4                    
000033e1  __aeabi_memcpy8                    
000033e9  Reset_Handler                      
000033ed  _system_pre_init                   
000033f0  C$$EXIT                            
000033f1  abort                              
00003660  __TI_Handler_Table_Base            
0000366c  __TI_Handler_Table_Limit           
00003674  __TI_CINIT_Base                    
00003684  __TI_CINIT_Limit                   
00003684  __TI_CINIT_Warm                    
20200000  USB_DATA                           
20200000  __start___llvm_prf_bits            
20200000  __start___llvm_prf_cnts            
20200000  __stop___llvm_prf_bits             
20200000  __stop___llvm_prf_cnts             
20201364  gTIMER_0Backup                     
20201420  gTIMER_1Backup                     
20201498  glUartTarget                       
202014e0  USB_UART                           
20201514  gSPI_0Backup                       
2020153c  ADC                                
20201560  USB_Timeout                        
20201584  I2C_MCU                            
202015a4  delay                              
202015e4  executing_command                  
202015e8  glUartTargetIndexFromTimerIndex    
20207e00  __stack                            
20208000  __STACK_END                        
ffffffff  __TI_pprof_out_hndl                
ffffffff  __TI_prof_data_size                
ffffffff  __TI_prof_data_start               
ffffffff  __binit__                          
ffffffff  binit                              
UNDEFED   __mpu_init                         
UNDEFED   _system_post_cinit                 

[191 symbols]
