******************************************************************************
            TI ARM Clang Linker PC v4.0.0                      
******************************************************************************
>> Linked Mon Apr 13 17:27:03 2026

OUTPUT FILE NAME:   <main.out>
ENTRY POINT SYMBOL: "_c_int00_noargs"  address: 00000821


MEMORY CONFIGURATION

         name            origin    length      used     unused   attr    fill
----------------------  --------  ---------  --------  --------  ----  --------
  FLASH                 00000000   00020000  00000988  0001f678  R  X
  SRAM                  20200000   00008000  0000033c  00007cc4  RW X
  BCR_CONFIG            41c00000   00000080  00000000  00000080  R   
  BSL_CONFIG            41c00100   00000080  00000000  00000080  R   


SEGMENT ALLOCATION MAP

run origin  load origin   length   init length attrs members
----------  ----------- ---------- ----------- ----- -------
00000000    00000000    00000988   00000988    r-x
  00000000    00000000    000000c0   000000c0    r-- .intvecs
  000000c0    000000c0    00000868   00000868    r-x .text
  00000928    00000928    00000048   00000048    r-- .rodata
  00000970    00000970    00000018   00000018    r-- .cinit
20200000    20200000    0000013c   00000000    rw-
  20200000    20200000    0000013c   00000000    rw- .bss
20207e00    20207e00    00000200   00000000    rw-
  20207e00    20207e00    00000200   00000000    rw- .stack


SECTION ALLOCATION MAP

 output                                  attributes/
section   page    origin      length       input sections
--------  ----  ----------  ----------   ----------------
.intvecs   0    00000000    000000c0     
                  00000000    000000c0     startup_mspm0g350x_ticlang.o (.intvecs)

.text      0    000000c0    00000868     
                  000000c0    000001de     MSPM0G_Library.lib : UART_Interface.o (.text.UART_Interface_IRQ)
                  0000029e    00000002     startup_mspm0g350x_ticlang.o (.text.Default_Handler)
                  000002a0    000000e8     driverlib.a : dl_timer.o (.text.DL_Timer_initTimerMode)
                  00000388    0000008c     ti_msp_dl_config.o (.text.SYSCFG_DL_GPIO_init)
                  00000414    00000070     ti_msp_dl_config.o (.text.SYSCFG_DL_UART_0_init)
                  00000484    00000060     ti_msp_dl_config.o (.text.SYSCFG_DL_initPower)
                  000004e4    0000005c     ti_msp_dl_config.o (.text.SYSCFG_DL_SPI_0_init)
                  00000540    00000054     driverlib.a : dl_uart.o (.text.DL_UART_drainRXFIFO)
                  00000594    00000054                 : dl_uart.o (.text.DL_UART_fillTXFIFO)
                  000005e8    00000054     ti_msp_dl_config.o (.text.SYSCFG_DL_MCU_I2C_init)
                  0000063c    00000048     driverlib.a : dl_uart.o (.text.DL_UART_init)
                  00000684    00000044                 : dl_spi.o (.text.DL_SPI_init)
                  000006c8    00000040     ti_msp_dl_config.o (.text.SYSCFG_DL_SYSCTL_init)
                  00000708    0000003c     ti_msp_dl_config.o (.text.SYSCFG_DL_TIMER_0_init)
                  00000744    0000003c     ti_msp_dl_config.o (.text.SYSCFG_DL_init)
                  00000780    0000003c     libc.a : autoinit.c.obj (.text:__TI_auto_init_nobinit_nopinit)
                  000007bc    00000038     ti_msp_dl_config.o (.text.SYSCFG_DL_TIMER_1_init)
                  000007f4    0000002a     MSPM0G_Library.lib : Timer_Timeout.o (.text.Timer_Timeout_IRQ)
                  0000081e    00000002     --HOLE-- [fill = 0]
                  00000820    00000028     libc.a : boot_cortex_m.c.obj (.text:_c_int00_noargs)
                  00000848    00000026     driverlib.a : dl_i2c.o (.text.DL_I2C_setClockConfig)
                  0000086e    00000002     --HOLE-- [fill = 0]
                  00000870    0000001c                 : dl_timer.o (.text.DL_Timer_setClockConfig)
                  0000088c    00000016     libc.a : copy_zero_init.c.obj (.text:decompress:ZI:__TI_zero_init_nomemset)
                  000008a2    00000012     driverlib.a : dl_spi.o (.text.DL_SPI_setClockConfig)
                  000008b4    00000012     MSPM0G_Library.lib : Timer_Timeout.o (.text.DL_Timer_getPendingInterrupt)
                  000008c6    00000012                        : UART_Interface.o (.text.DL_UART_getPendingInterrupt)
                  000008d8    00000012     driverlib.a : dl_uart.o (.text.DL_UART_setClockConfig)
                  000008ea    00000002     --HOLE-- [fill = 0]
                  000008ec    00000010     app.o (.text.TIMA0_IRQHandler)
                  000008fc    00000010     app.o (.text.UART0_IRQHandler)
                  0000090c    0000000a     driverlib.a : dl_common.o (.text.DL_Common_delayCycles)
                  00000916    00000006     main.o (.text.main)
                  0000091c    00000004     startup_mspm0g350x_ticlang.o (.text.Reset_Handler)
                  00000920    00000004     libc.a : pre_init.c.obj (.text._system_pre_init)
                  00000924    00000004            : exit.c.obj (.text:abort)

.cinit     0    00000970    00000018     
                  00000970    00000008     (.cinit..bss.load) [load image, compression = zero_init]
                  00000978    00000004     (__TI_handler_table)
                  0000097c    00000008     (__TI_cinit_table)
                  00000984    00000004     --HOLE-- [fill = 0]

.rodata    0    00000928    00000048     
                  00000928    00000014     ti_msp_dl_config.o (.rodata.gTIMER_0TimerConfig)
                  0000093c    00000014     ti_msp_dl_config.o (.rodata.gTIMER_1TimerConfig)
                  00000950    0000000a     ti_msp_dl_config.o (.rodata.gSPI_0_config)
                  0000095a    0000000a     ti_msp_dl_config.o (.rodata.gUART_0Config)
                  00000964    00000003     ti_msp_dl_config.o (.rodata.gTIMER_0ClockConfig)
                  00000967    00000003     ti_msp_dl_config.o (.rodata.gTIMER_1ClockConfig)
                  0000096a    00000002     ti_msp_dl_config.o (.rodata.gMCU_I2CClockConfig)
                  0000096c    00000002     ti_msp_dl_config.o (.rodata.gSPI_0_clockConfig)
                  0000096e    00000002     ti_msp_dl_config.o (.rodata.gUART_0ClockConfig)

.init_array 
*          0    00000000    00000000     UNINITIALIZED

.binit     0    00000000    00000000     

.bss       0    20200000    0000013c     UNINITIALIZED
                  20200000    000000bc     (.common:gTIMER_0Backup)
                  202000bc    00000034     (.common:USB_UART)
                  202000f0    00000028     (.common:gSPI_0Backup)
                  20200118    00000024     (.common:USB_Timeout)

.stack     0    20207e00    00000200     UNINITIALIZED
                  20207e00    00000004     libc.a : boot_cortex_m.c.obj (.stack)
                  20207e04    000001fc     --HOLE--

__llvm_prf_cnts 
*          0    20200000    00000000     UNINITIALIZED

__llvm_prf_bits 
*          0    20200000    00000000     UNINITIALIZED

MODULE SUMMARY

       Module                         code   ro data   rw data
       ------                         ----   -------   -------
    .\
       ti_msp_dl_config.o             764    72        228    
       startup_mspm0g350x_ticlang.o   6      192       0      
       adc_mux.o                      0      0         88     
       app.o                          32     0         0      
       main.o                         6      0         0      
    +--+------------------------------+------+---------+---------+
       Total:                         808    264       316    
                                                              
    C:/Users/Gowtham CS/Downloads/MSPM0G_Library/MSPM0G_Library/Debug/MSPM0G_Library.lib
       UART_Interface.o               496    0         0      
       Timer_Timeout.o                60     0         0      
    +--+------------------------------+------+---------+---------+
       Total:                         556    0         0      
                                                              
    C:/ti/mspm0_sdk_2_00_00_03/source/ti/driverlib/lib/ticlang/m0p/mspm0g1x0x_g3x0x/driverlib.a
       dl_timer.o                     260    0         0      
       dl_uart.o                      258    0         0      
       dl_spi.o                       86     0         0      
       dl_i2c.o                       38     0         0      
       dl_common.o                    10     0         0      
    +--+------------------------------+------+---------+---------+
       Total:                         652    0         0      
                                                              
    C:\ti\ccstheia151\ccs\tools\compiler\ti-cgt-armllvm_4.0.0.LTS\lib\armv6m-ti-none-eabi/c/libc.a
       autoinit.c.obj                 60     0         0      
       boot_cortex_m.c.obj            40     0         0      
       copy_zero_init.c.obj           22     0         0      
       exit.c.obj                     4      0         0      
       pre_init.c.obj                 4      0         0      
    +--+------------------------------+------+---------+---------+
       Total:                         130    0         0      
                                                              
       Stack:                         0      0         512    
       Linker Generated:              0      20        0      
    +--+------------------------------+------+---------+---------+
       Grand Total:                   2146   284       828    


LINKER GENERATED COPY TABLES

__TI_cinit_table @ 0000097c records: 1, size/record: 8, table size: 8
	.bss: load addr=00000970, load size=00000008 bytes, run addr=20200000, run size=0000013c bytes, compression=zero_init


LINKER GENERATED HANDLER TABLE

__TI_handler_table @ 00000978 records: 1, size/record: 4, table size: 4
	index: 0, handler: __TI_zero_init


GLOBAL SYMBOLS: SORTED ALPHABETICALLY BY Name 

address   name                          
-------   ----                          
0000029f  ADC0_IRQHandler               
0000029f  ADC1_IRQHandler               
0000029f  AES_IRQHandler                
00000924  C$$EXIT                       
0000029f  CANFD0_IRQHandler             
0000029f  DAC0_IRQHandler               
0000090d  DL_Common_delayCycles         
00000849  DL_I2C_setClockConfig         
00000685  DL_SPI_init                   
000008a3  DL_SPI_setClockConfig         
000002a1  DL_Timer_initTimerMode        
00000871  DL_Timer_setClockConfig       
00000541  DL_UART_drainRXFIFO           
00000595  DL_UART_fillTXFIFO            
0000063d  DL_UART_init                  
000008d9  DL_UART_setClockConfig        
0000029f  DMA_IRQHandler                
0000029f  Default_Handler               
0000029f  GROUP0_IRQHandler             
0000029f  GROUP1_IRQHandler             
0000029f  HardFault_Handler             
0000029f  I2C0_IRQHandler               
0000029f  I2C1_IRQHandler               
0000029f  NMI_Handler                   
0000029f  PendSV_Handler                
0000029f  RTC_IRQHandler                
0000091d  Reset_Handler                 
0000029f  SPI0_IRQHandler               
0000029f  SPI1_IRQHandler               
0000029f  SVC_Handler                   
00000389  SYSCFG_DL_GPIO_init           
000005e9  SYSCFG_DL_MCU_I2C_init        
000004e5  SYSCFG_DL_SPI_0_init          
000006c9  SYSCFG_DL_SYSCTL_init         
00000709  SYSCFG_DL_TIMER_0_init        
000007bd  SYSCFG_DL_TIMER_1_init        
00000415  SYSCFG_DL_UART_0_init         
00000745  SYSCFG_DL_init                
00000485  SYSCFG_DL_initPower           
0000029f  SysTick_Handler               
000008ed  TIMA0_IRQHandler              
0000029f  TIMA1_IRQHandler              
0000029f  TIMG0_IRQHandler              
0000029f  TIMG12_IRQHandler             
0000029f  TIMG6_IRQHandler              
0000029f  TIMG7_IRQHandler              
0000029f  TIMG8_IRQHandler              
000007f5  Timer_Timeout_IRQ             
000008fd  UART0_IRQHandler              
0000029f  UART1_IRQHandler              
0000029f  UART2_IRQHandler              
0000029f  UART3_IRQHandler              
000000c1  UART_Interface_IRQ            
20200118  USB_Timeout                   
202000bc  USB_UART                      
20208000  __STACK_END                   
00000200  __STACK_SIZE                  
00000000  __TI_ATRegion0_region_sz      
00000000  __TI_ATRegion0_src_addr       
00000000  __TI_ATRegion0_trg_addr       
00000000  __TI_ATRegion1_region_sz      
00000000  __TI_ATRegion1_src_addr       
00000000  __TI_ATRegion1_trg_addr       
00000000  __TI_ATRegion2_region_sz      
00000000  __TI_ATRegion2_src_addr       
00000000  __TI_ATRegion2_trg_addr       
0000097c  __TI_CINIT_Base               
00000984  __TI_CINIT_Limit              
00000984  __TI_CINIT_Warm               
00000978  __TI_Handler_Table_Base       
0000097c  __TI_Handler_Table_Limit      
00000781  __TI_auto_init_nobinit_nopinit
ffffffff  __TI_pprof_out_hndl           
ffffffff  __TI_prof_data_size           
ffffffff  __TI_prof_data_start          
00000000  __TI_static_base__            
0000088d  __TI_zero_init_nomemset       
ffffffff  __binit__                     
UNDEFED   __mpu_init                    
20207e00  __stack                       
20200000  __start___llvm_prf_bits       
20200000  __start___llvm_prf_cnts       
20200000  __stop___llvm_prf_bits        
20200000  __stop___llvm_prf_cnts        
00000821  _c_int00_noargs               
UNDEFED   _system_post_cinit            
00000921  _system_pre_init              
00000925  abort                         
ffffffff  binit                         
202000f0  gSPI_0Backup                  
20200000  gTIMER_0Backup                
00000000  interruptVectors              
00000917  main                          


GLOBAL SYMBOLS: SORTED BY Symbol Address 

address   name                          
-------   ----                          
00000000  __TI_ATRegion0_region_sz      
00000000  __TI_ATRegion0_src_addr       
00000000  __TI_ATRegion0_trg_addr       
00000000  __TI_ATRegion1_region_sz      
00000000  __TI_ATRegion1_src_addr       
00000000  __TI_ATRegion1_trg_addr       
00000000  __TI_ATRegion2_region_sz      
00000000  __TI_ATRegion2_src_addr       
00000000  __TI_ATRegion2_trg_addr       
00000000  __TI_static_base__            
00000000  interruptVectors              
000000c1  UART_Interface_IRQ            
00000200  __STACK_SIZE                  
0000029f  ADC0_IRQHandler               
0000029f  ADC1_IRQHandler               
0000029f  AES_IRQHandler                
0000029f  CANFD0_IRQHandler             
0000029f  DAC0_IRQHandler               
0000029f  DMA_IRQHandler                
0000029f  Default_Handler               
0000029f  GROUP0_IRQHandler             
0000029f  GROUP1_IRQHandler             
0000029f  HardFault_Handler             
0000029f  I2C0_IRQHandler               
0000029f  I2C1_IRQHandler               
0000029f  NMI_Handler                   
0000029f  PendSV_Handler                
0000029f  RTC_IRQHandler                
0000029f  SPI0_IRQHandler               
0000029f  SPI1_IRQHandler               
0000029f  SVC_Handler                   
0000029f  SysTick_Handler               
0000029f  TIMA1_IRQHandler              
0000029f  TIMG0_IRQHandler              
0000029f  TIMG12_IRQHandler             
0000029f  TIMG6_IRQHandler              
0000029f  TIMG7_IRQHandler              
0000029f  TIMG8_IRQHandler              
0000029f  UART1_IRQHandler              
0000029f  UART2_IRQHandler              
0000029f  UART3_IRQHandler              
000002a1  DL_Timer_initTimerMode        
00000389  SYSCFG_DL_GPIO_init           
00000415  SYSCFG_DL_UART_0_init         
00000485  SYSCFG_DL_initPower           
000004e5  SYSCFG_DL_SPI_0_init          
00000541  DL_UART_drainRXFIFO           
00000595  DL_UART_fillTXFIFO            
000005e9  SYSCFG_DL_MCU_I2C_init        
0000063d  DL_UART_init                  
00000685  DL_SPI_init                   
000006c9  SYSCFG_DL_SYSCTL_init         
00000709  SYSCFG_DL_TIMER_0_init        
00000745  SYSCFG_DL_init                
00000781  __TI_auto_init_nobinit_nopinit
000007bd  SYSCFG_DL_TIMER_1_init        
000007f5  Timer_Timeout_IRQ             
00000821  _c_int00_noargs               
00000849  DL_I2C_setClockConfig         
00000871  DL_Timer_setClockConfig       
0000088d  __TI_zero_init_nomemset       
000008a3  DL_SPI_setClockConfig         
000008d9  DL_UART_setClockConfig        
000008ed  TIMA0_IRQHandler              
000008fd  UART0_IRQHandler              
0000090d  DL_Common_delayCycles         
00000917  main                          
0000091d  Reset_Handler                 
00000921  _system_pre_init              
00000924  C$$EXIT                       
00000925  abort                         
00000978  __TI_Handler_Table_Base       
0000097c  __TI_CINIT_Base               
0000097c  __TI_Handler_Table_Limit      
00000984  __TI_CINIT_Limit              
00000984  __TI_CINIT_Warm               
20200000  __start___llvm_prf_bits       
20200000  __start___llvm_prf_cnts       
20200000  __stop___llvm_prf_bits        
20200000  __stop___llvm_prf_cnts        
20200000  gTIMER_0Backup                
202000bc  USB_UART                      
202000f0  gSPI_0Backup                  
20200118  USB_Timeout                   
20207e00  __stack                       
20208000  __STACK_END                   
ffffffff  __TI_pprof_out_hndl           
ffffffff  __TI_prof_data_size           
ffffffff  __TI_prof_data_start          
ffffffff  __binit__                     
ffffffff  binit                         
UNDEFED   __mpu_init                    
UNDEFED   _system_post_cinit            

[93 symbols]
