<?xml version="1.0" encoding="ISO-8859-1" ?>
<link_info>
   <banner>TI ARM Clang Linker PC v4.0.0.LTS</banner>
   <copyright>Copyright (c) 1996-2018 Texas Instruments Incorporated</copyright>
   <command_line>C:\ti\ccstheia151\ccs\tools\compiler\ti-cgt-armllvm_4.0.0.LTS\bin\tiarmlnk -IC:\ti\ccstheia151\ccs\tools\compiler\ti-cgt-armllvm_4.0.0.LTS\lib -o main.out -mmain.map -iC:/ti/mspm0_sdk_2_00_00_03/source -iD:/CARDINAL LED-TEST FIXTURE v2/main -iD:/CARDINAL LED-TEST FIXTURE v2/main/Debug/syscfg -iC:/ti/ccstheia151/ccs/tools/compiler/ti-cgt-armllvm_4.0.0.LTS/lib -iC:/Users/Gowtham CS/Downloads/MSPM0G_Library/MSPM0G_Library/Debug --diag_wrap=off --display_error_number --warn_sections --xml_link_info=main_linkInfo.xml --rom_model ./adc_mux.o ./app.o ./command_function.o ./control.o ./delay_timer.o ./ti_msp_dl_config.o ./startup_mspm0g350x_ticlang.o ./i2c_common.o ./main.o ./spi.o ./usb.o -l./device_linker.cmd -ldevice.cmd.genlibs -llibc.a -lMSPM0G_Library.lib --start-group -llibc++.a -llibc++abi.a -llibc.a -llibsys.a -llibsysbm.a -llibclang_rt.builtins.a -llibclang_rt.profile.a --end-group --cg_opt_level=2</command_line>
   <link_time>0x69fc5897</link_time>
   <link_errors>0x0</link_errors>
   <output_file>D:\CARDINAL LED-TEST FIXTURE v2\main\Debug\main.out</output_file>
   <entry_point>
      <name>_c_int00_noargs</name>
      <address>0x2f4d</address>
   </entry_point>
   <input_file_list>
      <input_file id="fl-1">
         <path>D:\CARDINAL LED-TEST FIXTURE v2\main\Debug\.\</path>
         <kind>object</kind>
         <file>adc_mux.o</file>
         <name>adc_mux.o</name>
      </input_file>
      <input_file id="fl-2">
         <path>D:\CARDINAL LED-TEST FIXTURE v2\main\Debug\.\</path>
         <kind>object</kind>
         <file>app.o</file>
         <name>app.o</name>
      </input_file>
      <input_file id="fl-3">
         <path>D:\CARDINAL LED-TEST FIXTURE v2\main\Debug\.\</path>
         <kind>object</kind>
         <file>command_function.o</file>
         <name>command_function.o</name>
      </input_file>
      <input_file id="fl-4">
         <path>D:\CARDINAL LED-TEST FIXTURE v2\main\Debug\.\</path>
         <kind>object</kind>
         <file>control.o</file>
         <name>control.o</name>
      </input_file>
      <input_file id="fl-5">
         <path>D:\CARDINAL LED-TEST FIXTURE v2\main\Debug\.\</path>
         <kind>object</kind>
         <file>delay_timer.o</file>
         <name>delay_timer.o</name>
      </input_file>
      <input_file id="fl-6">
         <path>D:\CARDINAL LED-TEST FIXTURE v2\main\Debug\.\</path>
         <kind>object</kind>
         <file>ti_msp_dl_config.o</file>
         <name>ti_msp_dl_config.o</name>
      </input_file>
      <input_file id="fl-7">
         <path>D:\CARDINAL LED-TEST FIXTURE v2\main\Debug\.\</path>
         <kind>object</kind>
         <file>startup_mspm0g350x_ticlang.o</file>
         <name>startup_mspm0g350x_ticlang.o</name>
      </input_file>
      <input_file id="fl-8">
         <path>D:\CARDINAL LED-TEST FIXTURE v2\main\Debug\.\</path>
         <kind>object</kind>
         <file>i2c_common.o</file>
         <name>i2c_common.o</name>
      </input_file>
      <input_file id="fl-9">
         <path>D:\CARDINAL LED-TEST FIXTURE v2\main\Debug\.\</path>
         <kind>object</kind>
         <file>main.o</file>
         <name>main.o</name>
      </input_file>
      <input_file id="fl-a">
         <path>D:\CARDINAL LED-TEST FIXTURE v2\main\Debug\.\</path>
         <kind>object</kind>
         <file>spi.o</file>
         <name>spi.o</name>
      </input_file>
      <input_file id="fl-b">
         <path>D:\CARDINAL LED-TEST FIXTURE v2\main\Debug\.\</path>
         <kind>object</kind>
         <file>usb.o</file>
         <name>usb.o</name>
      </input_file>
      <input_file id="fl-19">
         <path>D:\CARDINAL LED-TEST FIXTURE v2\main\Debug\</path>
         <kind>object</kind>
         <file>&lt;internal&gt;</file>
         <name>&lt;internal&gt;</name>
      </input_file>
      <input_file id="fl-1a">
         <path>C:\ti\mspm0_sdk_2_00_00_03\source\ti\driverlib\lib\ticlang\m0p\mspm0g1x0x_g3x0x\</path>
         <kind>archive</kind>
         <file>driverlib.a</file>
         <name>dl_common.o</name>
      </input_file>
      <input_file id="fl-1b">
         <path>C:\ti\mspm0_sdk_2_00_00_03\source\ti\driverlib\lib\ticlang\m0p\mspm0g1x0x_g3x0x\</path>
         <kind>archive</kind>
         <file>driverlib.a</file>
         <name>dl_i2c.o</name>
      </input_file>
      <input_file id="fl-1c">
         <path>C:\ti\mspm0_sdk_2_00_00_03\source\ti\driverlib\lib\ticlang\m0p\mspm0g1x0x_g3x0x\</path>
         <kind>archive</kind>
         <file>driverlib.a</file>
         <name>dl_spi.o</name>
      </input_file>
      <input_file id="fl-1d">
         <path>C:\ti\mspm0_sdk_2_00_00_03\source\ti\driverlib\lib\ticlang\m0p\mspm0g1x0x_g3x0x\</path>
         <kind>archive</kind>
         <file>driverlib.a</file>
         <name>dl_timer.o</name>
      </input_file>
      <input_file id="fl-1e">
         <path>C:\ti\mspm0_sdk_2_00_00_03\source\ti\driverlib\lib\ticlang\m0p\mspm0g1x0x_g3x0x\</path>
         <kind>archive</kind>
         <file>driverlib.a</file>
         <name>dl_uart.o</name>
      </input_file>
      <input_file id="fl-33">
         <path>C:\ti\ccstheia151\ccs\tools\compiler\ti-cgt-armllvm_4.0.0.LTS\lib\armv6m-ti-none-eabi\c\</path>
         <kind>archive</kind>
         <file>libc.a</file>
         <name>boot_cortex_m.c.obj</name>
      </input_file>
      <input_file id="fl-34">
         <path>C:\ti\ccstheia151\ccs\tools\compiler\ti-cgt-armllvm_4.0.0.LTS\lib\armv6m-ti-none-eabi\c\</path>
         <kind>archive</kind>
         <file>libc.a</file>
         <name>mathacl_init.c.obj</name>
      </input_file>
      <input_file id="fl-35">
         <path>C:\ti\ccstheia151\ccs\tools\compiler\ti-cgt-armllvm_4.0.0.LTS\lib\armv6m-ti-none-eabi\c\</path>
         <kind>archive</kind>
         <file>libc.a</file>
         <name>autoinit.c.obj</name>
      </input_file>
      <input_file id="fl-36">
         <path>C:\ti\ccstheia151\ccs\tools\compiler\ti-cgt-armllvm_4.0.0.LTS\lib\armv6m-ti-none-eabi\c\</path>
         <kind>archive</kind>
         <file>libc.a</file>
         <name>pre_init.c.obj</name>
      </input_file>
      <input_file id="fl-37">
         <path>C:\ti\ccstheia151\ccs\tools\compiler\ti-cgt-armllvm_4.0.0.LTS\lib\armv6m-ti-none-eabi\c\</path>
         <kind>archive</kind>
         <file>libc.a</file>
         <name>cpy_tbl.c.obj</name>
      </input_file>
      <input_file id="fl-38">
         <path>C:\ti\ccstheia151\ccs\tools\compiler\ti-cgt-armllvm_4.0.0.LTS\lib\armv6m-ti-none-eabi\c\</path>
         <kind>archive</kind>
         <file>libc.a</file>
         <name>copy_zero_init.c.obj</name>
      </input_file>
      <input_file id="fl-39">
         <path>C:\ti\ccstheia151\ccs\tools\compiler\ti-cgt-armllvm_4.0.0.LTS\lib\armv6m-ti-none-eabi\c\</path>
         <kind>archive</kind>
         <file>libc.a</file>
         <name>copy_decompress_none.c.obj</name>
      </input_file>
      <input_file id="fl-3a">
         <path>C:\ti\ccstheia151\ccs\tools\compiler\ti-cgt-armllvm_4.0.0.LTS\lib\armv6m-ti-none-eabi\c\</path>
         <kind>archive</kind>
         <file>libc.a</file>
         <name>copy_decompress_lzss.c.obj</name>
      </input_file>
      <input_file id="fl-3b">
         <path>C:\ti\ccstheia151\ccs\tools\compiler\ti-cgt-armllvm_4.0.0.LTS\lib\armv6m-ti-none-eabi\c\</path>
         <kind>archive</kind>
         <file>libc.a</file>
         <name>exit.c.obj</name>
      </input_file>
      <input_file id="fl-3c">
         <path>C:\ti\ccstheia151\ccs\tools\compiler\ti-cgt-armllvm_4.0.0.LTS\lib\armv6m-ti-none-eabi\c\</path>
         <kind>archive</kind>
         <file>libc.a</file>
         <name>_lock.c.obj</name>
      </input_file>
      <input_file id="fl-3d">
         <path>C:\ti\ccstheia151\ccs\tools\compiler\ti-cgt-armllvm_4.0.0.LTS\lib\armv6m-ti-none-eabi\c\</path>
         <kind>archive</kind>
         <file>libc.a</file>
         <name>args_main.c.obj</name>
      </input_file>
      <input_file id="fl-3e">
         <path>C:\Users\Gowtham CS\Downloads\MSPM0G_Library\MSPM0G_Library\Debug\</path>
         <kind>archive</kind>
         <file>MSPM0G_Library.lib</file>
         <name>I2C_Controller.o</name>
      </input_file>
      <input_file id="fl-3f">
         <path>C:\Users\Gowtham CS\Downloads\MSPM0G_Library\MSPM0G_Library\Debug\</path>
         <kind>archive</kind>
         <file>MSPM0G_Library.lib</file>
         <name>SPI_Interface.o</name>
      </input_file>
      <input_file id="fl-40">
         <path>C:\Users\Gowtham CS\Downloads\MSPM0G_Library\MSPM0G_Library\Debug\</path>
         <kind>archive</kind>
         <file>MSPM0G_Library.lib</file>
         <name>Timer_Timeout.o</name>
      </input_file>
      <input_file id="fl-41">
         <path>C:\Users\Gowtham CS\Downloads\MSPM0G_Library\MSPM0G_Library\Debug\</path>
         <kind>archive</kind>
         <file>MSPM0G_Library.lib</file>
         <name>UART_Interface.o</name>
      </input_file>
      <input_file id="fl-42">
         <path>C:\Users\Gowtham CS\Downloads\MSPM0G_Library\MSPM0G_Library\Debug\</path>
         <kind>archive</kind>
         <file>MSPM0G_Library.lib</file>
         <name>UART_Target.o</name>
      </input_file>
      <input_file id="fl-d8">
         <path>C:\ti\ccstheia151\ccs\tools\compiler\ti-cgt-armllvm_4.0.0.LTS\lib\armv6m-ti-none-eabi\</path>
         <kind>archive</kind>
         <file>libclang_rt.builtins.a</file>
         <name>aeabi_memcpy.S.obj</name>
      </input_file>
      <input_file id="fl-d9">
         <path>C:\ti\ccstheia151\ccs\tools\compiler\ti-cgt-armllvm_4.0.0.LTS\lib\armv6m-ti-none-eabi\</path>
         <kind>archive</kind>
         <file>libclang_rt.builtins.a</file>
         <name>aeabi_memset.S.obj</name>
      </input_file>
      <input_file id="fl-da">
         <path>C:\ti\ccstheia151\ccs\tools\compiler\ti-cgt-armllvm_4.0.0.LTS\lib\armv6m-ti-none-eabi\</path>
         <kind>archive</kind>
         <file>libclang_rt.builtins.a</file>
         <name>aeabi_uidivmod.S.obj</name>
      </input_file>
      <input_file id="fl-db">
         <path>C:\ti\ccstheia151\ccs\tools\compiler\ti-cgt-armllvm_4.0.0.LTS\lib\armv6m-ti-none-eabi\</path>
         <kind>archive</kind>
         <file>libclang_rt.builtins.a</file>
         <name>aeabi_div0.c.obj</name>
      </input_file>
      <input_file id="fl-dc">
         <path>C:\ti\ccstheia151\ccs\tools\compiler\ti-cgt-armllvm_4.0.0.LTS\lib\armv6m-ti-none-eabi\c\</path>
         <kind>archive</kind>
         <file>libc.a</file>
         <name>memcpy16.S.obj</name>
      </input_file>
      <input_file id="fl-dd">
         <path>C:\ti\ccstheia151\ccs\tools\compiler\ti-cgt-armllvm_4.0.0.LTS\lib\armv6m-ti-none-eabi\c\</path>
         <kind>archive</kind>
         <file>libc.a</file>
         <name>memset16.S.obj</name>
      </input_file>
   </input_file_list>
   <object_component_list>
      <object_component id="oc-18">
         <name>.intvecs</name>
         <load_address>0x0</load_address>
         <readonly>true</readonly>
         <run_address>0x0</run_address>
         <size>0xc0</size>
         <alignment>0x4</alignment>
         <input_file_ref idref="fl-7"/>
      </object_component>
      <object_component id="oc-137">
         <name>.text.process_usb_command</name>
         <load_address>0xc0</load_address>
         <readonly>true</readonly>
         <executable>true</executable>
         <run_address>0xc0</run_address>
         <size>0x324</size>
         <alignment>0x4</alignment>
         <input_file_ref idref="fl-b"/>
      </object_component>
      <object_component id="oc-1bc">
         <name>.text.i2c_common</name>
         <load_address>0x3e4</load_address>
         <readonly>true</readonly>
         <executable>true</executable>
         <run_address>0x3e4</run_address>
         <size>0x24c</size>
         <alignment>0x4</alignment>
         <input_file_ref idref="fl-8"/>
      </object_component>
      <object_component id="oc-128">
         <name>.text.cmd_data_setup</name>
         <load_address>0x630</load_address>
         <readonly>true</readonly>
         <executable>true</executable>
         <run_address>0x630</run_address>
         <size>0x21c</size>
         <alignment>0x4</alignment>
         <input_file_ref idref="fl-2"/>
      </object_component>
      <object_component id="oc-6f">
         <name>.text.UART_Interface_IRQ</name>
         <load_address>0x84c</load_address>
         <readonly>true</readonly>
         <executable>true</executable>
         <run_address>0x84c</run_address>
         <size>0x1de</size>
         <alignment>0x4</alignment>
         <input_file_ref idref="fl-41"/>
      </object_component>
      <object_component id="oc-33">
         <name>.text.Default_Handler</name>
         <load_address>0xa2a</load_address>
         <readonly>true</readonly>
         <executable>true</executable>
         <run_address>0xa2a</run_address>
         <size>0x2</size>
         <alignment>0x2</alignment>
         <input_file_ref idref="fl-7"/>
      </object_component>
      <object_component id="oc-164">
         <name>.text.UART_Interface_Initialize</name>
         <load_address>0xa2c</load_address>
         <readonly>true</readonly>
         <executable>true</executable>
         <run_address>0xa2c</run_address>
         <size>0x17c</size>
         <alignment>0x4</alignment>
         <input_file_ref idref="fl-41"/>
      </object_component>
      <object_component id="oc-1f3">
         <name>.text.mux_select</name>
         <load_address>0xba8</load_address>
         <readonly>true</readonly>
         <executable>true</executable>
         <run_address>0xba8</run_address>
         <size>0x114</size>
         <alignment>0x4</alignment>
         <input_file_ref idref="fl-1"/>
      </object_component>
      <object_component id="oc-1c5">
         <name>.text.apply_voltage</name>
         <load_address>0xcbc</load_address>
         <readonly>true</readonly>
         <executable>true</executable>
         <run_address>0xcbc</run_address>
         <size>0x110</size>
         <alignment>0x4</alignment>
         <input_file_ref idref="fl-3"/>
      </object_component>
      <object_component id="oc-165">
         <name>.text.Timer_Timeout_Inialize</name>
         <load_address>0xdcc</load_address>
         <readonly>true</readonly>
         <executable>true</executable>
         <run_address>0xdcc</run_address>
         <size>0x100</size>
         <alignment>0x4</alignment>
         <input_file_ref idref="fl-40"/>
      </object_component>
      <object_component id="oc-80">
         <name>.text.I2C_Controller_IRQ</name>
         <load_address>0xecc</load_address>
         <readonly>true</readonly>
         <executable>true</executable>
         <run_address>0xecc</run_address>
         <size>0xfe</size>
         <alignment>0x4</alignment>
         <input_file_ref idref="fl-3e"/>
      </object_component>
      <object_component id="oc-1d1">
         <name>.text.__aeabi_idiv0</name>
         <load_address>0xfca</load_address>
         <readonly>true</readonly>
         <executable>true</executable>
         <run_address>0xfca</run_address>
         <size>0x2</size>
         <alignment>0x2</alignment>
         <input_file_ref idref="fl-db"/>
      </object_component>
      <object_component id="oc-168">
         <name>.text.power_supply_3v3_1_site_0</name>
         <load_address>0xfcc</load_address>
         <readonly>true</readonly>
         <executable>true</executable>
         <run_address>0xfcc</run_address>
         <size>0xfc</size>
         <alignment>0x4</alignment>
         <input_file_ref idref="fl-3"/>
      </object_component>
      <object_component id="oc-150">
         <name>.text.DL_Timer_initTimerMode</name>
         <load_address>0x10c8</load_address>
         <readonly>true</readonly>
         <executable>true</executable>
         <run_address>0x10c8</run_address>
         <size>0xe8</size>
         <alignment>0x4</alignment>
         <input_file_ref idref="fl-1d"/>
      </object_component>
      <object_component id="oc-16e">
         <name>.text.power_supply_2v7_1_site_0</name>
         <load_address>0x11b0</load_address>
         <readonly>true</readonly>
         <executable>true</executable>
         <run_address>0x11b0</run_address>
         <size>0xcc</size>
         <alignment>0x4</alignment>
         <input_file_ref idref="fl-3"/>
      </object_component>
      <object_component id="oc-131">
         <name>.text.Delay_Timer_Initialize</name>
         <load_address>0x127c</load_address>
         <readonly>true</readonly>
         <executable>true</executable>
         <run_address>0x127c</run_address>
         <size>0xc8</size>
         <alignment>0x4</alignment>
         <input_file_ref idref="fl-5"/>
      </object_component>
      <object_component id="oc-18f">
         <name>.text.set_voltage_handler</name>
         <load_address>0x1344</load_address>
         <readonly>true</readonly>
         <executable>true</executable>
         <run_address>0x1344</run_address>
         <size>0xc8</size>
         <alignment>0x4</alignment>
         <input_file_ref idref="fl-3"/>
      </object_component>
      <object_component id="oc-5f">
         <name>.text.SPI_IRQ</name>
         <load_address>0x140c</load_address>
         <readonly>true</readonly>
         <executable>true</executable>
         <run_address>0x140c</run_address>
         <size>0xb2</size>
         <alignment>0x2</alignment>
         <input_file_ref idref="fl-3f"/>
      </object_component>
      <object_component id="oc-1bf">
         <name>.text.ldo_power_on_site_0</name>
         <load_address>0x14c0</load_address>
         <readonly>true</readonly>
         <executable>true</executable>
         <run_address>0x14c0</run_address>
         <size>0xb0</size>
         <alignment>0x4</alignment>
         <input_file_ref idref="fl-3"/>
      </object_component>
      <object_component id="oc-170">
         <name>.text.power_supply_2v7_2_site_0</name>
         <load_address>0x1570</load_address>
         <readonly>true</readonly>
         <executable>true</executable>
         <run_address>0x1570</run_address>
         <size>0xb0</size>
         <alignment>0x4</alignment>
         <input_file_ref idref="fl-3"/>
      </object_component>
      <object_component id="oc-1d7">
         <name>.text.UART_Interface_Start_Transmit</name>
         <load_address>0x1620</load_address>
         <readonly>true</readonly>
         <executable>true</executable>
         <run_address>0x1620</run_address>
         <size>0xa4</size>
         <alignment>0x2</alignment>
         <input_file_ref idref="fl-41"/>
      </object_component>
      <object_component id="oc-19e">
         <name>.text.UART_Interface_Start_Receive</name>
         <load_address>0x16c4</load_address>
         <readonly>true</readonly>
         <executable>true</executable>
         <run_address>0x16c4</run_address>
         <size>0xa0</size>
         <alignment>0x2</alignment>
         <input_file_ref idref="fl-41"/>
      </object_component>
      <object_component id="oc-167">
         <name>.text.usb_cmd_data_setup</name>
         <load_address>0x1764</load_address>
         <readonly>true</readonly>
         <executable>true</executable>
         <run_address>0x1764</run_address>
         <size>0x9e</size>
         <alignment>0x2</alignment>
         <input_file_ref idref="fl-b"/>
      </object_component>
      <object_component id="oc-11a">
         <name>.text.SYSCFG_DL_GPIO_init</name>
         <load_address>0x1804</load_address>
         <readonly>true</readonly>
         <executable>true</executable>
         <run_address>0x1804</run_address>
         <size>0x9c</size>
         <alignment>0x4</alignment>
         <input_file_ref idref="fl-6"/>
      </object_component>
      <object_component id="oc-e5">
         <name>.text:memcpy</name>
         <load_address>0x18a0</load_address>
         <readonly>true</readonly>
         <executable>true</executable>
         <run_address>0x18a0</run_address>
         <size>0x9a</size>
         <alignment>0x1</alignment>
         <input_file_ref idref="fl-dc"/>
      </object_component>
      <object_component id="oc-192">
         <name>.text.I2C_Controller_Initialize</name>
         <load_address>0x193c</load_address>
         <readonly>true</readonly>
         <executable>true</executable>
         <run_address>0x193c</run_address>
         <size>0x98</size>
         <alignment>0x4</alignment>
         <input_file_ref idref="fl-3e"/>
      </object_component>
      <object_component id="oc-174">
         <name>.text.voltage_current_measurement_site_on</name>
         <load_address>0x19d4</load_address>
         <readonly>true</readonly>
         <executable>true</executable>
         <run_address>0x19d4</run_address>
         <size>0x94</size>
         <alignment>0x4</alignment>
         <input_file_ref idref="fl-3"/>
      </object_component>
      <object_component id="oc-193">
         <name>.text.SPI_Initialize</name>
         <load_address>0x1a68</load_address>
         <readonly>true</readonly>
         <executable>true</executable>
         <run_address>0x1a68</run_address>
         <size>0x88</size>
         <alignment>0x4</alignment>
         <input_file_ref idref="fl-3f"/>
      </object_component>
      <object_component id="oc-1c0">
         <name>.text.read_mux_adc</name>
         <load_address>0x1af0</load_address>
         <readonly>true</readonly>
         <executable>true</executable>
         <run_address>0x1af0</run_address>
         <size>0x88</size>
         <alignment>0x4</alignment>
         <input_file_ref idref="fl-3"/>
      </object_component>
      <object_component id="oc-f0">
         <name>.text.usb_fsm</name>
         <load_address>0x1b78</load_address>
         <readonly>true</readonly>
         <executable>true</executable>
         <run_address>0x1b78</run_address>
         <size>0x88</size>
         <alignment>0x4</alignment>
         <input_file_ref idref="fl-b"/>
      </object_component>
      <object_component id="oc-16c">
         <name>.text.power_supply_3v3_2_site_0</name>
         <load_address>0x1c00</load_address>
         <readonly>true</readonly>
         <executable>true</executable>
         <run_address>0x1c00</run_address>
         <size>0x7c</size>
         <alignment>0x4</alignment>
         <input_file_ref idref="fl-3"/>
      </object_component>
      <object_component id="oc-1c">
         <name>.text:decompress:lzss</name>
         <load_address>0x1c7c</load_address>
         <readonly>true</readonly>
         <executable>true</executable>
         <run_address>0x1c7c</run_address>
         <size>0x7c</size>
         <alignment>0x4</alignment>
         <input_file_ref idref="fl-3a"/>
      </object_component>
      <object_component id="oc-1b1">
         <name>.text.UART_rxDMA_Initialize</name>
         <load_address>0x1cf8</load_address>
         <readonly>true</readonly>
         <executable>true</executable>
         <run_address>0x1cf8</run_address>
         <size>0x78</size>
         <alignment>0x4</alignment>
         <input_file_ref idref="fl-41"/>
      </object_component>
      <object_component id="oc-18d">
         <name>.text.turn_off_all</name>
         <load_address>0x1d70</load_address>
         <readonly>true</readonly>
         <executable>true</executable>
         <run_address>0x1d70</run_address>
         <size>0x78</size>
         <alignment>0x4</alignment>
         <input_file_ref idref="fl-3"/>
      </object_component>
      <object_component id="oc-1ff">
         <name>.text.SPI_Transact</name>
         <load_address>0x1de8</load_address>
         <readonly>true</readonly>
         <executable>true</executable>
         <run_address>0x1de8</run_address>
         <size>0x76</size>
         <alignment>0x2</alignment>
         <input_file_ref idref="fl-3f"/>
      </object_component>
      <object_component id="oc-1b2">
         <name>.text.UART_txDMA_Initialize</name>
         <load_address>0x1e5e</load_address>
         <readonly>true</readonly>
         <executable>true</executable>
         <run_address>0x1e5e</run_address>
         <size>0x74</size>
         <alignment>0x2</alignment>
         <input_file_ref idref="fl-41"/>
      </object_component>
      <object_component id="oc-12d">
         <name>.text.mux_init_all</name>
         <load_address>0x1ed4</load_address>
         <readonly>true</readonly>
         <executable>true</executable>
         <run_address>0x1ed4</run_address>
         <size>0x74</size>
         <alignment>0x4</alignment>
         <input_file_ref idref="fl-1"/>
      </object_component>
      <object_component id="oc-1f4">
         <name>.text.ADC122S625_Read</name>
         <load_address>0x1f48</load_address>
         <readonly>true</readonly>
         <executable>true</executable>
         <run_address>0x1f48</run_address>
         <size>0x70</size>
         <alignment>0x4</alignment>
         <input_file_ref idref="fl-a"/>
      </object_component>
      <object_component id="oc-1ed">
         <name>.text.I2C_Controller_Start_Transmit</name>
         <load_address>0x1fb8</load_address>
         <readonly>true</readonly>
         <executable>true</executable>
         <run_address>0x1fb8</run_address>
         <size>0x70</size>
         <alignment>0x2</alignment>
         <input_file_ref idref="fl-3e"/>
      </object_component>
      <object_component id="oc-120">
         <name>.text.SYSCFG_DL_UART_0_init</name>
         <load_address>0x2028</load_address>
         <readonly>true</readonly>
         <executable>true</executable>
         <run_address>0x2028</run_address>
         <size>0x70</size>
         <alignment>0x4</alignment>
         <input_file_ref idref="fl-6"/>
      </object_component>
      <object_component id="oc-166">
         <name>.text.UART_Target_Initialize</name>
         <load_address>0x2098</load_address>
         <readonly>true</readonly>
         <executable>true</executable>
         <run_address>0x2098</run_address>
         <size>0x70</size>
         <alignment>0x4</alignment>
         <input_file_ref idref="fl-42"/>
      </object_component>
      <object_component id="oc-1ea">
         <name>.text.targetRxInProgressCb</name>
         <load_address>0x2108</load_address>
         <readonly>true</readonly>
         <executable>true</executable>
         <run_address>0x2108</run_address>
         <size>0x6c</size>
         <alignment>0x4</alignment>
         <input_file_ref idref="fl-42"/>
      </object_component>
      <object_component id="oc-1ba">
         <name>.text.UART_Target_AssignCallBacks</name>
         <load_address>0x2174</load_address>
         <readonly>true</readonly>
         <executable>true</executable>
         <run_address>0x2174</run_address>
         <size>0x64</size>
         <alignment>0x4</alignment>
         <input_file_ref idref="fl-42"/>
      </object_component>
      <object_component id="oc-118">
         <name>.text:memset</name>
         <load_address>0x21d8</load_address>
         <readonly>true</readonly>
         <executable>true</executable>
         <run_address>0x21d8</run_address>
         <size>0x62</size>
         <alignment>0x1</alignment>
         <input_file_ref idref="fl-dd"/>
      </object_component>
      <object_component id="oc-119">
         <name>.text.SYSCFG_DL_initPower</name>
         <load_address>0x223c</load_address>
         <readonly>true</readonly>
         <executable>true</executable>
         <run_address>0x223c</run_address>
         <size>0x60</size>
         <alignment>0x4</alignment>
         <input_file_ref idref="fl-6"/>
      </object_component>
      <object_component id="oc-127">
         <name>.text.usb_init</name>
         <load_address>0x229c</load_address>
         <readonly>true</readonly>
         <executable>true</executable>
         <run_address>0x229c</run_address>
         <size>0x60</size>
         <alignment>0x4</alignment>
         <input_file_ref idref="fl-b"/>
      </object_component>
      <object_component id="oc-d7">
         <name>.text.DL_I2C_fillControllerTXFIFO</name>
         <load_address>0x22fc</load_address>
         <readonly>true</readonly>
         <executable>true</executable>
         <run_address>0x22fc</run_address>
         <size>0x5e</size>
         <alignment>0x2</alignment>
         <input_file_ref idref="fl-1b"/>
      </object_component>
      <object_component id="oc-121">
         <name>.text.SYSCFG_DL_SPI_0_init</name>
         <load_address>0x235c</load_address>
         <readonly>true</readonly>
         <executable>true</executable>
         <run_address>0x235c</run_address>
         <size>0x5c</size>
         <alignment>0x4</alignment>
         <input_file_ref idref="fl-6"/>
      </object_component>
      <object_component id="oc-1b9">
         <name>.text.Timer_Timeout_Time_Set</name>
         <load_address>0x23b8</load_address>
         <readonly>true</readonly>
         <executable>true</executable>
         <run_address>0x23b8</run_address>
         <size>0x5a</size>
         <alignment>0x2</alignment>
         <input_file_ref idref="fl-40"/>
      </object_component>
      <object_component id="oc-111">
         <name>.text.getControllerStatus</name>
         <load_address>0x2412</load_address>
         <readonly>true</readonly>
         <executable>true</executable>
         <run_address>0x2412</run_address>
         <size>0x58</size>
         <alignment>0x2</alignment>
         <input_file_ref idref="fl-3e"/>
      </object_component>
      <object_component id="oc-202">
         <name>.text.DL_SPI_drainRXFIFO16</name>
         <load_address>0x246c</load_address>
         <readonly>true</readonly>
         <executable>true</executable>
         <run_address>0x246c</run_address>
         <size>0x54</size>
         <alignment>0x4</alignment>
         <input_file_ref idref="fl-1c"/>
      </object_component>
      <object_component id="oc-c8">
         <name>.text.DL_UART_drainRXFIFO</name>
         <load_address>0x24c0</load_address>
         <readonly>true</readonly>
         <executable>true</executable>
         <run_address>0x24c0</run_address>
         <size>0x54</size>
         <alignment>0x4</alignment>
         <input_file_ref idref="fl-1e"/>
      </object_component>
      <object_component id="oc-ce">
         <name>.text.DL_UART_fillTXFIFO</name>
         <load_address>0x2514</load_address>
         <readonly>true</readonly>
         <executable>true</executable>
         <run_address>0x2514</run_address>
         <size>0x54</size>
         <alignment>0x4</alignment>
         <input_file_ref idref="fl-1e"/>
      </object_component>
      <object_component id="oc-11f">
         <name>.text.SYSCFG_DL_MCU_I2C_init</name>
         <load_address>0x2568</load_address>
         <readonly>true</readonly>
         <executable>true</executable>
         <run_address>0x2568</run_address>
         <size>0x54</size>
         <alignment>0x4</alignment>
         <input_file_ref idref="fl-6"/>
      </object_component>
      <object_component id="oc-178">
         <name>.text.switch_voltage_press_site_0</name>
         <load_address>0x25bc</load_address>
         <readonly>true</readonly>
         <executable>true</executable>
         <run_address>0x25bc</run_address>
         <size>0x54</size>
         <alignment>0x4</alignment>
         <input_file_ref idref="fl-3"/>
      </object_component>
      <object_component id="oc-1fe">
         <name>.text.DL_I2C_startControllerTransfer</name>
         <load_address>0x2610</load_address>
         <readonly>true</readonly>
         <executable>true</executable>
         <run_address>0x2610</run_address>
         <size>0x50</size>
         <alignment>0x4</alignment>
         <input_file_ref idref="fl-3e"/>
      </object_component>
      <object_component id="oc-138">
         <name>.text.UART_Target_Receive</name>
         <load_address>0x2660</load_address>
         <readonly>true</readonly>
         <executable>true</executable>
         <run_address>0x2660</run_address>
         <size>0x4c</size>
         <alignment>0x4</alignment>
         <input_file_ref idref="fl-42"/>
      </object_component>
      <object_component id="oc-158">
         <name>.text.DL_UART_init</name>
         <load_address>0x26ac</load_address>
         <readonly>true</readonly>
         <executable>true</executable>
         <run_address>0x26ac</run_address>
         <size>0x48</size>
         <alignment>0x4</alignment>
         <input_file_ref idref="fl-1e"/>
      </object_component>
      <object_component id="oc-1ef">
         <name>.text.I2C_Controller_Start_Receive</name>
         <load_address>0x26f4</load_address>
         <readonly>true</readonly>
         <executable>true</executable>
         <run_address>0x26f4</run_address>
         <size>0x46</size>
         <alignment>0x2</alignment>
         <input_file_ref idref="fl-3e"/>
      </object_component>
      <object_component id="oc-161">
         <name>.text.DL_SPI_init</name>
         <load_address>0x273c</load_address>
         <readonly>true</readonly>
         <executable>true</executable>
         <run_address>0x273c</run_address>
         <size>0x44</size>
         <alignment>0x4</alignment>
         <input_file_ref idref="fl-1c"/>
      </object_component>
      <object_component id="oc-ea">
         <name>.text.SYSCFG_DL_init</name>
         <load_address>0x2780</load_address>
         <readonly>true</readonly>
         <executable>true</executable>
         <run_address>0x2780</run_address>
         <size>0x44</size>
         <alignment>0x4</alignment>
         <input_file_ref idref="fl-6"/>
      </object_component>
      <object_component id="oc-11b">
         <name>.text.SYSCFG_DL_SYSCTL_init</name>
         <load_address>0x27c4</load_address>
         <readonly>true</readonly>
         <executable>true</executable>
         <run_address>0x27c4</run_address>
         <size>0x40</size>
         <alignment>0x4</alignment>
         <input_file_ref idref="fl-6"/>
      </object_component>
      <object_component id="oc-194">
         <name>.text.__aeabi_uidivmod</name>
         <load_address>0x2804</load_address>
         <readonly>true</readonly>
         <executable>true</executable>
         <run_address>0x2804</run_address>
         <size>0x40</size>
         <alignment>0x4</alignment>
         <input_file_ref idref="fl-da"/>
      </object_component>
      <object_component id="oc-1fd">
         <name>.text.DL_I2C_flushTargetTXFIFO</name>
         <load_address>0x2844</load_address>
         <readonly>true</readonly>
         <executable>true</executable>
         <run_address>0x2844</run_address>
         <size>0x3c</size>
         <alignment>0x4</alignment>
         <input_file_ref idref="fl-1b"/>
      </object_component>
      <object_component id="oc-11d">
         <name>.text.SYSCFG_DL_TIMER_0_init</name>
         <load_address>0x2880</load_address>
         <readonly>true</readonly>
         <executable>true</executable>
         <run_address>0x2880</run_address>
         <size>0x3c</size>
         <alignment>0x4</alignment>
         <input_file_ref idref="fl-6"/>
      </object_component>
      <object_component id="oc-19b">
         <name>.text.UART_Target_Transmit</name>
         <load_address>0x28bc</load_address>
         <readonly>true</readonly>
         <executable>true</executable>
         <run_address>0x28bc</run_address>
         <size>0x3c</size>
         <alignment>0x4</alignment>
         <input_file_ref idref="fl-42"/>
      </object_component>
      <object_component id="oc-fa">
         <name>.text:__TI_auto_init_nobinit_nopinit</name>
         <load_address>0x28f8</load_address>
         <readonly>true</readonly>
         <executable>true</executable>
         <run_address>0x28f8</run_address>
         <size>0x3c</size>
         <alignment>0x4</alignment>
         <input_file_ref idref="fl-35"/>
      </object_component>
      <object_component id="oc-1e1">
         <name>.text.DL_DMA_setTrigger</name>
         <load_address>0x2934</load_address>
         <readonly>true</readonly>
         <executable>true</executable>
         <run_address>0x2934</run_address>
         <size>0x38</size>
         <alignment>0x4</alignment>
         <input_file_ref idref="fl-41"/>
      </object_component>
      <object_component id="oc-11e">
         <name>.text.SYSCFG_DL_TIMER_1_init</name>
         <load_address>0x296c</load_address>
         <readonly>true</readonly>
         <executable>true</executable>
         <run_address>0x296c</run_address>
         <size>0x38</size>
         <alignment>0x4</alignment>
         <input_file_ref idref="fl-6"/>
      </object_component>
      <object_component id="oc-1fa">
         <name>.text.Timer_Timeout_Start</name>
         <load_address>0x29a4</load_address>
         <readonly>true</readonly>
         <executable>true</executable>
         <run_address>0x29a4</run_address>
         <size>0x36</size>
         <alignment>0x2</alignment>
         <input_file_ref idref="fl-40"/>
      </object_component>
      <object_component id="oc-1fc">
         <name>.text.UART_Interface_Stop_Receive</name>
         <load_address>0x29da</load_address>
         <readonly>true</readonly>
         <executable>true</executable>
         <run_address>0x29da</run_address>
         <size>0x36</size>
         <alignment>0x2</alignment>
         <input_file_ref idref="fl-41"/>
      </object_component>
      <object_component id="oc-1dc">
         <name>.text.DL_DMA_configMode</name>
         <load_address>0x2a10</load_address>
         <readonly>true</readonly>
         <executable>true</executable>
         <run_address>0x2a10</run_address>
         <size>0x34</size>
         <alignment>0x2</alignment>
         <input_file_ref idref="fl-41"/>
      </object_component>
      <object_component id="oc-ef">
         <name>.text.app_init</name>
         <load_address>0x2a44</load_address>
         <readonly>true</readonly>
         <executable>true</executable>
         <run_address>0x2a44</run_address>
         <size>0x34</size>
         <alignment>0x4</alignment>
         <input_file_ref idref="fl-2"/>
      </object_component>
      <object_component id="oc-1ec">
         <name>.text.timerCallback</name>
         <load_address>0x2a78</load_address>
         <readonly>true</readonly>
         <executable>true</executable>
         <run_address>0x2a78</run_address>
         <size>0x34</size>
         <alignment>0x4</alignment>
         <input_file_ref idref="fl-42"/>
      </object_component>
      <object_component id="oc-1de">
         <name>.text.DL_DMA_setDestWidth</name>
         <load_address>0x2aac</load_address>
         <readonly>true</readonly>
         <executable>true</executable>
         <run_address>0x2aac</run_address>
         <size>0x32</size>
         <alignment>0x2</alignment>
         <input_file_ref idref="fl-41"/>
      </object_component>
      <object_component id="oc-1dd">
         <name>.text.DL_DMA_setDestIncrement</name>
         <load_address>0x2ade</load_address>
         <readonly>true</readonly>
         <executable>true</executable>
         <run_address>0x2ade</run_address>
         <size>0x30</size>
         <alignment>0x2</alignment>
         <input_file_ref idref="fl-41"/>
      </object_component>
      <object_component id="oc-1e0">
         <name>.text.DL_DMA_setSrcWidth</name>
         <load_address>0x2b0e</load_address>
         <readonly>true</readonly>
         <executable>true</executable>
         <run_address>0x2b0e</run_address>
         <size>0x30</size>
         <alignment>0x2</alignment>
         <input_file_ref idref="fl-41"/>
      </object_component>
      <object_component id="oc-1d9">
         <name>.text.DL_DMA_setTransferSize</name>
         <load_address>0x2b40</load_address>
         <readonly>true</readonly>
         <executable>true</executable>
         <run_address>0x2b40</run_address>
         <size>0x30</size>
         <alignment>0x4</alignment>
         <input_file_ref idref="fl-41"/>
      </object_component>
      <object_component id="oc-1e8">
         <name>.text.targetRxDoneCb</name>
         <load_address>0x2b70</load_address>
         <readonly>true</readonly>
         <executable>true</executable>
         <run_address>0x2b70</run_address>
         <size>0x30</size>
         <alignment>0x4</alignment>
         <input_file_ref idref="fl-42"/>
      </object_component>
      <object_component id="oc-1e9">
         <name>.text.targetTxDoneCb</name>
         <load_address>0x2ba0</load_address>
         <readonly>true</readonly>
         <executable>true</executable>
         <run_address>0x2ba0</run_address>
         <size>0x30</size>
         <alignment>0x4</alignment>
         <input_file_ref idref="fl-42"/>
      </object_component>
      <object_component id="oc-1df">
         <name>.text.DL_DMA_setSrcIncrement</name>
         <load_address>0x2bd0</load_address>
         <readonly>true</readonly>
         <executable>true</executable>
         <run_address>0x2bd0</run_address>
         <size>0x2e</size>
         <alignment>0x2</alignment>
         <input_file_ref idref="fl-41"/>
      </object_component>
      <object_component id="oc-1c2">
         <name>.text.Delay_Timer_Start</name>
         <load_address>0x2c00</load_address>
         <readonly>true</readonly>
         <executable>true</executable>
         <run_address>0x2c00</run_address>
         <size>0x2c</size>
         <alignment>0x4</alignment>
         <input_file_ref idref="fl-5"/>
      </object_component>
      <object_component id="oc-1c8">
         <name>.text.__NVIC_ClearPendingIRQ</name>
         <load_address>0x2c2c</load_address>
         <readonly>true</readonly>
         <executable>true</executable>
         <run_address>0x2c2c</run_address>
         <size>0x2c</size>
         <alignment>0x4</alignment>
         <input_file_ref idref="fl-3e"/>
      </object_component>
      <object_component id="oc-1ce">
         <name>.text.__NVIC_ClearPendingIRQ</name>
         <load_address>0x2c58</load_address>
         <readonly>true</readonly>
         <executable>true</executable>
         <run_address>0x2c58</run_address>
         <size>0x2c</size>
         <alignment>0x4</alignment>
         <input_file_ref idref="fl-3f"/>
      </object_component>
      <object_component id="oc-1b6">
         <name>.text.__NVIC_ClearPendingIRQ</name>
         <load_address>0x2c84</load_address>
         <readonly>true</readonly>
         <executable>true</executable>
         <run_address>0x2c84</run_address>
         <size>0x2c</size>
         <alignment>0x4</alignment>
         <input_file_ref idref="fl-40"/>
      </object_component>
      <object_component id="oc-1af">
         <name>.text.__NVIC_ClearPendingIRQ</name>
         <load_address>0x2cb0</load_address>
         <readonly>true</readonly>
         <executable>true</executable>
         <run_address>0x2cb0</run_address>
         <size>0x2c</size>
         <alignment>0x4</alignment>
         <input_file_ref idref="fl-41"/>
      </object_component>
      <object_component id="oc-1c9">
         <name>.text.__NVIC_EnableIRQ</name>
         <load_address>0x2cdc</load_address>
         <readonly>true</readonly>
         <executable>true</executable>
         <run_address>0x2cdc</run_address>
         <size>0x2c</size>
         <alignment>0x4</alignment>
         <input_file_ref idref="fl-3e"/>
      </object_component>
      <object_component id="oc-1cf">
         <name>.text.__NVIC_EnableIRQ</name>
         <load_address>0x2d08</load_address>
         <readonly>true</readonly>
         <executable>true</executable>
         <run_address>0x2d08</run_address>
         <size>0x2c</size>
         <alignment>0x4</alignment>
         <input_file_ref idref="fl-3f"/>
      </object_component>
      <object_component id="oc-1b7">
         <name>.text.__NVIC_EnableIRQ</name>
         <load_address>0x2d34</load_address>
         <readonly>true</readonly>
         <executable>true</executable>
         <run_address>0x2d34</run_address>
         <size>0x2c</size>
         <alignment>0x4</alignment>
         <input_file_ref idref="fl-40"/>
      </object_component>
      <object_component id="oc-1b0">
         <name>.text.__NVIC_EnableIRQ</name>
         <load_address>0x2d60</load_address>
         <readonly>true</readonly>
         <executable>true</executable>
         <run_address>0x2d60</run_address>
         <size>0x2c</size>
         <alignment>0x4</alignment>
         <input_file_ref idref="fl-41"/>
      </object_component>
      <object_component id="oc-75">
         <name>.text.Timer_Timeout_IRQ</name>
         <load_address>0x2d8c</load_address>
         <readonly>true</readonly>
         <executable>true</executable>
         <run_address>0x2d8c</run_address>
         <size>0x2a</size>
         <alignment>0x2</alignment>
         <input_file_ref idref="fl-40"/>
      </object_component>
      <object_component id="oc-1fb">
         <name>.text.Timer_Timeout_reStart</name>
         <load_address>0x2db6</load_address>
         <readonly>true</readonly>
         <executable>true</executable>
         <run_address>0x2db6</run_address>
         <size>0x2a</size>
         <alignment>0x2</alignment>
         <input_file_ref idref="fl-40"/>
      </object_component>
      <object_component id="oc-dd">
         <name>.text.waitForControllerToIdle</name>
         <load_address>0x2de0</load_address>
         <readonly>true</readonly>
         <executable>true</executable>
         <run_address>0x2de0</run_address>
         <size>0x2a</size>
         <alignment>0x2</alignment>
         <input_file_ref idref="fl-3e"/>
      </object_component>
      <object_component id="oc-1f5">
         <name>.text.DL_Common_updateReg</name>
         <load_address>0x2e0a</load_address>
         <readonly>true</readonly>
         <executable>true</executable>
         <run_address>0x2e0a</run_address>
         <size>0x28</size>
         <alignment>0x2</alignment>
         <input_file_ref idref="fl-3e"/>
      </object_component>
      <object_component id="oc-1e2">
         <name>.text.DL_Common_updateReg</name>
         <load_address>0x2e32</load_address>
         <readonly>true</readonly>
         <executable>true</executable>
         <run_address>0x2e32</run_address>
         <size>0x28</size>
         <alignment>0x2</alignment>
         <input_file_ref idref="fl-40"/>
      </object_component>
      <object_component id="oc-1f9">
         <name>.text.DL_Common_updateReg</name>
         <load_address>0x2e5a</load_address>
         <readonly>true</readonly>
         <executable>true</executable>
         <run_address>0x2e5a</run_address>
         <size>0x28</size>
         <alignment>0x2</alignment>
         <input_file_ref idref="fl-41"/>
      </object_component>
      <object_component id="oc-1d8">
         <name>.text.DL_DMA_setDestAddr</name>
         <load_address>0x2e84</load_address>
         <readonly>true</readonly>
         <executable>true</executable>
         <run_address>0x2e84</run_address>
         <size>0x28</size>
         <alignment>0x4</alignment>
         <input_file_ref idref="fl-41"/>
      </object_component>
      <object_component id="oc-1db">
         <name>.text.DL_DMA_setSrcAddr</name>
         <load_address>0x2eac</load_address>
         <readonly>true</readonly>
         <executable>true</executable>
         <run_address>0x2eac</run_address>
         <size>0x28</size>
         <alignment>0x4</alignment>
         <input_file_ref idref="fl-41"/>
      </object_component>
      <object_component id="oc-1cb">
         <name>.text.DL_I2C_setControllerRXFIFOThreshold</name>
         <load_address>0x2ed4</load_address>
         <readonly>true</readonly>
         <executable>true</executable>
         <run_address>0x2ed4</run_address>
         <size>0x28</size>
         <alignment>0x4</alignment>
         <input_file_ref idref="fl-3e"/>
      </object_component>
      <object_component id="oc-1ca">
         <name>.text.DL_I2C_setControllerTXFIFOThreshold</name>
         <load_address>0x2efc</load_address>
         <readonly>true</readonly>
         <executable>true</executable>
         <run_address>0x2efc</run_address>
         <size>0x28</size>
         <alignment>0x4</alignment>
         <input_file_ref idref="fl-3e"/>
      </object_component>
      <object_component id="oc-1eb">
         <name>.text.targetTxInProgressCb</name>
         <load_address>0x2f24</load_address>
         <readonly>true</readonly>
         <executable>true</executable>
         <run_address>0x2f24</run_address>
         <size>0x28</size>
         <alignment>0x4</alignment>
         <input_file_ref idref="fl-42"/>
      </object_component>
      <object_component id="oc-58">
         <name>.text:_c_int00_noargs</name>
         <load_address>0x2f4c</load_address>
         <readonly>true</readonly>
         <executable>true</executable>
         <run_address>0x2f4c</run_address>
         <size>0x28</size>
         <alignment>0x4</alignment>
         <input_file_ref idref="fl-33"/>
      </object_component>
      <object_component id="oc-201">
         <name>.text.DL_DMA_disableChannel</name>
         <load_address>0x2f74</load_address>
         <readonly>true</readonly>
         <executable>true</executable>
         <run_address>0x2f74</run_address>
         <size>0x26</size>
         <alignment>0x2</alignment>
         <input_file_ref idref="fl-41"/>
      </object_component>
      <object_component id="oc-1da">
         <name>.text.DL_DMA_enableChannel</name>
         <load_address>0x2f9a</load_address>
         <readonly>true</readonly>
         <executable>true</executable>
         <run_address>0x2f9a</run_address>
         <size>0x26</size>
         <alignment>0x2</alignment>
         <input_file_ref idref="fl-41"/>
      </object_component>
      <object_component id="oc-155">
         <name>.text.DL_I2C_setClockConfig</name>
         <load_address>0x2fc0</load_address>
         <readonly>true</readonly>
         <executable>true</executable>
         <run_address>0x2fc0</run_address>
         <size>0x26</size>
         <alignment>0x2</alignment>
         <input_file_ref idref="fl-1b"/>
      </object_component>
      <object_component id="oc-12f">
         <name>.text.control_init</name>
         <load_address>0x2fe8</load_address>
         <readonly>true</readonly>
         <executable>true</executable>
         <run_address>0x2fe8</run_address>
         <size>0x24</size>
         <alignment>0x4</alignment>
         <input_file_ref idref="fl-4"/>
      </object_component>
      <object_component id="oc-93">
         <name>.text.main</name>
         <load_address>0x300c</load_address>
         <readonly>true</readonly>
         <executable>true</executable>
         <run_address>0x300c</run_address>
         <size>0x24</size>
         <alignment>0x4</alignment>
         <input_file_ref idref="fl-9"/>
      </object_component>
      <object_component id="oc-1b5">
         <name>.text.DL_Timer_setCounterValueAfterEnable</name>
         <load_address>0x3030</load_address>
         <readonly>true</readonly>
         <executable>true</executable>
         <run_address>0x3030</run_address>
         <size>0x20</size>
         <alignment>0x4</alignment>
         <input_file_ref idref="fl-40"/>
      </object_component>
      <object_component id="oc-1cc">
         <name>.text.DL_I2C_enableInterrupt</name>
         <load_address>0x3050</load_address>
         <readonly>true</readonly>
         <executable>true</executable>
         <run_address>0x3050</run_address>
         <size>0x1c</size>
         <alignment>0x4</alignment>
         <input_file_ref idref="fl-3e"/>
      </object_component>
      <object_component id="oc-d5">
         <name>.text.DL_I2C_isControllerRXFIFOEmpty</name>
         <load_address>0x306c</load_address>
         <readonly>true</readonly>
         <executable>true</executable>
         <run_address>0x306c</run_address>
         <size>0x1c</size>
         <alignment>0x4</alignment>
         <input_file_ref idref="fl-3e"/>
      </object_component>
      <object_component id="oc-1e6">
         <name>.text.DL_Timer_disableInterrupt</name>
         <load_address>0x3088</load_address>
         <readonly>true</readonly>
         <executable>true</executable>
         <run_address>0x3088</run_address>
         <size>0x1c</size>
         <alignment>0x4</alignment>
         <input_file_ref idref="fl-40"/>
      </object_component>
      <object_component id="oc-1e7">
         <name>.text.DL_Timer_enableInterrupt</name>
         <load_address>0x30a4</load_address>
         <readonly>true</readonly>
         <executable>true</executable>
         <run_address>0x30a4</run_address>
         <size>0x1c</size>
         <alignment>0x4</alignment>
         <input_file_ref idref="fl-40"/>
      </object_component>
      <object_component id="oc-14a">
         <name>.text.DL_Timer_setClockConfig</name>
         <load_address>0x30c0</load_address>
         <readonly>true</readonly>
         <executable>true</executable>
         <run_address>0x30c0</run_address>
         <size>0x1c</size>
         <alignment>0x4</alignment>
         <input_file_ref idref="fl-1d"/>
      </object_component>
      <object_component id="oc-132">
         <name>.text.UART_Target_getState</name>
         <load_address>0x30dc</load_address>
         <readonly>true</readonly>
         <executable>true</executable>
         <run_address>0x30dc</run_address>
         <size>0x1c</size>
         <alignment>0x4</alignment>
         <input_file_ref idref="fl-42"/>
      </object_component>
      <object_component id="oc-1e4">
         <name>.text.DL_Timer_clearInterruptStatus</name>
         <load_address>0x30f8</load_address>
         <readonly>true</readonly>
         <executable>true</executable>
         <run_address>0x30f8</run_address>
         <size>0x18</size>
         <alignment>0x4</alignment>
         <input_file_ref idref="fl-40"/>
      </object_component>
      <object_component id="oc-1e5">
         <name>.text.DL_Timer_setLoadValue</name>
         <load_address>0x3110</load_address>
         <readonly>true</readonly>
         <executable>true</executable>
         <run_address>0x3110</run_address>
         <size>0x18</size>
         <alignment>0x4</alignment>
         <input_file_ref idref="fl-40"/>
      </object_component>
      <object_component id="oc-200">
         <name>.text.DL_Timer_startCounter</name>
         <load_address>0x3128</load_address>
         <readonly>true</readonly>
         <executable>true</executable>
         <run_address>0x3128</run_address>
         <size>0x18</size>
         <alignment>0x4</alignment>
         <input_file_ref idref="fl-40"/>
      </object_component>
      <object_component id="oc-1e3">
         <name>.text.DL_Timer_stopCounter</name>
         <load_address>0x3140</load_address>
         <readonly>true</readonly>
         <executable>true</executable>
         <run_address>0x3140</run_address>
         <size>0x18</size>
         <alignment>0x4</alignment>
         <input_file_ref idref="fl-40"/>
      </object_component>
      <object_component id="oc-129">
         <name>.text.i2c_init</name>
         <load_address>0x3158</load_address>
         <readonly>true</readonly>
         <executable>true</executable>
         <run_address>0x3158</run_address>
         <size>0x18</size>
         <alignment>0x4</alignment>
         <input_file_ref idref="fl-8"/>
      </object_component>
      <object_component id="oc-12b">
         <name>.text.spi_init</name>
         <load_address>0x3170</load_address>
         <readonly>true</readonly>
         <executable>true</executable>
         <run_address>0x3170</run_address>
         <size>0x18</size>
         <alignment>0x4</alignment>
         <input_file_ref idref="fl-a"/>
      </object_component>
      <object_component id="oc-a2">
         <name>.text.DL_SPI_transmitData16</name>
         <load_address>0x3188</load_address>
         <readonly>true</readonly>
         <executable>true</executable>
         <run_address>0x3188</run_address>
         <size>0x16</size>
         <alignment>0x2</alignment>
         <input_file_ref idref="fl-3f"/>
      </object_component>
      <object_component id="oc-7b">
         <name>.text.Delay_Timer_IRQ</name>
         <load_address>0x319e</load_address>
         <readonly>true</readonly>
         <executable>true</executable>
         <run_address>0x319e</run_address>
         <size>0x16</size>
         <alignment>0x2</alignment>
         <input_file_ref idref="fl-5"/>
      </object_component>
      <object_component id="oc-110">
         <name>.text.DL_I2C_getControllerStatus</name>
         <load_address>0x31b4</load_address>
         <readonly>true</readonly>
         <executable>true</executable>
         <run_address>0x31b4</run_address>
         <size>0x14</size>
         <alignment>0x4</alignment>
         <input_file_ref idref="fl-3e"/>
      </object_component>
      <object_component id="oc-d6">
         <name>.text.DL_I2C_receiveControllerData</name>
         <load_address>0x31c8</load_address>
         <readonly>true</readonly>
         <executable>true</executable>
         <run_address>0x31c8</run_address>
         <size>0x14</size>
         <alignment>0x4</alignment>
         <input_file_ref idref="fl-3e"/>
      </object_component>
      <object_component id="oc-a1">
         <name>.text.DL_SPI_receiveData16</name>
         <load_address>0x31dc</load_address>
         <readonly>true</readonly>
         <executable>true</executable>
         <run_address>0x31dc</run_address>
         <size>0x14</size>
         <alignment>0x4</alignment>
         <input_file_ref idref="fl-3f"/>
      </object_component>
      <object_component id="oc-d4">
         <name>.text.DL_I2C_getPendingInterrupt</name>
         <load_address>0x31f0</load_address>
         <readonly>true</readonly>
         <executable>true</executable>
         <run_address>0x31f0</run_address>
         <size>0x12</size>
         <alignment>0x2</alignment>
         <input_file_ref idref="fl-3e"/>
      </object_component>
      <object_component id="oc-a0">
         <name>.text.DL_SPI_getPendingInterrupt</name>
         <load_address>0x3202</load_address>
         <readonly>true</readonly>
         <executable>true</executable>
         <run_address>0x3202</run_address>
         <size>0x12</size>
         <alignment>0x2</alignment>
         <input_file_ref idref="fl-3f"/>
      </object_component>
      <object_component id="oc-15b">
         <name>.text.DL_SPI_setClockConfig</name>
         <load_address>0x3214</load_address>
         <readonly>true</readonly>
         <executable>true</executable>
         <run_address>0x3214</run_address>
         <size>0x12</size>
         <alignment>0x2</alignment>
         <input_file_ref idref="fl-1c"/>
      </object_component>
      <object_component id="oc-d1">
         <name>.text.DL_Timer_getPendingInterrupt</name>
         <load_address>0x3226</load_address>
         <readonly>true</readonly>
         <executable>true</executable>
         <run_address>0x3226</run_address>
         <size>0x12</size>
         <alignment>0x2</alignment>
         <input_file_ref idref="fl-40"/>
      </object_component>
      <object_component id="oc-c7">
         <name>.text.DL_UART_getPendingInterrupt</name>
         <load_address>0x3238</load_address>
         <readonly>true</readonly>
         <executable>true</executable>
         <run_address>0x3238</run_address>
         <size>0x12</size>
         <alignment>0x2</alignment>
         <input_file_ref idref="fl-41"/>
      </object_component>
      <object_component id="oc-157">
         <name>.text.DL_UART_setClockConfig</name>
         <load_address>0x324a</load_address>
         <readonly>true</readonly>
         <executable>true</executable>
         <run_address>0x324a</run_address>
         <size>0x12</size>
         <alignment>0x2</alignment>
         <input_file_ref idref="fl-1e"/>
      </object_component>
      <object_component id="oc-1c3">
         <name>.text.Delay_Timer_Get</name>
         <load_address>0x325c</load_address>
         <readonly>true</readonly>
         <executable>true</executable>
         <run_address>0x325c</run_address>
         <size>0x12</size>
         <alignment>0x2</alignment>
         <input_file_ref idref="fl-5"/>
      </object_component>
      <object_component id="oc-20">
         <name>.text:decompress:none</name>
         <load_address>0x326e</load_address>
         <readonly>true</readonly>
         <executable>true</executable>
         <run_address>0x326e</run_address>
         <size>0x12</size>
         <alignment>0x2</alignment>
         <input_file_ref idref="fl-39"/>
      </object_component>
      <object_component id="oc-3c">
         <name>.text.I2C1_IRQHandler</name>
         <load_address>0x3280</load_address>
         <readonly>true</readonly>
         <executable>true</executable>
         <run_address>0x3280</run_address>
         <size>0x10</size>
         <alignment>0x4</alignment>
         <input_file_ref idref="fl-2"/>
      </object_component>
      <object_component id="oc-1ee">
         <name>.text.I2C_Controller_Transaction_Done</name>
         <load_address>0x3290</load_address>
         <readonly>true</readonly>
         <executable>true</executable>
         <run_address>0x3290</run_address>
         <size>0x10</size>
         <alignment>0x2</alignment>
         <input_file_ref idref="fl-3e"/>
      </object_component>
      <object_component id="oc-34">
         <name>.text.SPI0_IRQHandler</name>
         <load_address>0x32a0</load_address>
         <readonly>true</readonly>
         <executable>true</executable>
         <run_address>0x32a0</run_address>
         <size>0x10</size>
         <alignment>0x4</alignment>
         <input_file_ref idref="fl-2"/>
      </object_component>
      <object_component id="oc-3a">
         <name>.text.TIMA0_IRQHandler</name>
         <load_address>0x32b0</load_address>
         <readonly>true</readonly>
         <executable>true</executable>
         <run_address>0x32b0</run_address>
         <size>0x10</size>
         <alignment>0x4</alignment>
         <input_file_ref idref="fl-2"/>
      </object_component>
      <object_component id="oc-3b">
         <name>.text.TIMG7_IRQHandler</name>
         <load_address>0x32c0</load_address>
         <readonly>true</readonly>
         <executable>true</executable>
         <run_address>0x32c0</run_address>
         <size>0x10</size>
         <alignment>0x4</alignment>
         <input_file_ref idref="fl-2"/>
      </object_component>
      <object_component id="oc-39">
         <name>.text.UART0_IRQHandler</name>
         <load_address>0x32d0</load_address>
         <readonly>true</readonly>
         <executable>true</executable>
         <run_address>0x32d0</run_address>
         <size>0x10</size>
         <alignment>0x4</alignment>
         <input_file_ref idref="fl-2"/>
      </object_component>
      <object_component id="oc-1b3">
         <name>.text.defaultUartCallBack</name>
         <load_address>0x32e0</load_address>
         <readonly>true</readonly>
         <executable>true</executable>
         <run_address>0x32e0</run_address>
         <size>0x10</size>
         <alignment>0x2</alignment>
         <input_file_ref idref="fl-41"/>
      </object_component>
      <object_component id="oc-1b4">
         <name>.text.defaultUartInprogressCallback</name>
         <load_address>0x32f0</load_address>
         <readonly>true</readonly>
         <executable>true</executable>
         <run_address>0x32f0</run_address>
         <size>0x10</size>
         <alignment>0x2</alignment>
         <input_file_ref idref="fl-41"/>
      </object_component>
      <object_component id="oc-1f2">
         <name>.text.mux_disable_all</name>
         <load_address>0x3300</load_address>
         <readonly>true</readonly>
         <executable>true</executable>
         <run_address>0x3300</run_address>
         <size>0x10</size>
         <alignment>0x4</alignment>
         <input_file_ref idref="fl-1"/>
      </object_component>
      <object_component id="oc-55">
         <name>.text:decompress:ZI</name>
         <load_address>0x3310</load_address>
         <readonly>true</readonly>
         <executable>true</executable>
         <run_address>0x3310</run_address>
         <size>0x10</size>
         <alignment>0x2</alignment>
         <input_file_ref idref="fl-38"/>
      </object_component>
      <object_component id="oc-8a">
         <name>.text.__aeabi_memclr</name>
         <load_address>0x3320</load_address>
         <readonly>true</readonly>
         <executable>true</executable>
         <run_address>0x3320</run_address>
         <size>0xc</size>
         <alignment>0x4</alignment>
         <input_file_ref idref="fl-d9"/>
      </object_component>
      <object_component id="oc-172">
         <name>.text.battery_voltage_check_site_0</name>
         <load_address>0x332c</load_address>
         <readonly>true</readonly>
         <executable>true</executable>
         <run_address>0x332c</run_address>
         <size>0xc</size>
         <alignment>0x2</alignment>
         <input_file_ref idref="fl-3"/>
      </object_component>
      <object_component id="oc-1b8">
         <name>.text.defaultTimerSingleTriggerCB</name>
         <load_address>0x3338</load_address>
         <readonly>true</readonly>
         <executable>true</executable>
         <run_address>0x3338</run_address>
         <size>0xc</size>
         <alignment>0x2</alignment>
         <input_file_ref idref="fl-40"/>
      </object_component>
      <object_component id="oc-17b">
         <name>.text.led_status_voltage_0_0_site_0</name>
         <load_address>0x3344</load_address>
         <readonly>true</readonly>
         <executable>true</executable>
         <run_address>0x3344</run_address>
         <size>0xc</size>
         <alignment>0x2</alignment>
         <input_file_ref idref="fl-3"/>
      </object_component>
      <object_component id="oc-17d">
         <name>.text.led_status_voltage_0_1_site_0</name>
         <load_address>0x3350</load_address>
         <readonly>true</readonly>
         <executable>true</executable>
         <run_address>0x3350</run_address>
         <size>0xc</size>
         <alignment>0x2</alignment>
         <input_file_ref idref="fl-3"/>
      </object_component>
      <object_component id="oc-17f">
         <name>.text.led_status_voltage_1_0_site_0</name>
         <load_address>0x335c</load_address>
         <readonly>true</readonly>
         <executable>true</executable>
         <run_address>0x335c</run_address>
         <size>0xc</size>
         <alignment>0x2</alignment>
         <input_file_ref idref="fl-3"/>
      </object_component>
      <object_component id="oc-187">
         <name>.text.led_status_voltage_1_site_0</name>
         <load_address>0x3368</load_address>
         <readonly>true</readonly>
         <executable>true</executable>
         <run_address>0x3368</run_address>
         <size>0xc</size>
         <alignment>0x2</alignment>
         <input_file_ref idref="fl-3"/>
      </object_component>
      <object_component id="oc-184">
         <name>.text.led_status_voltage_2_0_site_0</name>
         <load_address>0x3374</load_address>
         <readonly>true</readonly>
         <executable>true</executable>
         <run_address>0x3374</run_address>
         <size>0xc</size>
         <alignment>0x2</alignment>
         <input_file_ref idref="fl-3"/>
      </object_component>
      <object_component id="oc-189">
         <name>.text.led_status_voltage_2_site_0</name>
         <load_address>0x3380</load_address>
         <readonly>true</readonly>
         <executable>true</executable>
         <run_address>0x3380</run_address>
         <size>0xc</size>
         <alignment>0x2</alignment>
         <input_file_ref idref="fl-3"/>
      </object_component>
      <object_component id="oc-18b">
         <name>.text.led_status_voltage_3_site_0</name>
         <load_address>0x338c</load_address>
         <readonly>true</readonly>
         <executable>true</executable>
         <run_address>0x338c</run_address>
         <size>0xc</size>
         <alignment>0x2</alignment>
         <input_file_ref idref="fl-3"/>
      </object_component>
      <object_component id="oc-1cd">
         <name>.text.noActionController</name>
         <load_address>0x3398</load_address>
         <readonly>true</readonly>
         <executable>true</executable>
         <run_address>0x3398</run_address>
         <size>0xc</size>
         <alignment>0x2</alignment>
         <input_file_ref idref="fl-3e"/>
      </object_component>
      <object_component id="oc-1d0">
         <name>.text.noActionSPIInterface</name>
         <load_address>0x33a4</load_address>
         <readonly>true</readonly>
         <executable>true</executable>
         <run_address>0x33a4</run_address>
         <size>0xc</size>
         <alignment>0x2</alignment>
         <input_file_ref idref="fl-3f"/>
      </object_component>
      <object_component id="oc-1c4">
         <name>.text.switch_off</name>
         <load_address>0x33b0</load_address>
         <readonly>true</readonly>
         <executable>true</executable>
         <run_address>0x33b0</run_address>
         <size>0xc</size>
         <alignment>0x4</alignment>
         <input_file_ref idref="fl-4"/>
      </object_component>
      <object_component id="oc-1c1">
         <name>.text.switch_on</name>
         <load_address>0x33bc</load_address>
         <readonly>true</readonly>
         <executable>true</executable>
         <run_address>0x33bc</run_address>
         <size>0xc</size>
         <alignment>0x4</alignment>
         <input_file_ref idref="fl-4"/>
      </object_component>
      <object_component id="oc-176">
         <name>.text.switch_voltage_default_site_0</name>
         <load_address>0x33c8</load_address>
         <readonly>true</readonly>
         <executable>true</executable>
         <run_address>0x33c8</run_address>
         <size>0xc</size>
         <alignment>0x2</alignment>
         <input_file_ref idref="fl-3"/>
      </object_component>
      <object_component id="oc-146">
         <name>.text.DL_Common_delayCycles</name>
         <load_address>0x33d4</load_address>
         <readonly>true</readonly>
         <executable>true</executable>
         <run_address>0x33d4</run_address>
         <size>0xa</size>
         <alignment>0x2</alignment>
         <input_file_ref idref="fl-1a"/>
      </object_component>
      <object_component id="oc-48">
         <name>.text.__aeabi_memcpy</name>
         <load_address>0x33e0</load_address>
         <readonly>true</readonly>
         <executable>true</executable>
         <run_address>0x33e0</run_address>
         <size>0x8</size>
         <alignment>0x4</alignment>
         <input_file_ref idref="fl-d8"/>
      </object_component>
      <object_component id="oc-2f">
         <name>.text.Reset_Handler</name>
         <load_address>0x33e8</load_address>
         <readonly>true</readonly>
         <executable>true</executable>
         <run_address>0x33e8</run_address>
         <size>0x4</size>
         <alignment>0x2</alignment>
         <input_file_ref idref="fl-7"/>
      </object_component>
      <object_component id="oc-8f">
         <name>.text._system_pre_init</name>
         <load_address>0x33ec</load_address>
         <readonly>true</readonly>
         <executable>true</executable>
         <run_address>0x33ec</run_address>
         <size>0x4</size>
         <alignment>0x2</alignment>
         <input_file_ref idref="fl-36"/>
      </object_component>
      <object_component id="oc-f3">
         <name>.text:abort</name>
         <load_address>0x33f0</load_address>
         <readonly>true</readonly>
         <executable>true</executable>
         <run_address>0x33f0</run_address>
         <size>0x4</size>
         <alignment>0x2</alignment>
         <input_file_ref idref="fl-3b"/>
      </object_component>
      <object_component id="oc-244">
         <name>.cinit..data.load</name>
         <load_address>0x3648</load_address>
         <readonly>true</readonly>
         <run_address>0x3648</run_address>
         <size>0x18</size>
         <alignment>0x1</alignment>
      </object_component>
      <object_component id="oc-242">
         <name>__TI_handler_table</name>
         <load_address>0x3660</load_address>
         <readonly>true</readonly>
         <run_address>0x3660</run_address>
         <size>0xc</size>
         <alignment>0x4</alignment>
      </object_component>
      <object_component id="oc-245">
         <name>.cinit..bss.load</name>
         <load_address>0x366c</load_address>
         <readonly>true</readonly>
         <run_address>0x366c</run_address>
         <size>0x8</size>
         <alignment>0x4</alignment>
      </object_component>
      <object_component id="oc-243">
         <name>__TI_cinit_table</name>
         <load_address>0x3674</load_address>
         <readonly>true</readonly>
         <run_address>0x3674</run_address>
         <size>0x10</size>
         <alignment>0x4</alignment>
      </object_component>
      <object_component id="oc-183">
         <name>.rodata.str1.147366942764206254111</name>
         <load_address>0x33f8</load_address>
         <readonly>true</readonly>
         <run_address>0x33f8</run_address>
         <size>0x18</size>
         <alignment>0x1</alignment>
         <input_file_ref idref="fl-2"/>
      </object_component>
      <object_component id="oc-181">
         <name>.rodata.str1.21849889636613714601</name>
         <load_address>0x3410</load_address>
         <readonly>true</readonly>
         <run_address>0x3410</run_address>
         <size>0x18</size>
         <alignment>0x1</alignment>
         <input_file_ref idref="fl-2"/>
      </object_component>
      <object_component id="oc-182">
         <name>.rodata.str1.61371923034458905691</name>
         <load_address>0x3428</load_address>
         <readonly>true</readonly>
         <run_address>0x3428</run_address>
         <size>0x18</size>
         <alignment>0x1</alignment>
         <input_file_ref idref="fl-2"/>
      </object_component>
      <object_component id="oc-185">
         <name>.rodata.str1.97381019797524027191</name>
         <load_address>0x3440</load_address>
         <readonly>true</readonly>
         <run_address>0x3440</run_address>
         <size>0x18</size>
         <alignment>0x1</alignment>
         <input_file_ref idref="fl-2"/>
      </object_component>
      <object_component id="oc-171">
         <name>.rodata.str1.112458129122677307381</name>
         <load_address>0x3458</load_address>
         <readonly>true</readonly>
         <run_address>0x3458</run_address>
         <size>0x17</size>
         <alignment>0x1</alignment>
         <input_file_ref idref="fl-2"/>
      </object_component>
      <object_component id="oc-17e">
         <name>.rodata.str1.149615729164433715791</name>
         <load_address>0x346f</load_address>
         <readonly>true</readonly>
         <run_address>0x346f</run_address>
         <size>0x17</size>
         <alignment>0x1</alignment>
         <input_file_ref idref="fl-2"/>
      </object_component>
      <object_component id="oc-17c">
         <name>.rodata.str1.157211581842481736451</name>
         <load_address>0x3486</load_address>
         <readonly>true</readonly>
         <run_address>0x3486</run_address>
         <size>0x17</size>
         <alignment>0x1</alignment>
         <input_file_ref idref="fl-2"/>
      </object_component>
      <object_component id="oc-180">
         <name>.rodata.str1.180651896935739422851</name>
         <load_address>0x349d</load_address>
         <readonly>true</readonly>
         <run_address>0x349d</run_address>
         <size>0x17</size>
         <alignment>0x1</alignment>
         <input_file_ref idref="fl-2"/>
      </object_component>
      <object_component id="oc-177">
         <name>.rodata.str1.59354850965935802921</name>
         <load_address>0x34b4</load_address>
         <readonly>true</readonly>
         <run_address>0x34b4</run_address>
         <size>0x17</size>
         <alignment>0x1</alignment>
         <input_file_ref idref="fl-2"/>
      </object_component>
      <object_component id="oc-186">
         <name>.rodata.str1.89171471831847724281</name>
         <load_address>0x34cb</load_address>
         <readonly>true</readonly>
         <run_address>0x34cb</run_address>
         <size>0x17</size>
         <alignment>0x1</alignment>
         <input_file_ref idref="fl-2"/>
      </object_component>
      <object_component id="oc-16d">
         <name>.rodata.str1.91024950347392736991</name>
         <load_address>0x34e2</load_address>
         <readonly>true</readonly>
         <run_address>0x34e2</run_address>
         <size>0x17</size>
         <alignment>0x1</alignment>
         <input_file_ref idref="fl-2"/>
      </object_component>
      <object_component id="oc-173">
         <name>.rodata.str1.181698742966647900341</name>
         <load_address>0x34f9</load_address>
         <readonly>true</readonly>
         <run_address>0x34f9</run_address>
         <size>0x16</size>
         <alignment>0x1</alignment>
         <input_file_ref idref="fl-2"/>
      </object_component>
      <object_component id="oc-18e">
         <name>.rodata.str1.91830950864718940761</name>
         <load_address>0x350f</load_address>
         <readonly>true</readonly>
         <run_address>0x350f</run_address>
         <size>0x16</size>
         <alignment>0x1</alignment>
         <input_file_ref idref="fl-2"/>
      </object_component>
      <object_component id="oc-16a">
         <name>.rodata.str1.115467379878751397891</name>
         <load_address>0x3525</load_address>
         <readonly>true</readonly>
         <run_address>0x3525</run_address>
         <size>0x15</size>
         <alignment>0x1</alignment>
         <input_file_ref idref="fl-2"/>
      </object_component>
      <object_component id="oc-179">
         <name>.rodata.str1.35400907796042165521</name>
         <load_address>0x353a</load_address>
         <readonly>true</readonly>
         <run_address>0x353a</run_address>
         <size>0x15</size>
         <alignment>0x1</alignment>
         <input_file_ref idref="fl-2"/>
      </object_component>
      <object_component id="oc-16f">
         <name>.rodata.str1.9803400861254684601</name>
         <load_address>0x354f</load_address>
         <readonly>true</readonly>
         <run_address>0x354f</run_address>
         <size>0x15</size>
         <alignment>0x1</alignment>
         <input_file_ref idref="fl-2"/>
      </object_component>
      <object_component id="oc-152">
         <name>.rodata.gTIMER_0TimerConfig</name>
         <load_address>0x3564</load_address>
         <readonly>true</readonly>
         <run_address>0x3564</run_address>
         <size>0x14</size>
         <alignment>0x4</alignment>
         <input_file_ref idref="fl-6"/>
      </object_component>
      <object_component id="oc-154">
         <name>.rodata.gTIMER_1TimerConfig</name>
         <load_address>0x3578</load_address>
         <readonly>true</readonly>
         <run_address>0x3578</run_address>
         <size>0x14</size>
         <alignment>0x4</alignment>
         <input_file_ref idref="fl-6"/>
      </object_component>
      <object_component id="oc-1c7">
         <name>.rodata.str1.173872204333794641154</name>
         <load_address>0x358c</load_address>
         <readonly>true</readonly>
         <run_address>0x358c</run_address>
         <size>0x12</size>
[...]
      </symbol>
      <symbol id="sm-13b">
         <name>SYSCFG_DL_TIMER_0_init</name>
         <value>0x2881</value>
         <object_component_ref idref="oc-11d"/>
      </symbol>
      <symbol id="sm-13c">
         <name>SYSCFG_DL_TIMER_1_init</name>
         <value>0x296d</value>
         <object_component_ref idref="oc-11e"/>
      </symbol>
      <symbol id="sm-13d">
         <name>SYSCFG_DL_MCU_I2C_init</name>
         <value>0x2569</value>
         <object_component_ref idref="oc-11f"/>
      </symbol>
      <symbol id="sm-13e">
         <name>SYSCFG_DL_UART_0_init</name>
         <value>0x2029</value>
         <object_component_ref idref="oc-120"/>
      </symbol>
      <symbol id="sm-13f">
         <name>SYSCFG_DL_SPI_0_init</name>
         <value>0x235d</value>
         <object_component_ref idref="oc-121"/>
      </symbol>
      <symbol id="sm-140">
         <name>gTIMER_0Backup</name>
         <value>0x20201364</value>
      </symbol>
      <symbol id="sm-141">
         <name>gTIMER_1Backup</name>
         <value>0x20201420</value>
      </symbol>
      <symbol id="sm-142">
         <name>gSPI_0Backup</name>
         <value>0x20201514</value>
      </symbol>
      <symbol id="sm-14d">
         <name>Default_Handler</name>
         <value>0xa2b</value>
         <object_component_ref idref="oc-33"/>
      </symbol>
      <symbol id="sm-14e">
         <name>Reset_Handler</name>
         <value>0x33e9</value>
         <object_component_ref idref="oc-2f"/>
      </symbol>
      <symbol id="sm-14f">
         <name>interruptVectors</name>
         <value>0x0</value>
         <object_component_ref idref="oc-18"/>
      </symbol>
      <symbol id="sm-150">
         <name>NMI_Handler</name>
         <value>0xa2b</value>
         <object_component_ref idref="oc-33"/>
      </symbol>
      <symbol id="sm-151">
         <name>HardFault_Handler</name>
         <value>0xa2b</value>
         <object_component_ref idref="oc-33"/>
      </symbol>
      <symbol id="sm-152">
         <name>SVC_Handler</name>
         <value>0xa2b</value>
         <object_component_ref idref="oc-33"/>
      </symbol>
      <symbol id="sm-153">
         <name>PendSV_Handler</name>
         <value>0xa2b</value>
         <object_component_ref idref="oc-33"/>
      </symbol>
      <symbol id="sm-154">
         <name>SysTick_Handler</name>
         <value>0xa2b</value>
         <object_component_ref idref="oc-33"/>
      </symbol>
      <symbol id="sm-155">
         <name>GROUP0_IRQHandler</name>
         <value>0xa2b</value>
         <object_component_ref idref="oc-33"/>
      </symbol>
      <symbol id="sm-156">
         <name>GROUP1_IRQHandler</name>
         <value>0xa2b</value>
         <object_component_ref idref="oc-33"/>
      </symbol>
      <symbol id="sm-157">
         <name>TIMG8_IRQHandler</name>
         <value>0xa2b</value>
         <object_component_ref idref="oc-33"/>
      </symbol>
      <symbol id="sm-158">
         <name>UART3_IRQHandler</name>
         <value>0xa2b</value>
         <object_component_ref idref="oc-33"/>
      </symbol>
      <symbol id="sm-159">
         <name>ADC0_IRQHandler</name>
         <value>0xa2b</value>
         <object_component_ref idref="oc-33"/>
      </symbol>
      <symbol id="sm-15a">
         <name>ADC1_IRQHandler</name>
         <value>0xa2b</value>
         <object_component_ref idref="oc-33"/>
      </symbol>
      <symbol id="sm-15b">
         <name>CANFD0_IRQHandler</name>
         <value>0xa2b</value>
         <object_component_ref idref="oc-33"/>
      </symbol>
      <symbol id="sm-15c">
         <name>DAC0_IRQHandler</name>
         <value>0xa2b</value>
         <object_component_ref idref="oc-33"/>
      </symbol>
      <symbol id="sm-15d">
         <name>SPI1_IRQHandler</name>
         <value>0xa2b</value>
         <object_component_ref idref="oc-33"/>
      </symbol>
      <symbol id="sm-15e">
         <name>UART1_IRQHandler</name>
         <value>0xa2b</value>
         <object_component_ref idref="oc-33"/>
      </symbol>
      <symbol id="sm-15f">
         <name>UART2_IRQHandler</name>
         <value>0xa2b</value>
         <object_component_ref idref="oc-33"/>
      </symbol>
      <symbol id="sm-160">
         <name>TIMG0_IRQHandler</name>
         <value>0xa2b</value>
         <object_component_ref idref="oc-33"/>
      </symbol>
      <symbol id="sm-161">
         <name>TIMG6_IRQHandler</name>
         <value>0xa2b</value>
         <object_component_ref idref="oc-33"/>
      </symbol>
      <symbol id="sm-162">
         <name>TIMA1_IRQHandler</name>
         <value>0xa2b</value>
         <object_component_ref idref="oc-33"/>
      </symbol>
      <symbol id="sm-163">
         <name>TIMG12_IRQHandler</name>
         <value>0xa2b</value>
         <object_component_ref idref="oc-33"/>
      </symbol>
      <symbol id="sm-164">
         <name>I2C0_IRQHandler</name>
         <value>0xa2b</value>
         <object_component_ref idref="oc-33"/>
      </symbol>
      <symbol id="sm-165">
         <name>AES_IRQHandler</name>
         <value>0xa2b</value>
         <object_component_ref idref="oc-33"/>
      </symbol>
      <symbol id="sm-166">
         <name>RTC_IRQHandler</name>
         <value>0xa2b</value>
         <object_component_ref idref="oc-33"/>
      </symbol>
      <symbol id="sm-167">
         <name>DMA_IRQHandler</name>
         <value>0xa2b</value>
         <object_component_ref idref="oc-33"/>
      </symbol>
      <symbol id="sm-179">
         <name>i2c_init</name>
         <value>0x3159</value>
         <object_component_ref idref="oc-129"/>
      </symbol>
      <symbol id="sm-17a">
         <name>i2c_common</name>
         <value>0x3e5</value>
         <object_component_ref idref="oc-1bc"/>
      </symbol>
      <symbol id="sm-183">
         <name>main</name>
         <value>0x300d</value>
         <object_component_ref idref="oc-93"/>
      </symbol>
      <symbol id="sm-191">
         <name>spi_init</name>
         <value>0x3171</value>
         <object_component_ref idref="oc-12b"/>
      </symbol>
      <symbol id="sm-192">
         <name>ADC122S625_Read</name>
         <value>0x1f49</value>
         <object_component_ref idref="oc-1f4"/>
      </symbol>
      <symbol id="sm-1a7">
         <name>usb_init</name>
         <value>0x229d</value>
         <object_component_ref idref="oc-127"/>
      </symbol>
      <symbol id="sm-1a8">
         <name>usb_cmd_data_setup</name>
         <value>0x1765</value>
         <object_component_ref idref="oc-167"/>
      </symbol>
      <symbol id="sm-1a9">
         <name>usb_fsm</name>
         <value>0x1b79</value>
         <object_component_ref idref="oc-f0"/>
      </symbol>
      <symbol id="sm-1aa">
         <name>process_usb_command</name>
         <value>0xc1</value>
         <object_component_ref idref="oc-137"/>
      </symbol>
      <symbol id="sm-1ab">
         <name>__TI_ATRegion0_src_addr</name>
         <value>0x0</value>
      </symbol>
      <symbol id="sm-1ac">
         <name>__TI_ATRegion0_trg_addr</name>
         <value>0x0</value>
      </symbol>
      <symbol id="sm-1ad">
         <name>__TI_ATRegion0_region_sz</name>
         <value>0x0</value>
      </symbol>
      <symbol id="sm-1ae">
         <name>__TI_ATRegion1_src_addr</name>
         <value>0x0</value>
      </symbol>
      <symbol id="sm-1af">
         <name>__TI_ATRegion1_trg_addr</name>
         <value>0x0</value>
      </symbol>
      <symbol id="sm-1b0">
         <name>__TI_ATRegion1_region_sz</name>
         <value>0x0</value>
      </symbol>
      <symbol id="sm-1b1">
         <name>__TI_ATRegion2_src_addr</name>
         <value>0x0</value>
      </symbol>
      <symbol id="sm-1b2">
         <name>__TI_ATRegion2_trg_addr</name>
         <value>0x0</value>
      </symbol>
      <symbol id="sm-1b3">
         <name>__TI_ATRegion2_region_sz</name>
         <value>0x0</value>
      </symbol>
      <symbol id="sm-1bc">
         <name>DL_Common_delayCycles</name>
         <value>0x33d5</value>
         <object_component_ref idref="oc-146"/>
      </symbol>
      <symbol id="sm-1cb">
         <name>DL_I2C_setClockConfig</name>
         <value>0x2fc1</value>
         <object_component_ref idref="oc-155"/>
      </symbol>
      <symbol id="sm-1cc">
         <name>DL_I2C_fillControllerTXFIFO</name>
         <value>0x22fd</value>
         <object_component_ref idref="oc-d7"/>
      </symbol>
      <symbol id="sm-1cd">
         <name>DL_I2C_flushTargetTXFIFO</name>
         <value>0x2845</value>
         <object_component_ref idref="oc-1fd"/>
      </symbol>
      <symbol id="sm-1dd">
         <name>DL_SPI_init</name>
         <value>0x273d</value>
         <object_component_ref idref="oc-161"/>
      </symbol>
      <symbol id="sm-1de">
         <name>DL_SPI_setClockConfig</name>
         <value>0x3215</value>
         <object_component_ref idref="oc-15b"/>
      </symbol>
      <symbol id="sm-1df">
         <name>DL_SPI_drainRXFIFO16</name>
         <value>0x246d</value>
         <object_component_ref idref="oc-202"/>
      </symbol>
      <symbol id="sm-1ef">
         <name>DL_Timer_setClockConfig</name>
         <value>0x30c1</value>
         <object_component_ref idref="oc-14a"/>
      </symbol>
      <symbol id="sm-1f0">
         <name>DL_Timer_initTimerMode</name>
         <value>0x10c9</value>
         <object_component_ref idref="oc-150"/>
      </symbol>
      <symbol id="sm-203">
         <name>DL_UART_init</name>
         <value>0x26ad</value>
         <object_component_ref idref="oc-158"/>
      </symbol>
      <symbol id="sm-204">
         <name>DL_UART_setClockConfig</name>
         <value>0x324b</value>
         <object_component_ref idref="oc-157"/>
      </symbol>
      <symbol id="sm-205">
         <name>DL_UART_drainRXFIFO</name>
         <value>0x24c1</value>
         <object_component_ref idref="oc-c8"/>
      </symbol>
      <symbol id="sm-206">
         <name>DL_UART_fillTXFIFO</name>
         <value>0x2515</value>
         <object_component_ref idref="oc-ce"/>
      </symbol>
      <symbol id="sm-211">
         <name>_c_int00_noargs</name>
         <value>0x2f4d</value>
         <object_component_ref idref="oc-58"/>
      </symbol>
      <symbol id="sm-212">
         <name>__stack</name>
         <value>0x20207e00</value>
         <object_component_ref idref="oc-1a"/>
      </symbol>
      <symbol id="sm-21e">
         <name>__TI_auto_init_nobinit_nopinit</name>
         <value>0x28f9</value>
         <object_component_ref idref="oc-fa"/>
      </symbol>
      <symbol id="sm-226">
         <name>_system_pre_init</name>
         <value>0x33ed</value>
         <object_component_ref idref="oc-8f"/>
      </symbol>
      <symbol id="sm-231">
         <name>__TI_zero_init</name>
         <value>0x3311</value>
         <object_component_ref idref="oc-55"/>
      </symbol>
      <symbol id="sm-23a">
         <name>__TI_decompress_none</name>
         <value>0x326f</value>
         <object_component_ref idref="oc-20"/>
      </symbol>
      <symbol id="sm-245">
         <name>__TI_decompress_lzss</name>
         <value>0x1c7d</value>
         <object_component_ref idref="oc-1c"/>
      </symbol>
      <symbol id="sm-24f">
         <name>abort</name>
         <value>0x33f1</value>
         <object_component_ref idref="oc-f3"/>
      </symbol>
      <symbol id="sm-250">
         <name>C$$EXIT</name>
         <value>0x33f0</value>
         <object_component_ref idref="oc-f3"/>
      </symbol>
      <symbol id="sm-296">
         <name>noActionController</name>
         <value>0x3399</value>
         <object_component_ref idref="oc-1cd"/>
      </symbol>
      <symbol id="sm-297">
         <name>I2C_Controller_Initialize</name>
         <value>0x193d</value>
         <object_component_ref idref="oc-192"/>
      </symbol>
      <symbol id="sm-298">
         <name>I2C_Controller_Start_Transmit</name>
         <value>0x1fb9</value>
         <object_component_ref idref="oc-1ed"/>
      </symbol>
      <symbol id="sm-299">
         <name>I2C_Controller_Start_Receive</name>
         <value>0x26f5</value>
         <object_component_ref idref="oc-1ef"/>
      </symbol>
      <symbol id="sm-29a">
         <name>getControllerStatus</name>
         <value>0x2413</value>
         <object_component_ref idref="oc-111"/>
      </symbol>
      <symbol id="sm-29b">
         <name>waitForControllerToIdle</name>
         <value>0x2de1</value>
         <object_component_ref idref="oc-dd"/>
      </symbol>
      <symbol id="sm-29c">
         <name>I2C_Controller_Transaction_Done</name>
         <value>0x3291</value>
         <object_component_ref idref="oc-1ee"/>
      </symbol>
      <symbol id="sm-29d">
         <name>I2C_Controller_IRQ</name>
         <value>0xecd</value>
         <object_component_ref idref="oc-80"/>
      </symbol>
      <symbol id="sm-2bf">
         <name>noActionSPIInterface</name>
         <value>0x33a5</value>
         <object_component_ref idref="oc-1d0"/>
      </symbol>
      <symbol id="sm-2c0">
         <name>SPI_Initialize</name>
         <value>0x1a69</value>
         <object_component_ref idref="oc-193"/>
      </symbol>
      <symbol id="sm-2c1">
         <name>SPI_Transact</name>
         <value>0x1de9</value>
         <object_component_ref idref="oc-1ff"/>
      </symbol>
      <symbol id="sm-2c2">
         <name>SPI_IRQ</name>
         <value>0x140d</value>
         <object_component_ref idref="oc-5f"/>
      </symbol>
      <symbol id="sm-300">
         <name>defaultTimerSingleTriggerCB</name>
         <value>0x3339</value>
         <object_component_ref idref="oc-1b8"/>
      </symbol>
      <symbol id="sm-301">
         <name>Timer_Timeout_Inialize</name>
         <value>0xdcd</value>
         <object_component_ref idref="oc-165"/>
      </symbol>
      <symbol id="sm-302">
         <name>Timer_Timeout_Time_Set</name>
         <value>0x23b9</value>
         <object_component_ref idref="oc-1b9"/>
      </symbol>
      <symbol id="sm-303">
         <name>Timer_Timeout_Start</name>
         <value>0x29a5</value>
         <object_component_ref idref="oc-1fa"/>
      </symbol>
      <symbol id="sm-304">
         <name>Timer_Timeout_reStart</name>
         <value>0x2db7</value>
         <object_component_ref idref="oc-1fb"/>
      </symbol>
      <symbol id="sm-305">
         <name>Timer_Timeout_IRQ</name>
         <value>0x2d8d</value>
         <object_component_ref idref="oc-75"/>
      </symbol>
      <symbol id="sm-355">
         <name>defaultUartCallBack</name>
         <value>0x32e1</value>
         <object_component_ref idref="oc-1b3"/>
      </symbol>
      <symbol id="sm-356">
         <name>defaultUartInprogressCallback</name>
         <value>0x32f1</value>
         <object_component_ref idref="oc-1b4"/>
      </symbol>
      <symbol id="sm-357">
         <name>UART_rxDMA_Initialize</name>
         <value>0x1cf9</value>
         <object_component_ref idref="oc-1b1"/>
      </symbol>
      <symbol id="sm-358">
         <name>UART_txDMA_Initialize</name>
         <value>0x1e5f</value>
         <object_component_ref idref="oc-1b2"/>
      </symbol>
      <symbol id="sm-359">
         <name>UART_Interface_Initialize</name>
         <value>0xa2d</value>
         <object_component_ref idref="oc-164"/>
      </symbol>
      <symbol id="sm-35a">
         <name>UART_Interface_Start_Transmit</name>
         <value>0x1621</value>
         <object_component_ref idref="oc-1d7"/>
      </symbol>
      <symbol id="sm-35b">
         <name>UART_Interface_Start_Receive</name>
         <value>0x16c5</value>
         <object_component_ref idref="oc-19e"/>
      </symbol>
      <symbol id="sm-35c">
         <name>UART_Interface_IRQ</name>
         <value>0x84d</value>
         <object_component_ref idref="oc-6f"/>
      </symbol>
      <symbol id="sm-35d">
         <name>UART_Interface_Stop_Receive</name>
         <value>0x29db</value>
         <object_component_ref idref="oc-1fc"/>
      </symbol>
      <symbol id="sm-382">
         <name>targetRxDoneCb</name>
         <value>0x2b71</value>
         <object_component_ref idref="oc-1e8"/>
      </symbol>
      <symbol id="sm-383">
         <name>glUartTarget</name>
         <value>0x20201498</value>
      </symbol>
      <symbol id="sm-384">
         <name>targetTxDoneCb</name>
         <value>0x2ba1</value>
         <object_component_ref idref="oc-1e9"/>
      </symbol>
      <symbol id="sm-385">
         <name>targetRxInProgressCb</name>
         <value>0x2109</value>
         <object_component_ref idref="oc-1ea"/>
      </symbol>
      <symbol id="sm-386">
         <name>targetTxInProgressCb</name>
         <value>0x2f25</value>
         <object_component_ref idref="oc-1eb"/>
      </symbol>
      <symbol id="sm-387">
         <name>timerCallback</name>
         <value>0x2a79</value>
         <object_component_ref idref="oc-1ec"/>
      </symbol>
      <symbol id="sm-388">
         <name>glUartTargetIndexFromTimerIndex</name>
         <value>0x202015e8</value>
      </symbol>
      <symbol id="sm-389">
         <name>UART_Target_AssignCallBacks</name>
         <value>0x2175</value>
         <object_component_ref idref="oc-1ba"/>
      </symbol>
      <symbol id="sm-38a">
         <name>UART_Target_Initialize</name>
         <value>0x2099</value>
         <object_component_ref idref="oc-166"/>
      </symbol>
      <symbol id="sm-38b">
         <name>UART_Target_Receive</name>
         <value>0x2661</value>
         <object_component_ref idref="oc-138"/>
      </symbol>
      <symbol id="sm-38c">
         <name>UART_Target_Transmit</name>
         <value>0x28bd</value>
         <object_component_ref idref="oc-19b"/>
      </symbol>
      <symbol id="sm-38d">
         <name>UART_Target_getState</name>
         <value>0x30dd</value>
         <object_component_ref idref="oc-132"/>
      </symbol>
      <symbol id="sm-393">
         <name>__aeabi_memcpy</name>
         <value>0x33e1</value>
         <object_component_ref idref="oc-48"/>
      </symbol>
      <symbol id="sm-394">
         <name>__aeabi_memcpy4</name>
         <value>0x33e1</value>
         <object_component_ref idref="oc-48"/>
      </symbol>
      <symbol id="sm-395">
         <name>__aeabi_memcpy8</name>
         <value>0x33e1</value>
         <object_component_ref idref="oc-48"/>
      </symbol>
      <symbol id="sm-39c">
         <name>__aeabi_memclr</name>
         <value>0x3321</value>
         <object_component_ref idref="oc-8a"/>
      </symbol>
      <symbol id="sm-39d">
         <name>__aeabi_memclr4</name>
         <value>0x3321</value>
         <object_component_ref idref="oc-8a"/>
      </symbol>
      <symbol id="sm-39e">
         <name>__aeabi_memclr8</name>
         <value>0x3321</value>
         <object_component_ref idref="oc-8a"/>
      </symbol>
      <symbol id="sm-3a4">
         <name>__aeabi_uidiv</name>
         <value>0x2805</value>
         <object_component_ref idref="oc-194"/>
      </symbol>
      <symbol id="sm-3a5">
         <name>__aeabi_uidivmod</name>
         <value>0x2805</value>
         <object_component_ref idref="oc-194"/>
      </symbol>
      <symbol id="sm-3af">
         <name>__aeabi_idiv0</name>
         <value>0xfcb</value>
         <object_component_ref idref="oc-1d1"/>
      </symbol>
      <symbol id="sm-3c8">
         <name>memcpy</name>
         <value>0x18a1</value>
         <object_component_ref idref="oc-e5"/>
      </symbol>
      <symbol id="sm-3d7">
         <name>memset</name>
         <value>0x21d9</value>
         <object_component_ref idref="oc-118"/>
      </symbol>
      <symbol id="sm-3d8">
         <name>__TI_static_base__</name>
         <value>0x0</value>
      </symbol>
      <symbol id="sm-3db">
         <name>__mpu_init</name>
         <value>0x0</value>
      </symbol>
      <symbol id="sm-3dc">
         <name>_system_post_cinit</name>
         <value>0x0</value>
      </symbol>
   </symbol_table>
   <title>Link successful</title>
</link_info>
