<?xml version="1.0" encoding="ISO-8859-1" ?>
<link_info>
   <banner>TI ARM Clang Linker PC v4.0.0.LTS</banner>
   <copyright>Copyright (c) 1996-2018 Texas Instruments Incorporated</copyright>
   <command_line>C:\ti\ccstheia151\ccs\tools\compiler\ti-cgt-armllvm_4.0.0.LTS\bin\tiarmlnk -IC:\ti\ccstheia151\ccs\tools\compiler\ti-cgt-armllvm_4.0.0.LTS\lib -o main.out -mmain.map -iC:/ti/mspm0_sdk_2_00_00_03/source -iD:/CARDINAL LED-TEST FIXTURE v2/main -iD:/CARDINAL LED-TEST FIXTURE v2/main/Debug/syscfg -iC:/ti/ccstheia151/ccs/tools/compiler/ti-cgt-armllvm_4.0.0.LTS/lib -iC:/Users/Gowtham CS/Downloads/MSPM0G_Library/MSPM0G_Library/Debug --diag_wrap=off --display_error_number --warn_sections --xml_link_info=main_linkInfo.xml --rom_model ./adc_mux.o ./app.o ./control.o ./delay_timer.o ./ti_msp_dl_config.o ./startup_mspm0g350x_ticlang.o ./i2c_common.o ./main.o ./spi.o ./usb.o -l./device_linker.cmd -ldevice.cmd.genlibs -llibc.a -lMSPM0G_Library.lib --start-group -llibc++.a -llibc++abi.a -llibc.a -llibsys.a -llibsysbm.a -llibclang_rt.builtins.a -llibclang_rt.profile.a --end-group --cg_opt_level=2</command_line>
   <link_time>0x69df80f4</link_time>
   <link_errors>0x0</link_errors>
   <output_file>D:\CARDINAL LED-TEST FIXTURE v2\main\Debug\main.out</output_file>
   <entry_point>
      <name>_c_int00_noargs</name>
      <address>0xa11</address>
   </entry_point>
   <input_file_list>
      <input_file id="fl-1">
         <path>D:\CARDINAL LED-TEST FIXTURE v2\main\Debug\.\</path>
         <kind>object</kind>
         <file>adc_mux.o</file>
         <name>adc_mux.o</name>
      </input_file>
      <input_file id="fl-2">
         <path>D:\CARDINAL LED-TEST FIXTURE v2\main\Debug\.\</path>
         <kind>object</kind>
         <file>app.o</file>
         <name>app.o</name>
      </input_file>
      <input_file id="fl-3">
         <path>D:\CARDINAL LED-TEST FIXTURE v2\main\Debug\.\</path>
         <kind>object</kind>
         <file>control.o</file>
         <name>control.o</name>
      </input_file>
      <input_file id="fl-4">
         <path>D:\CARDINAL LED-TEST FIXTURE v2\main\Debug\.\</path>
         <kind>object</kind>
         <file>delay_timer.o</file>
         <name>delay_timer.o</name>
      </input_file>
      <input_file id="fl-5">
         <path>D:\CARDINAL LED-TEST FIXTURE v2\main\Debug\.\</path>
         <kind>object</kind>
         <file>ti_msp_dl_config.o</file>
         <name>ti_msp_dl_config.o</name>
      </input_file>
      <input_file id="fl-6">
         <path>D:\CARDINAL LED-TEST FIXTURE v2\main\Debug\.\</path>
         <kind>object</kind>
         <file>startup_mspm0g350x_ticlang.o</file>
         <name>startup_mspm0g350x_ticlang.o</name>
      </input_file>
      <input_file id="fl-7">
         <path>D:\CARDINAL LED-TEST FIXTURE v2\main\Debug\.\</path>
         <kind>object</kind>
         <file>i2c_common.o</file>
         <name>i2c_common.o</name>
      </input_file>
      <input_file id="fl-8">
         <path>D:\CARDINAL LED-TEST FIXTURE v2\main\Debug\.\</path>
         <kind>object</kind>
         <file>main.o</file>
         <name>main.o</name>
      </input_file>
      <input_file id="fl-9">
         <path>D:\CARDINAL LED-TEST FIXTURE v2\main\Debug\.\</path>
         <kind>object</kind>
         <file>spi.o</file>
         <name>spi.o</name>
      </input_file>
      <input_file id="fl-a">
         <path>D:\CARDINAL LED-TEST FIXTURE v2\main\Debug\.\</path>
         <kind>object</kind>
         <file>usb.o</file>
         <name>usb.o</name>
      </input_file>
      <input_file id="fl-18">
         <path>D:\CARDINAL LED-TEST FIXTURE v2\main\Debug\</path>
         <kind>object</kind>
         <file>&lt;internal&gt;</file>
         <name>&lt;internal&gt;</name>
      </input_file>
      <input_file id="fl-19">
         <path>C:\ti\mspm0_sdk_2_00_00_03\source\ti\driverlib\lib\ticlang\m0p\mspm0g1x0x_g3x0x\</path>
         <kind>archive</kind>
         <file>driverlib.a</file>
         <name>dl_common.o</name>
      </input_file>
      <input_file id="fl-1a">
         <path>C:\ti\mspm0_sdk_2_00_00_03\source\ti\driverlib\lib\ticlang\m0p\mspm0g1x0x_g3x0x\</path>
         <kind>archive</kind>
         <file>driverlib.a</file>
         <name>dl_i2c.o</name>
      </input_file>
      <input_file id="fl-1b">
         <path>C:\ti\mspm0_sdk_2_00_00_03\source\ti\driverlib\lib\ticlang\m0p\mspm0g1x0x_g3x0x\</path>
         <kind>archive</kind>
         <file>driverlib.a</file>
         <name>dl_spi.o</name>
      </input_file>
      <input_file id="fl-1c">
         <path>C:\ti\mspm0_sdk_2_00_00_03\source\ti\driverlib\lib\ticlang\m0p\mspm0g1x0x_g3x0x\</path>
         <kind>archive</kind>
         <file>driverlib.a</file>
         <name>dl_timer.o</name>
      </input_file>
      <input_file id="fl-1d">
         <path>C:\ti\mspm0_sdk_2_00_00_03\source\ti\driverlib\lib\ticlang\m0p\mspm0g1x0x_g3x0x\</path>
         <kind>archive</kind>
         <file>driverlib.a</file>
         <name>dl_uart.o</name>
      </input_file>
      <input_file id="fl-32">
         <path>C:\ti\ccstheia151\ccs\tools\compiler\ti-cgt-armllvm_4.0.0.LTS\lib\armv6m-ti-none-eabi\c\</path>
         <kind>archive</kind>
         <file>libc.a</file>
         <name>boot_cortex_m.c.obj</name>
      </input_file>
      <input_file id="fl-33">
         <path>C:\ti\ccstheia151\ccs\tools\compiler\ti-cgt-armllvm_4.0.0.LTS\lib\armv6m-ti-none-eabi\c\</path>
         <kind>archive</kind>
         <file>libc.a</file>
         <name>mathacl_init.c.obj</name>
      </input_file>
      <input_file id="fl-34">
         <path>C:\ti\ccstheia151\ccs\tools\compiler\ti-cgt-armllvm_4.0.0.LTS\lib\armv6m-ti-none-eabi\c\</path>
         <kind>archive</kind>
         <file>libc.a</file>
         <name>autoinit.c.obj</name>
      </input_file>
      <input_file id="fl-35">
         <path>C:\ti\ccstheia151\ccs\tools\compiler\ti-cgt-armllvm_4.0.0.LTS\lib\armv6m-ti-none-eabi\c\</path>
         <kind>archive</kind>
         <file>libc.a</file>
         <name>pre_init.c.obj</name>
      </input_file>
      <input_file id="fl-36">
         <path>C:\ti\ccstheia151\ccs\tools\compiler\ti-cgt-armllvm_4.0.0.LTS\lib\armv6m-ti-none-eabi\c\</path>
         <kind>archive</kind>
         <file>libc.a</file>
         <name>cpy_tbl.c.obj</name>
      </input_file>
      <input_file id="fl-37">
         <path>C:\ti\ccstheia151\ccs\tools\compiler\ti-cgt-armllvm_4.0.0.LTS\lib\armv6m-ti-none-eabi\c\</path>
         <kind>archive</kind>
         <file>libc.a</file>
         <name>copy_zero_init.c.obj</name>
      </input_file>
      <input_file id="fl-38">
         <path>C:\ti\ccstheia151\ccs\tools\compiler\ti-cgt-armllvm_4.0.0.LTS\lib\armv6m-ti-none-eabi\c\</path>
         <kind>archive</kind>
         <file>libc.a</file>
         <name>copy_decompress_none.c.obj</name>
      </input_file>
      <input_file id="fl-39">
         <path>C:\ti\ccstheia151\ccs\tools\compiler\ti-cgt-armllvm_4.0.0.LTS\lib\armv6m-ti-none-eabi\c\</path>
         <kind>archive</kind>
         <file>libc.a</file>
         <name>copy_decompress_lzss.c.obj</name>
      </input_file>
      <input_file id="fl-3a">
         <path>C:\ti\ccstheia151\ccs\tools\compiler\ti-cgt-armllvm_4.0.0.LTS\lib\armv6m-ti-none-eabi\c\</path>
         <kind>archive</kind>
         <file>libc.a</file>
         <name>exit.c.obj</name>
      </input_file>
      <input_file id="fl-3b">
         <path>C:\ti\ccstheia151\ccs\tools\compiler\ti-cgt-armllvm_4.0.0.LTS\lib\armv6m-ti-none-eabi\c\</path>
         <kind>archive</kind>
         <file>libc.a</file>
         <name>_lock.c.obj</name>
      </input_file>
      <input_file id="fl-3c">
         <path>C:\ti\ccstheia151\ccs\tools\compiler\ti-cgt-armllvm_4.0.0.LTS\lib\armv6m-ti-none-eabi\c\</path>
         <kind>archive</kind>
         <file>libc.a</file>
         <name>args_main.c.obj</name>
      </input_file>
      <input_file id="fl-3d">
         <path>C:\Users\Gowtham CS\Downloads\MSPM0G_Library\MSPM0G_Library\Debug\</path>
         <kind>archive</kind>
         <file>MSPM0G_Library.lib</file>
         <name>I2C_Controller.o</name>
      </input_file>
      <input_file id="fl-3e">
         <path>C:\Users\Gowtham CS\Downloads\MSPM0G_Library\MSPM0G_Library\Debug\</path>
         <kind>archive</kind>
         <file>MSPM0G_Library.lib</file>
         <name>SPI_Interface.o</name>
      </input_file>
      <input_file id="fl-3f">
         <path>C:\Users\Gowtham CS\Downloads\MSPM0G_Library\MSPM0G_Library\Debug\</path>
         <kind>archive</kind>
         <file>MSPM0G_Library.lib</file>
         <name>Timer_Timeout.o</name>
      </input_file>
      <input_file id="fl-40">
         <path>C:\Users\Gowtham CS\Downloads\MSPM0G_Library\MSPM0G_Library\Debug\</path>
         <kind>archive</kind>
         <file>MSPM0G_Library.lib</file>
         <name>UART_Interface.o</name>
      </input_file>
      <input_file id="fl-41">
         <path>C:\Users\Gowtham CS\Downloads\MSPM0G_Library\MSPM0G_Library\Debug\</path>
         <kind>archive</kind>
         <file>MSPM0G_Library.lib</file>
         <name>UART_Target.o</name>
      </input_file>
      <input_file id="fl-d7">
         <path>C:\ti\ccstheia151\ccs\tools\compiler\ti-cgt-armllvm_4.0.0.LTS\lib\armv6m-ti-none-eabi\</path>
         <kind>archive</kind>
         <file>libclang_rt.builtins.a</file>
         <name>aeabi_memcpy.S.obj</name>
      </input_file>
      <input_file id="fl-d8">
         <path>C:\ti\ccstheia151\ccs\tools\compiler\ti-cgt-armllvm_4.0.0.LTS\lib\armv6m-ti-none-eabi\</path>
         <kind>archive</kind>
         <file>libclang_rt.builtins.a</file>
         <name>aeabi_memset.S.obj</name>
      </input_file>
      <input_file id="fl-d9">
         <path>C:\ti\ccstheia151\ccs\tools\compiler\ti-cgt-armllvm_4.0.0.LTS\lib\armv6m-ti-none-eabi\</path>
         <kind>archive</kind>
         <file>libclang_rt.builtins.a</file>
         <name>aeabi_uidivmod.S.obj</name>
      </input_file>
      <input_file id="fl-da">
         <path>C:\ti\ccstheia151\ccs\tools\compiler\ti-cgt-armllvm_4.0.0.LTS\lib\armv6m-ti-none-eabi\</path>
         <kind>archive</kind>
         <file>libclang_rt.builtins.a</file>
         <name>aeabi_div0.c.obj</name>
      </input_file>
      <input_file id="fl-db">
         <path>C:\ti\ccstheia151\ccs\tools\compiler\ti-cgt-armllvm_4.0.0.LTS\lib\armv6m-ti-none-eabi\c\</path>
         <kind>archive</kind>
         <file>libc.a</file>
         <name>memcpy16.S.obj</name>
      </input_file>
      <input_file id="fl-dc">
         <path>C:\ti\ccstheia151\ccs\tools\compiler\ti-cgt-armllvm_4.0.0.LTS\lib\armv6m-ti-none-eabi\c\</path>
         <kind>archive</kind>
         <file>libc.a</file>
         <name>memset16.S.obj</name>
      </input_file>
   </input_file_list>
   <object_component_list>
      <object_component id="oc-18">
         <name>.intvecs</name>
         <load_address>0x0</load_address>
         <readonly>true</readonly>
         <run_address>0x0</run_address>
         <size>0xc0</size>
         <alignment>0x4</alignment>
         <input_file_ref idref="fl-6"/>
      </object_component>
      <object_component id="oc-5e">
         <name>.text.UART_Interface_IRQ</name>
         <load_address>0xc0</load_address>
         <readonly>true</readonly>
         <executable>true</executable>
         <run_address>0xc0</run_address>
         <size>0x1de</size>
         <alignment>0x4</alignment>
         <input_file_ref idref="fl-40"/>
      </object_component>
      <object_component id="oc-33">
         <name>.text.Default_Handler</name>
         <load_address>0x29e</load_address>
         <readonly>true</readonly>
         <executable>true</executable>
         <run_address>0x29e</run_address>
         <size>0x2</size>
         <alignment>0x2</alignment>
         <input_file_ref idref="fl-6"/>
      </object_component>
      <object_component id="oc-78">
         <name>.text.I2C_Controller_IRQ</name>
         <load_address>0x2a0</load_address>
         <readonly>true</readonly>
         <executable>true</executable>
         <run_address>0x2a0</run_address>
         <size>0xfe</size>
         <alignment>0x4</alignment>
         <input_file_ref idref="fl-3d"/>
      </object_component>
      <object_component id="oc-127">
         <name>.text.DL_Timer_initTimerMode</name>
         <load_address>0x3a0</load_address>
         <readonly>true</readonly>
         <executable>true</executable>
         <run_address>0x3a0</run_address>
         <size>0xe8</size>
         <alignment>0x4</alignment>
         <input_file_ref idref="fl-1c"/>
      </object_component>
      <object_component id="oc-104">
         <name>.text.SYSCFG_DL_GPIO_init</name>
         <load_address>0x488</load_address>
         <readonly>true</readonly>
         <executable>true</executable>
         <run_address>0x488</run_address>
         <size>0x9c</size>
         <alignment>0x4</alignment>
         <input_file_ref idref="fl-5"/>
      </object_component>
      <object_component id="oc-10a">
         <name>.text.SYSCFG_DL_UART_0_init</name>
         <load_address>0x524</load_address>
         <readonly>true</readonly>
         <executable>true</executable>
         <run_address>0x524</run_address>
         <size>0x70</size>
         <alignment>0x4</alignment>
         <input_file_ref idref="fl-5"/>
      </object_component>
      <object_component id="oc-103">
         <name>.text.SYSCFG_DL_initPower</name>
         <load_address>0x594</load_address>
         <readonly>true</readonly>
         <executable>true</executable>
         <run_address>0x594</run_address>
         <size>0x60</size>
         <alignment>0x4</alignment>
         <input_file_ref idref="fl-5"/>
      </object_component>
      <object_component id="oc-c5">
         <name>.text.DL_I2C_fillControllerTXFIFO</name>
         <load_address>0x5f4</load_address>
         <readonly>true</readonly>
         <executable>true</executable>
         <run_address>0x5f4</run_address>
         <size>0x5e</size>
         <alignment>0x2</alignment>
         <input_file_ref idref="fl-1a"/>
      </object_component>
      <object_component id="oc-10b">
         <name>.text.SYSCFG_DL_SPI_0_init</name>
         <load_address>0x654</load_address>
         <readonly>true</readonly>
         <executable>true</executable>
         <run_address>0x654</run_address>
         <size>0x5c</size>
         <alignment>0x4</alignment>
         <input_file_ref idref="fl-5"/>
      </object_component>
      <object_component id="oc-fb">
         <name>.text.getControllerStatus</name>
         <load_address>0x6b0</load_address>
         <readonly>true</readonly>
         <executable>true</executable>
         <run_address>0x6b0</run_address>
         <size>0x58</size>
         <alignment>0x2</alignment>
         <input_file_ref idref="fl-3d"/>
      </object_component>
      <object_component id="oc-99">
         <name>.text.DL_UART_drainRXFIFO</name>
         <load_address>0x708</load_address>
         <readonly>true</readonly>
         <executable>true</executable>
         <run_address>0x708</run_address>
         <size>0x54</size>
         <alignment>0x4</alignment>
         <input_file_ref idref="fl-1d"/>
      </object_component>
      <object_component id="oc-9f">
         <name>.text.DL_UART_fillTXFIFO</name>
         <load_address>0x75c</load_address>
         <readonly>true</readonly>
         <executable>true</executable>
         <run_address>0x75c</run_address>
         <size>0x54</size>
         <alignment>0x4</alignment>
         <input_file_ref idref="fl-1d"/>
      </object_component>
      <object_component id="oc-109">
         <name>.text.SYSCFG_DL_MCU_I2C_init</name>
         <load_address>0x7b0</load_address>
         <readonly>true</readonly>
         <executable>true</executable>
         <run_address>0x7b0</run_address>
         <size>0x54</size>
         <alignment>0x4</alignment>
         <input_file_ref idref="fl-5"/>
      </object_component>
      <object_component id="oc-12f">
         <name>.text.DL_UART_init</name>
         <load_address>0x804</load_address>
         <readonly>true</readonly>
         <executable>true</executable>
         <run_address>0x804</run_address>
         <size>0x48</size>
         <alignment>0x4</alignment>
         <input_file_ref idref="fl-1d"/>
      </object_component>
      <object_component id="oc-138">
         <name>.text.DL_SPI_init</name>
         <load_address>0x84c</load_address>
         <readonly>true</readonly>
         <executable>true</executable>
         <run_address>0x84c</run_address>
         <size>0x44</size>
         <alignment>0x4</alignment>
         <input_file_ref idref="fl-1b"/>
      </object_component>
      <object_component id="oc-105">
         <name>.text.SYSCFG_DL_SYSCTL_init</name>
         <load_address>0x890</load_address>
         <readonly>true</readonly>
         <executable>true</executable>
         <run_address>0x890</run_address>
         <size>0x40</size>
         <alignment>0x4</alignment>
         <input_file_ref idref="fl-5"/>
      </object_component>
      <object_component id="oc-107">
         <name>.text.SYSCFG_DL_TIMER_0_init</name>
         <load_address>0x8d0</load_address>
         <readonly>true</readonly>
         <executable>true</executable>
         <run_address>0x8d0</run_address>
         <size>0x3c</size>
         <alignment>0x4</alignment>
         <input_file_ref idref="fl-5"/>
      </object_component>
      <object_component id="oc-d8">
         <name>.text.SYSCFG_DL_init</name>
         <load_address>0x90c</load_address>
         <readonly>true</readonly>
         <executable>true</executable>
         <run_address>0x90c</run_address>
         <size>0x3c</size>
         <alignment>0x4</alignment>
         <input_file_ref idref="fl-5"/>
      </object_component>
      <object_component id="oc-e4">
         <name>.text:__TI_auto_init_nobinit_nopinit</name>
         <load_address>0x948</load_address>
         <readonly>true</readonly>
         <executable>true</executable>
         <run_address>0x948</run_address>
         <size>0x3c</size>
         <alignment>0x4</alignment>
         <input_file_ref idref="fl-34"/>
      </object_component>
      <object_component id="oc-108">
         <name>.text.SYSCFG_DL_TIMER_1_init</name>
         <load_address>0x984</load_address>
         <readonly>true</readonly>
         <executable>true</executable>
         <run_address>0x984</run_address>
         <size>0x38</size>
         <alignment>0x4</alignment>
         <input_file_ref idref="fl-5"/>
      </object_component>
      <object_component id="oc-6d">
         <name>.text.Timer_Timeout_IRQ</name>
         <load_address>0x9bc</load_address>
         <readonly>true</readonly>
         <executable>true</executable>
         <run_address>0x9bc</run_address>
         <size>0x2a</size>
         <alignment>0x2</alignment>
         <input_file_ref idref="fl-3f"/>
      </object_component>
      <object_component id="oc-cb">
         <name>.text.waitForControllerToIdle</name>
         <load_address>0x9e6</load_address>
         <readonly>true</readonly>
         <executable>true</executable>
         <run_address>0x9e6</run_address>
         <size>0x2a</size>
         <alignment>0x2</alignment>
         <input_file_ref idref="fl-3d"/>
      </object_component>
      <object_component id="oc-57">
         <name>.text:_c_int00_noargs</name>
         <load_address>0xa10</load_address>
         <readonly>true</readonly>
         <executable>true</executable>
         <run_address>0xa10</run_address>
         <size>0x28</size>
         <alignment>0x4</alignment>
         <input_file_ref idref="fl-32"/>
      </object_component>
      <object_component id="oc-12c">
         <name>.text.DL_I2C_setClockConfig</name>
         <load_address>0xa38</load_address>
         <readonly>true</readonly>
         <executable>true</executable>
         <run_address>0xa38</run_address>
         <size>0x26</size>
         <alignment>0x2</alignment>
         <input_file_ref idref="fl-1a"/>
      </object_component>
      <object_component id="oc-c3">
         <name>.text.DL_I2C_isControllerRXFIFOEmpty</name>
         <load_address>0xa60</load_address>
         <readonly>true</readonly>
         <executable>true</executable>
         <run_address>0xa60</run_address>
         <size>0x1c</size>
         <alignment>0x4</alignment>
         <input_file_ref idref="fl-3d"/>
      </object_component>
      <object_component id="oc-121">
         <name>.text.DL_Timer_setClockConfig</name>
         <load_address>0xa7c</load_address>
         <readonly>true</readonly>
         <executable>true</executable>
         <run_address>0xa7c</run_address>
         <size>0x1c</size>
         <alignment>0x4</alignment>
         <input_file_ref idref="fl-1c"/>
      </object_component>
      <object_component id="oc-73">
         <name>.text.Delay_Timer_IRQ</name>
         <load_address>0xa98</load_address>
         <readonly>true</readonly>
         <executable>true</executable>
         <run_address>0xa98</run_address>
         <size>0x16</size>
         <alignment>0x2</alignment>
         <input_file_ref idref="fl-4"/>
      </object_component>
      <object_component id="oc-4e">
         <name>.text:decompress:ZI:__TI_zero_init_nomemset</name>
         <load_address>0xaae</load_address>
         <readonly>true</readonly>
         <executable>true</executable>
         <run_address>0xaae</run_address>
         <size>0x16</size>
         <alignment>0x2</alignment>
         <input_file_ref idref="fl-37"/>
      </object_component>
      <object_component id="oc-fa">
         <name>.text.DL_I2C_getControllerStatus</name>
         <load_address>0xac4</load_address>
         <readonly>true</readonly>
         <executable>true</executable>
         <run_address>0xac4</run_address>
         <size>0x14</size>
         <alignment>0x4</alignment>
         <input_file_ref idref="fl-3d"/>
      </object_component>
      <object_component id="oc-c4">
         <name>.text.DL_I2C_receiveControllerData</name>
         <load_address>0xad8</load_address>
         <readonly>true</readonly>
         <executable>true</executable>
         <run_address>0xad8</run_address>
         <size>0x14</size>
         <alignment>0x4</alignment>
         <input_file_ref idref="fl-3d"/>
      </object_component>
      <object_component id="oc-c2">
         <name>.text.DL_I2C_getPendingInterrupt</name>
         <load_address>0xaec</load_address>
         <readonly>true</readonly>
         <executable>true</executable>
         <run_address>0xaec</run_address>
         <size>0x12</size>
         <alignment>0x2</alignment>
         <input_file_ref idref="fl-3d"/>
      </object_component>
      <object_component id="oc-132">
         <name>.text.DL_SPI_setClockConfig</name>
         <load_address>0xafe</load_address>
         <readonly>true</readonly>
         <executable>true</executable>
         <run_address>0xafe</run_address>
         <size>0x12</size>
         <alignment>0x2</alignment>
         <input_file_ref idref="fl-1b"/>
      </object_component>
      <object_component id="oc-bf">
         <name>.text.DL_Timer_getPendingInterrupt</name>
         <load_address>0xb10</load_address>
         <readonly>true</readonly>
         <executable>true</executable>
         <run_address>0xb10</run_address>
         <size>0x12</size>
         <alignment>0x2</alignment>
         <input_file_ref idref="fl-3f"/>
      </object_component>
      <object_component id="oc-98">
         <name>.text.DL_UART_getPendingInterrupt</name>
         <load_address>0xb22</load_address>
         <readonly>true</readonly>
         <executable>true</executable>
         <run_address>0xb22</run_address>
         <size>0x12</size>
         <alignment>0x2</alignment>
         <input_file_ref idref="fl-40"/>
      </object_component>
      <object_component id="oc-12e">
         <name>.text.DL_UART_setClockConfig</name>
         <load_address>0xb34</load_address>
         <readonly>true</readonly>
         <executable>true</executable>
         <run_address>0xb34</run_address>
         <size>0x12</size>
         <alignment>0x2</alignment>
         <input_file_ref idref="fl-1d"/>
      </object_component>
      <object_component id="oc-3b">
         <name>.text.I2C1_IRQHandler</name>
         <load_address>0xb48</load_address>
         <readonly>true</readonly>
         <executable>true</executable>
         <run_address>0xb48</run_address>
         <size>0x10</size>
         <alignment>0x4</alignment>
         <input_file_ref idref="fl-2"/>
      </object_component>
      <object_component id="oc-39">
         <name>.text.TIMA0_IRQHandler</name>
         <load_address>0xb58</load_address>
         <readonly>true</readonly>
         <executable>true</executable>
         <run_address>0xb58</run_address>
         <size>0x10</size>
         <alignment>0x4</alignment>
         <input_file_ref idref="fl-2"/>
      </object_component>
      <object_component id="oc-3a">
         <name>.text.TIMG7_IRQHandler</name>
         <load_address>0xb68</load_address>
         <readonly>true</readonly>
         <executable>true</executable>
         <run_address>0xb68</run_address>
         <size>0x10</size>
         <alignment>0x4</alignment>
         <input_file_ref idref="fl-2"/>
      </object_component>
      <object_component id="oc-34">
         <name>.text.UART0_IRQHandler</name>
         <load_address>0xb78</load_address>
         <readonly>true</readonly>
         <executable>true</executable>
         <run_address>0xb78</run_address>
         <size>0x10</size>
         <alignment>0x4</alignment>
         <input_file_ref idref="fl-2"/>
      </object_component>
      <object_component id="oc-11d">
         <name>.text.DL_Common_delayCycles</name>
         <load_address>0xb88</load_address>
         <readonly>true</readonly>
         <executable>true</executable>
         <run_address>0xb88</run_address>
         <size>0xa</size>
         <alignment>0x2</alignment>
         <input_file_ref idref="fl-19"/>
      </object_component>
      <object_component id="oc-8b">
         <name>.text.main</name>
         <load_address>0xb92</load_address>
         <readonly>true</readonly>
         <executable>true</executable>
         <run_address>0xb92</run_address>
         <size>0x6</size>
         <alignment>0x2</alignment>
         <input_file_ref idref="fl-8"/>
      </object_component>
      <object_component id="oc-2f">
         <name>.text.Reset_Handler</name>
         <load_address>0xb98</load_address>
         <readonly>true</readonly>
         <executable>true</executable>
         <run_address>0xb98</run_address>
         <size>0x4</size>
         <alignment>0x2</alignment>
         <input_file_ref idref="fl-6"/>
      </object_component>
      <object_component id="oc-87">
         <name>.text._system_pre_init</name>
         <load_address>0xb9c</load_address>
         <readonly>true</readonly>
         <executable>true</executable>
         <run_address>0xb9c</run_address>
         <size>0x4</size>
         <alignment>0x2</alignment>
         <input_file_ref idref="fl-35"/>
      </object_component>
      <object_component id="oc-dd">
         <name>.text:abort</name>
         <load_address>0xba0</load_address>
         <readonly>true</readonly>
         <executable>true</executable>
         <run_address>0xba0</run_address>
         <size>0x4</size>
         <alignment>0x2</alignment>
         <input_file_ref idref="fl-3a"/>
      </object_component>
      <object_component id="oc-18c">
         <name>.cinit..bss.load</name>
         <load_address>0xbf0</load_address>
         <readonly>true</readonly>
         <run_address>0xbf0</run_address>
         <size>0x8</size>
         <alignment>0x4</alignment>
      </object_component>
      <object_component id="oc-18a">
         <name>__TI_handler_table</name>
         <load_address>0xbf8</load_address>
         <readonly>true</readonly>
         <run_address>0xbf8</run_address>
         <size>0x4</size>
         <alignment>0x4</alignment>
      </object_component>
      <object_component id="oc-18b">
         <name>__TI_cinit_table</name>
         <load_address>0xbfc</load_address>
         <readonly>true</readonly>
         <run_address>0xbfc</run_address>
         <size>0x8</size>
         <alignment>0x4</alignment>
      </object_component>
      <object_component id="oc-129">
         <name>.rodata.gTIMER_0TimerConfig</name>
         <load_address>0xba8</load_address>
         <readonly>true</readonly>
         <run_address>0xba8</run_address>
         <size>0x14</size>
         <alignment>0x4</alignment>
         <input_file_ref idref="fl-5"/>
      </object_component>
      <object_component id="oc-12b">
         <name>.rodata.gTIMER_1TimerConfig</name>
         <load_address>0xbbc</load_address>
         <readonly>true</readonly>
         <run_address>0xbbc</run_address>
         <size>0x14</size>
         <alignment>0x4</alignment>
         <input_file_ref idref="fl-5"/>
      </object_component>
      <object_component id="oc-13a">
         <name>.rodata.gSPI_0_config</name>
         <load_address>0xbd0</load_address>
         <readonly>true</readonly>
         <run_address>0xbd0</run_address>
         <size>0xa</size>
         <alignment>0x2</alignment>
         <input_file_ref idref="fl-5"/>
      </object_component>
      <object_component id="oc-131">
         <name>.rodata.gUART_0Config</name>
         <load_address>0xbda</load_address>
         <readonly>true</readonly>
         <run_address>0xbda</run_address>
         <size>0xa</size>
         <alignment>0x2</alignment>
         <input_file_ref idref="fl-5"/>
      </object_component>
      <object_component id="oc-128">
         <name>.rodata.gTIMER_0ClockConfig</name>
         <load_address>0xbe4</load_address>
         <readonly>true</readonly>
         <run_address>0xbe4</run_address>
         <size>0x3</size>
         <alignment>0x1</alignment>
         <input_file_ref idref="fl-5"/>
      </object_component>
      <object_component id="oc-12a">
         <name>.rodata.gTIMER_1ClockConfig</name>
         <load_address>0xbe7</load_address>
         <readonly>true</readonly>
         <run_address>0xbe7</run_address>
         <size>0x3</size>
         <alignment>0x1</alignment>
         <input_file_ref idref="fl-5"/>
      </object_component>
      <object_component id="oc-12d">
         <name>.rodata.gMCU_I2CClockConfig</name>
         <load_address>0xbea</load_address>
         <readonly>true</readonly>
         <run_address>0xbea</run_address>
         <size>0x2</size>
         <alignment>0x1</alignment>
         <input_file_ref idref="fl-5"/>
      </object_component>
      <object_component id="oc-139">
         <name>.rodata.gSPI_0_clockConfig</name>
         <load_address>0xbec</load_address>
         <readonly>true</readonly>
         <run_address>0xbec</run_address>
         <size>0x2</size>
         <alignment>0x1</alignment>
         <input_file_ref idref="fl-5"/>
      </object_component>
      <object_component id="oc-130">
         <name>.rodata.gUART_0ClockConfig</name>
         <load_address>0xbee</load_address>
         <readonly>true</readonly>
         <run_address>0xbee</run_address>
         <size>0x2</size>
         <alignment>0x1</alignment>
         <input_file_ref idref="fl-5"/>
      </object_component>
      <object_component id="oc-154">
         <name>.binit</name>
         <load_address>0x0</load_address>
         <readonly>true</readonly>
         <run_address>0x0</run_address>
         <size>0x0</size>
         <alignment>0x4</alignment>
      </object_component>
      <object_component id="oc-63">
         <name>.common:USB_UART</name>
         <uninitialized>true</uninitialized>
         <readwrite>true</readwrite>
         <run_address>0x202000bc</run_address>
         <size>0x34</size>
         <alignment>0x4</alignment>
      </object_component>
      <object_component id="oc-72">
         <name>.common:USB_Timeout</name>
         <uninitialized>true</uninitialized>
         <readwrite>true</readwrite>
         <run_address>0x20200118</run_address>
         <size>0x24</size>
         <alignment>0x4</alignment>
      </object_component>
      <object_component id="oc-7d">
         <name>.common:I2C_MCU</name>
         <uninitialized>true</uninitialized>
         <readwrite>true</readwrite>
         <run_address>0x2020013c</run_address>
         <size>0x20</size>
         <alignment>0x4</alignment>
      </object_component>
      <object_component id="oc-77">
         <name>.common:delay</name>
         <uninitialized>true</uninitialized>
         <readwrite>true</readwrite>
         <run_address>0x2020015c</run_address>
         <size>0x20</size>
         <alignment>0x4</alignment>
      </object_component>
      <object_component id="oc-10c">
         <name>.common:gTIMER_0Backup</name>
         <uninitialized>true</uninitialized>
         <readwrite>true</readwrite>
         <run_address>0x20200000</run_address>
         <size>0xbc</size>
         <alignment>0x4</alignment>
      </object_component>
      <object_component id="oc-10d">
         <name>.common:gSPI_0Backup</name>
         <uninitialized>true</uninitialized>
         <readwrite>true</readwrite>
         <run_address>0x202000f0</run_address>
         <size>0x28</size>
         <alignment>0x4</alignment>
      </object_component>
      <object_component id="oc-1a">
         <name>.stack</name>
         <uninitialized>true</uninitialized>
         <readwrite>true</readwrite>
         <run_address>0x20207e00</run_address>
         <size>0x4</size>
         <alignment>0x4</alignment>
         <input_file_ref idref="fl-32"/>
      </object_component>
      <object_component id="oc-18e">
         <name>.stack</name>
         <uninitialized>true</uninitialized>
         <readwrite>true</readwrite>
         <run_address>0x20207e00</run_address>
         <size>0x0</size>
         <alignment>0x8</alignment>
      </object_component>
      <object_component id="oc-a6">
         <name>.debug_loc</name>
         <load_address>0x0</load_address>
         <run_address>0x0</run_address>
         <size>0x1b4</size>
         <alignment>0x1</alignment>
         <input_file_ref idref="fl-1"/>
      </object_component>
      <object_component id="oc-a9">
         <name>.debug_loc</name>
         <load_address>0x1b4</load_address>
         <run_address>0x1b4</run_address>
         <size>0x185</size>
         <alignment>0x1</alignment>
         <input_file_ref idref="fl-4"/>
      </object_component>
      <object_component id="oc-106">
         <name>.debug_loc</name>
         <load_address>0x339</load_address>
         <run_address>0x339</run_address>
         <size>0x19b</size>
         <alignment>0x1</alignment>
         <input_file_ref idref="fl-5"/>
      </object_component>
      <object_component id="oc-b2">
         <name>.debug_loc</name>
         <load_address>0x4d4</load_address>
         <run_address>0x4d4</run_address>
         <size>0x256</size>
         <alignment>0x1</alignment>
         <input_file_ref idref="fl-7"/>
      </object_component>
      <object_component id="oc-b9">
         <name>.debug_loc</name>
         <load_address>0x72a</load_address>
         <run_address>0x72a</run_address>
         <size>0x1a0</size>
         <alignment>0x1</alignment>
         <input_file_ref idref="fl-9"/>
      </object_component>
      <object_component id="oc-be">
         <name>.debug_loc</name>
         <load_address>0x8ca</load_address>
         <run_address>0x8ca</run_address>
         <size>0x2ac</size>
         <alignment>0x1</alignment>
         <input_file_ref idref="fl-a"/>
      </object_component>
      <object_component id="oc-146">
         <name>.debug_loc</name>
         <load_address>0xb76</load_address>
         <run_address>0xb76</run_address>
         <size>0x13</size>
         <alignment>0x1</alignment>
         <input_file_ref idref="fl-19"/>
      </object_component>
      <object_component id="oc-ca">
         <name>.debug_loc</name>
         <load_address>0xb89</load_address>
         <run_address>0xb89</run_address>
         <size>0x31c</size>
         <alignment>0x1</alignment>
         <input_file_ref idref="fl-1a"/>
      </object_component>
      <object_component id="oc-135">
         <name>.debug_loc</name>
         <load_address>0xea5</load_address>
         <run_address>0xea5</run_address>
         <size>0x84c</size>
         <alignment>0x1</alignment>
         <input_file_ref idref="fl-1b"/>
      </object_component>
      <object_component id="oc-123">
         <name>.debug_loc</name>
         <load_address>0x16f1</load_address>
         <run_address>0x16f1</run_address>
         <size>0x18ad</size>
         <alignment>0x1</alignment>
         <input_file_ref idref="fl-1c"/>
      </object_component>
      <object_component id="oc-9d">
         <name>.debug_loc</name>
         <load_address>0x2f9e</load_address>
         <run_address>0x2f9e</run_address>
         <size>0x7bc</size>
         <alignment>0x1</alignment>
         <input_file_ref idref="fl-1d"/>
      </object_component>
      <object_component id="oc-42">
         <name>.debug_loc</name>
         <load_address>0x375a</load_address>
         <run_address>0x375a</run_address>
         <size>0xd8</size>
         <alignment>0x1</alignment>
         <input_file_ref idref="fl-32"/>
      </object_component>
      <object_component id="oc-e9">
         <name>.debug_loc</name>
         <load_address>0x3832</load_address>
         <run_address>0x3832</run_address>
         <size>0x424</size>
         <alignment>0x1</alignment>
         <input_file_ref idref="fl-34"/>
      </object_component>
      <object_component id="oc-50">
         <name>.debug_loc</name>
         <load_address>0x3c56</load_address>
         <run_address>0x3c56</run_address>
         <size>0x16c</size>
         <alignment>0x1</alignment>
         <input_file_ref idref="fl-37"/>
      </object_component>
      <object_component id="oc-e3">
         <name>.debug_loc</name>
         <load_address>0x3dc2</load_address>
         <run_address>0x3dc2</run_address>
         <size>0x26</size>
         <alignment>0x1</alignment>
         <input_file_ref idref="fl-3a"/>
      </object_component>
      <object_component id="oc-a2">
         <name>.debug_abbrev</name>
         <load_address>0x0</load_address>
         <run_address>0x0</run_address>
         <size>0x20e</size>
         <alignment>0x1</alignment>
         <input_file_ref idref="fl-1"/>
      </object_component>
      <object_component id="oc-6b">
         <name>.debug_abbrev</name>
         <load_address>0x20e</load_address>
         <run_address>0x20e</run_address>
         <size>0x138</size>
         <alignment>0x1</alignment>
         <input_file_ref idref="fl-2"/>
      </object_component>
      <object_component id="oc-aa">
         <name>.debug_abbrev</name>
         <load_address>0x346</load_address>
         <run_address>0x346</run_address>
         <size>0x185</size>
         <alignment>0x1</alignment>
         <input_file_ref idref="fl-3"/>
      </object_component>
      <object_component id="oc-a7">
         <name>.debug_abbrev</name>
         <load_address>0x4cb</load_address>
         <run_address>0x4cb</run_address>
         <size>0x236</size>
         <alignment>0x1</alignment>
         <input_file_ref idref="fl-4"/>
      </object_component>
      <object_component id="oc-10e">
         <name>.debug_abbrev</name>
         <load_address>0x701</load_address>
         <run_address>0x701</run_address>
         <size>0x24e</size>
         <alignment>0x1</alignment>
         <input_file_ref idref="fl-5"/>
      </object_component>
      <object_component id="oc-3c">
         <name>.debug_abbrev</name>
         <load_address>0x94f</load_address>
         <run_address>0x94f</run_address>
         <size>0x6d</size>
         <alignment>0x1</alignment>
         <input_file_ref idref="fl-6"/>
      </object_component>
      <object_component id="oc-ae">
         <name>.debug_abbrev</name>
         <load_address>0x9bc</load_address>
         <run_address>0x9bc</run_address>
         <size>0x21d</size>
         <alignment>0x1</alignment>
         <input_file_ref idref="fl-7"/>
      </object_component>
      <object_component id="oc-b3">
         <name>.debug_abbrev</name>
         <load_address>0xbd9</load_address>
         <run_address>0xbd9</run_address>
         <size>0x122</size>
         <alignment>0x1</alignment>
         <input_file_ref idref="fl-8"/>
      </object_component>
      <object_component id="oc-b5">
         <name>.debug_abbrev</name>
         <load_address>0xcfb</load_address>
         <run_address>0xcfb</run_address>
         <size>0x1c9</size>
         <alignment>0x1</alignment>
         <input_file_ref idref="fl-9"/>
      </object_component>
      <object_component id="oc-ba">
         <name>.debug_abbrev</name>
         <load_address>0xec4</load_address>
         <run_address>0xec4</run_address>
         <size>0x22d</size>
         <alignment>0x1</alignment>
         <input_file_ref idref="fl-a"/>
      </object_component>
      <object_component id="oc-144">
         <name>.debug_abbrev</name>
         <load_address>0x10f1</load_address>
         <run_address>0x10f1</run_address>
         <size>0x62</size>
         <alignment>0x1</alignment>
         <input_file_ref idref="fl-19"/>
      </object_component>
      <object_component id="oc-f8">
         <name>.debug_abbrev</name>
         <load_address>0x1153</load_address>
         <run_address>0x1153</run_address>
         <size>0x1e7</size>
         <alignment>0x1</alignment>
         <input_file_ref idref="fl-1a"/>
      </object_component>
      <object_component id="oc-149">
         <name>.debug_abbrev</name>
         <load_address>0x133a</load_address>
         <run_address>0x133a</run_address>
         <size>0x277</size>
         <alignment>0x1</alignment>
         <input_file_ref idref="fl-1b"/>
      </object_component>
      <object_component id="oc-147">
         <name>.debug_abbrev</name>
         <load_address>0x15b1</load_address>
         <run_address>0x15b1</run_address>
         <size>0x258</size>
         <alignment>0x1</alignment>
         <input_file_ref idref="fl-1c"/>
      </object_component>
      <object_component id="oc-f6">
         <name>.debug_abbrev</name>
         <load_address>0x1809</load_address>
         <run_address>0x1809</run_address>
         <size>0x27f</size>
         <alignment>0x1</alignment>
         <input_file_ref idref="fl-1d"/>
      </object_component>
      <object_component id="oc-3e">
         <name>.debug_abbrev</name>
         <load_address>0x1a88</load_address>
         <run_address>0x1a88</run_address>
         <size>0xaf</size>
         <alignment>0x1</alignment>
         <input_file_ref idref="fl-32"/>
      </object_component>
      <object_component id="oc-116">
         <name>.debug_abbrev</name>
         <load_address>0x1b37</load_address>
         <run_address>0x1b37</run_address>
         <size>0x170</size>
         <alignment>0x1</alignment>
         <input_file_ref idref="fl-34"/>
      </object_component>
      <object_component id="oc-d6">
         <name>.debug_abbrev</name>
         <load_address>0x1ca7</load_address>
         <run_address>0x1ca7</run_address>
         <size>0x39</size>
         <alignment>0x1</alignment>
         <input_file_ref idref="fl-35"/>
      </object_component>
      <object_component id="oc-80">
         <name>.debug_abbrev</name>
         <load_address>0x1ce0</load_address>
         <run_address>0x1ce0</run_address>
         <size>0xc2</size>
         <alignment>0x1</alignment>
         <input_file_ref idref="fl-37"/>
      </object_component>
      <object_component id="oc-110">
         <name>.debug_abbrev</name>
         <load_address>0x1da2</load_address>
         <run_address>0x1da2</run_address>
         <size>0xb3</size>
         <alignment>0x1</alignment>
         <input_file_ref idref="fl-3a"/>
      </object_component>
      <object_component id="oc-cc">
         <name>.debug_abbrev</name>
         <load_address>0x1e55</load_address>
         <run_address>0x1e55</run_address>
         <size>0x1ba</size>
         <alignment>0x1</alignment>
         <input_file_ref idref="fl-3d"/>
      </object_component>
      <object_component id="oc-c0">
         <name>.debug_abbrev</name>
         <load_address>0x200f</load_address>
         <run_address>0x200f</run_address>
         <size>0x1c5</size>
         <alignment>0x1</alignment>
         <input_file_ref idref="fl-3f"/>
      </object_component>
      <object_component id="oc-a0">
         <name>.debug_abbrev</name>
         <load_address>0x21d4</load_address>
         <run_address>0x21d4</run_address>
         <size>0x1c7</size>
         <alignment>0x1</alignment>
         <input_file_ref idref="fl-40"/>
      </object_component>
      <object_component id="oc-190">
         <name>.debug_abbrev</name>
         <load_address>0x239b</load_address>
         <run_address>0x239b</run_address>
         <size>0xf</size>
         <alignment>0x0</alignment>
      </object_component>
      <object_component id="oc-64">
         <name>.debug_info</name>
         <load_address>0x0</load_address>
         <run_address>0x0</run_address>
         <size>0x2e03</size>
         <alignment>0x1</alignment>
         <input_file_ref idref="fl-1"/>
      </object_component>
      <object_component id="oc-35">
         <name>.debug_info</name>
         <load_address>0x2e03</load_address>
         <run_address>0x2e03</run_address>
         <size>0x1dbd</size>
         <alignment>0x1</alignment>
         <input_file_ref idref="fl-2"/>
      </object_component>
      <object_component id="oc-66">
         <name>.debug_info</name>
         <load_address>0x4bc0</load_address>
         <run_address>0x4bc0</run_address>
         <size>0x27b1</size>
         <alignment>0x1</alignment>
         <input_file_ref idref="fl-3"/>
      </object_component>
      <object_component id="oc-65">
         <name>.debug_info</name>
         <load_address>0x7371</load_address>
         <run_address>0x7371</run_address>
         <size>0x23ae</size>
         <alignment>0x1</alignment>
         <input_file_ref idref="fl-4"/>
      </object_component>
      <object_component id="oc-da">
         <name>.debug_info</name>
         <load_address>0x971f</load_address>
         <run_address>0x971f</run_address>
         <size>0x4d53</size>
         <alignment>0x1</alignment>
         <input_file_ref idref="fl-5"/>
      </object_component>
      <object_component id="oc-19">
         <name>.debug_info</name>
         <load_address>0xe472</load_address>
         <run_address>0xe472</run_address>
         <size>0x80</size>
         <alignment>0x1</alignment>
         <input_file_ref idref="fl-6"/>
      </object_component>
      <object_component id="oc-67">
         <name>.debug_info</name>
         <load_address>0xe4f2</load_address>
         <run_address>0xe4f2</run_address>
         <size>0x205b</size>
         <alignment>0x1</alignment>
         <input_file_ref idref="fl-7"/>
      </object_component>
      <object_component id="oc-68">
         <name>.debug_info</name>
         <load_address>0x1054d</load_address>
         <run_address>0x1054d</run_address>
         <size>0x1d57</size>
         <alignment>0x1</alignment>
         <input_file_ref idref="fl-8"/>
      </object_component>
      <object_component id="oc-69">
         <name>.debug_info</name>
         <load_address>0x122a4</load_address>
         <run_address>0x122a4</run_address>
         <size>0x2569</size>
         <alignment>0x1</alignment>
         <input_file_ref idref="fl-9"/>
      </object_component>
      <object_component id="oc-6a">
         <name>.debug_info</name>
         <load_address>0x1480d</load_address>
         <run_address>0x1480d</run_address>
         <size>0x213c</size>
         <alignment>0x1</alignment>
         <input_file_ref idref="fl-a"/>
      </object_component>
      <object_component id="oc-11e">
         <name>.debug_info</name>
         <load_address>0x16949</load_address>
         <run_address>0x16949</run_address>
         <size>0x75</size>
         <alignment>0x1</alignment>
         <input_file_ref idref="fl-19"/>
      </object_component>
      <object_component id="oc-c8">
         <name>.debug_info</name>
         <load_address>0x169be</load_address>
         <run_address>0x169be</run_address>
         <size>0xca0</size>
         <alignment>0x1</alignment>
         <input_file_ref idref="fl-1a"/>
      </object_component>
      <object_component id="oc-136">
         <name>.debug_info</name>
         <load_address>0x1765e</load_address>
         <run_address>0x1765e</run_address>
         <size>0x1113</size>
         <alignment>0x1</alignment>
         <input_file_ref idref="fl-1b"/>
      </object_component>
      <object_component id="oc-122">
         <name>.debug_info</name>
         <load_address>0x18771</load_address>
         <run_address>0x18771</run_address>
         <size>0x2f93</size>
         <alignment>0x1</alignment>
         <input_file_ref idref="fl-1c"/>
      </object_component>
      <object_component id="oc-9e">
         <name>.debug_info</name>
         <load_address>0x1b704</load_address>
         <run_address>0x1b704</run_address>
         <size>0x1259</size>
         <alignment>0x1</alignment>
         <input_file_ref idref="fl-1d"/>
      </object_component>
      <object_component id="oc-1b">
         <name>.debug_info</name>
         <load_address>0x1c95d</load_address>
         <run_address>0x1c95d</run_address>
         <size>0x423</size>
         <alignment>0x1</alignment>
         <input_file_ref idref="fl-32"/>
      </object_component>
      <object_component id="oc-e5">
         <name>.debug_info</name>
         <load_address>0x1cd80</load_address>
         <run_address>0x1cd80</run_address>
         <size>0x744</size>
         <alignment>0x1</alignment>
         <input_file_ref idref="fl-34"/>
      </object_component>
      <object_component id="oc-8a">
         <name>.debug_info</name>
         <load_address>0x1d4c4</load_address>
         <run_address>0x1d4c4</run_address>
         <size>0x46</size>
         <alignment>0x1</alignment>
         <input_file_ref idref="fl-35"/>
      </object_component>
      <object_component id="oc-4f">
         <name>.debug_info</name>
         <load_address>0x1d50a</load_address>
         <run_address>0x1d50a</run_address>
         <size>0x192</size>
         <alignment>0x1</alignment>
         <input_file_ref idref="fl-37"/>
      </object_component>
      <object_component id="oc-de">
         <name>.debug_info</name>
         <load_address>0x1d69c</load_address>
         <run_address>0x1d69c</run_address>
         <size>0xed</size>
         <alignment>0x1</alignment>
         <input_file_ref idref="fl-3a"/>
      </object_component>
      <object_component id="oc-7a">
         <name>.debug_info</name>
         <load_address>0x1d789</load_address>
         <run_address>0x1d789</run_address>
         <size>0xef2</size>
         <alignment>0x1</alignment>
         <input_file_ref idref="fl-3d"/>
      </object_component>
      <object_component id="oc-6e">
         <name>.debug_info</name>
         <load_address>0x1e67b</load_address>
         <run_address>0x1e67b</run_address>
         <size>0xfc5</size>
         <alignment>0x1</alignment>
         <input_file_ref idref="fl-3f"/>
      </object_component>
      <object_component id="oc-5f">
         <name>.debug_info</name>
         <load_address>0x1f640</load_address>
         <run_address>0x1f640</run_address>
         <size>0x1567</size>
         <alignment>0x1</alignment>
         <input_file_ref idref="fl-40"/>
      </object_component>
      <object_component id="oc-18f">
         <name>.debug_info</name>
         <load_address>0x20ba7</load_address>
         <run_address>0x20ba7</run_address>
         <size>0x9e</size>
         <alignment>0x0</alignment>
      </object_component>
      <object_component id="oc-a5">
         <name>.debug_ranges</name>
         <load_address>0x0</load_address>
         <run_address>0x0</run_address>
         <size>0x38</size>
         <alignment>0x1</alignment>
         <input_file_ref idref="fl-1"/>
      </object_component>
      <object_component id="oc-36">
         <name>.debug_ranges</name>
         <load_address>0x38</load_address>
         <run_address>0x38</run_address>
         <size>0x30</size>
         <alignment>0x1</alignment>
         <input_file_ref idref="fl-2"/>
      </object_component>
      <object_component id="oc-ad">
         <name>.debug_ranges</name>
         <load_address>0x68</load_address>
         <run_address>0x68</run_address>
         <size>0x38</size>
         <alignment>0x1</alignment>
         <input_file_ref idref="fl-3"/>
      </object_component>
      <object_component id="oc-75">
         <name>.debug_ranges</name>
         <load_address>0xa0</load_address>
         <run_address>0xa0</run_address>
         <size>0x28</size>
         <alignment>0x1</alignment>
         <input_file_ref idref="fl-4"/>
      </object_component>
      <object_component id="oc-db">
         <name>.debug_ranges</name>
         <load_address>0xc8</load_address>
         <run_address>0xc8</run_address>
         <size>0x60</size>
         <alignment>0x1</alignment>
         <input_file_ref idref="fl-5"/>
      </object_component>
      <object_component id="oc-30">
         <name>.debug_ranges</name>
         <load_address>0x128</load_address>
         <run_address>0x128</run_address>
         <size>0x18</size>
         <alignment>0x1</alignment>
         <input_file_ref idref="fl-6"/>
      </object_component>
      <object_component id="oc-b1">
         <name>.debug_ranges</name>
         <load_address>0x140</load_address>
         <run_address>0x140</run_address>
         <size>0x50</size>
         <alignment>0x1</alignment>
         <input_file_ref idref="fl-7"/>
      </object_component>
      <object_component id="oc-b8">
         <name>.debug_ranges</name>
         <load_address>0x190</load_address>
         <run_address>0x190</run_address>
         <size>0x20</size>
         <alignment>0x1</alignment>
         <input_file_ref idref="fl-9"/>
      </object_component>
      <object_component id="oc-bd">
         <name>.debug_ranges</name>
         <load_address>0x1b0</load_address>
         <run_address>0x1b0</run_address>
         <size>0x30</size>
         <alignment>0x1</alignment>
         <input_file_ref idref="fl-a"/>
      </object_component>
      <object_component id="oc-c9">
         <name>.debug_ranges</name>
         <load_address>0x1e0</load_address>
         <run_address>0x1e0</run_address>
         <size>0x1d8</size>
         <alignment>0x1</alignment>
         <input_file_ref idref="fl-1a"/>
      </object_component>
      <object_component id="oc-134">
         <name>.debug_ranges</name>
         <load_address>0x3b8</load_address>
         <run_address>0x3b8</run_address>
         <size>0x390</size>
         <alignment>0x1</alignment>
         <input_file_ref idref="fl-1b"/>
      </object_component>
      <object_component id="oc-126">
         <name>.debug_ranges</name>
         <load_address>0x748</load_address>
         <run_address>0x748</run_address>
         <size>0x170</size>
         <alignment>0x1</alignment>
         <input_file_ref idref="fl-1c"/>
      </object_component>
      <object_component id="oc-9c">
         <name>.debug_ranges</name>
         <load_address>0x8b8</load_address>
         <run_address>0x8b8</run_address>
         <size>0x190</size>
         <alignment>0x1</alignment>
         <input_file_ref idref="fl-1d"/>
      </object_component>
      <object_component id="oc-41">
         <name>.debug_ranges</name>
         <load_address>0xa48</load_address>
         <run_address>0xa48</run_address>
         <size>0x48</size>
         <alignment>0x1</alignment>
         <input_file_ref idref="fl-32"/>
      </object_component>
      <object_component id="oc-e6">
         <name>.debug_ranges</name>
         <load_address>0xa90</load_address>
         <run_address>0xa90</run_address>
         <size>0x48</size>
         <alignment>0x1</alignment>
         <input_file_ref idref="fl-34"/>
      </object_component>
      <object_component id="oc-53">
         <name>.debug_ranges</name>
         <load_address>0xad8</load_address>
         <run_address>0xad8</run_address>
         <size>0x18</size>
         <alignment>0x1</alignment>
         <input_file_ref idref="fl-37"/>
      </object_component>
      <object_component id="oc-df">
         <name>.debug_ranges</name>
         <load_address>0xaf0</load_address>
         <run_address>0xaf0</run_address>
         <size>0x18</size>
         <alignment>0x1</alignment>
         <input_file_ref idref="fl-3a"/>
      </object_component>
      <object_component id="oc-79">
         <name>.debug_ranges</name>
         <load_address>0xb08</load_address>
         <run_address>0xb08</run_address>
         <size>0xa0</size>
         <alignment>0x1</alignment>
         <input_file_ref idref="fl-3d"/>
      </object_component>
      <object_component id="oc-71">
         <name>.debug_ranges</name>
         <load_address>0xba8</load_address>
         <run_address>0xba8</run_address>
         <size>0xa0</size>
         <alignment>0x1</alignment>
         <input_file_ref idref="fl-3f"/>
      </object_component>
      <object_component id="oc-60">
         <name>.debug_ranges</name>
         <load_address>0xc48</load_address>
         <run_address>0xc48</run_address>
         <size>0xe8</size>
         <alignment>0x1</alignment>
         <input_file_ref idref="fl-40"/>
      </object_component>
      <object_component id="oc-a3">
         <name>.debug_str</name>
         <load_address>0x0</load_address>
         <run_address>0x0</run_address>
         <size>0x15be</size>
         <alignment>0x1</alignment>
         <input_file_ref idref="fl-1"/>
      </object_component>
      <object_component id="oc-6c">
         <name>.debug_str</name>
         <load_address>0x15be</load_address>
         <run_address>0x15be</run_address>
         <size>0xf72</size>
         <alignment>0x1</alignment>
         <input_file_ref idref="fl-2"/>
      </object_component>
      <object_component id="oc-ab">
         <name>.debug_str</name>
         <load_address>0x2530</load_address>
         <run_address>0x2530</run_address>
         <size>0x1532</size>
         <alignment>0x1</alignment>
         <input_file_ref idref="fl-3"/>
      </object_component>
      <object_component id="oc-a8">
         <name>.debug_str</name>
         <load_address>0x3a62</load_address>
         <run_address>0x3a62</run_address>
         <size>0x1532</size>
         <alignment>0x1</alignment>
         <input_file_ref idref="fl-4"/>
      </object_component>
      <object_component id="oc-10f">
         <name>.debug_str</name>
         <load_address>0x4f94</load_address>
         <run_address>0x4f94</run_address>
         <size>0x3584</size>
         <alignment>0x1</alignment>
         <input_file_ref idref="fl-5"/>
      </object_component>
      <object_component id="oc-3d">
         <name>.debug_str</name>
         <load_address>0x8518</load_address>
         <run_address>0x8518</run_address>
         <size>0x155</size>
         <alignment>0x1</alignment>
         <input_file_ref idref="fl-6"/>
      </object_component>
      <object_component id="oc-af">
         <name>.debug_str</name>
         <load_address>0x866d</load_address>
         <run_address>0x866d</run_address>
         <size>0x103d</size>
         <alignment>0x1</alignment>
         <input_file_ref idref="fl-7"/>
      </object_component>
      <object_component id="oc-b4">
         <name>.debug_str</name>
         <load_address>0x96aa</load_address>
         <run_address>0x96aa</run_address>
         <size>0xef7</size>
         <alignment>0x1</alignment>
         <input_file_ref idref="fl-8"/>
      </object_component>
      <object_component id="oc-b6">
         <name>.debug_str</name>
         <load_address>0xa5a1</load_address>
         <run_address>0xa5a1</run_address>
         <size>0x1214</size>
         <alignment>0x1</alignment>
         <input_file_ref idref="fl-9"/>
      </object_component>
      <object_component id="oc-bb">
         <name>.debug_str</name>
         <load_address>0xb7b5</load_address>
         <run_address>0xb7b5</run_address>
         <size>0x10ce</size>
         <alignment>0x1</alignment>
         <input_file_ref idref="fl-a"/>
      </object_component>
      <object_component id="oc-145">
         <name>.debug_str</name>
         <load_address>0xc883</load_address>
         <run_address>0xc883</run_address>
         <size>0x176</size>
         <alignment>0x1</alignment>
         <input_file_ref idref="fl-19"/>
      </object_component>
      <object_component id="oc-f9">
         <name>.debug_str</name>
         <load_address>0xc9f9</load_address>
         <run_address>0xc9f9</run_address>
         <size>0x8b7</size>
         <alignment>0x1</alignment>
         <input_file_ref idref="fl-1a"/>
      </object_component>
      <object_component id="oc-14a">
         <name>.debug_str</name>
         <load_address>0xd2b0</load_address>
         <run_address>0xd2b0</run_address>
         <size>0xc44</size>
         <alignment>0x1</alignment>
         <input_file_ref idref="fl-1b"/>
      </object_component>
      <object_component id="oc-148">
         <name>.debug_str</name>
         <load_address>0xdef4</load_address>
         <run_address>0xdef4</run_address>
         <size>0x1c3a</size>
         <alignment>0x1</alignment>
         <input_file_ref idref="fl-1c"/>
      </object_component>
      <object_component id="oc-f7">
         <name>.debug_str</name>
         <load_address>0xfb2e</load_address>
         <run_address>0xfb2e</run_address>
         <size>0xcec</size>
         <alignment>0x1</alignment>
         <input_file_ref idref="fl-1d"/>
      </object_component>
      <object_component id="oc-3f">
         <name>.debug_str</name>
         <load_address>0x1081a</load_address>
         <run_address>0x1081a</run_address>
         <size>0x225</size>
         <alignment>0x1</alignment>
         <input_file_ref idref="fl-32"/>
      </object_component>
      <object_component id="oc-117">
         <name>.debug_str</name>
         <load_address>0x10a3f</load_address>
         <run_address>0x10a3f</run_address>
         <size>0x32f</size>
         <alignment>0x1</alignment>
         <input_file_ref idref="fl-34"/>
      </object_component>
      <object_component id="oc-d7">
         <name>.debug_str</name>
         <load_address>0x10d6e</load_address>
         <run_address>0x10d6e</run_address>
         <size>0xf5</size>
         <alignment>0x1</alignment>
         <input_file_ref idref="fl-35"/>
      </object_component>
      <object_component id="oc-81">
         <name>.debug_str</name>
         <load_address>0x10e63</load_address>
         <run_address>0x10e63</run_address>
         <size>0x19b</size>
         <alignment>0x1</alignment>
         <input_file_ref idref="fl-37"/>
      </object_component>
      <object_component id="oc-111">
         <name>.debug_str</name>
         <load_address>0x10ffe</load_address>
         <run_address>0x10ffe</run_address>
         <size>0x13f</size>
         <alignment>0x1</alignment>
         <input_file_ref idref="fl-3a"/>
      </object_component>
      <object_component id="oc-cd">
         <name>.debug_str</name>
         <load_address>0x1113d</load_address>
         <run_address>0x1113d</run_address>
         <size>0x106f</size>
         <alignment>0x1</alignment>
         <input_file_ref idref="fl-3d"/>
      </object_component>
      <object_component id="oc-c1">
         <name>.debug_str</name>
         <load_address>0x121ac</load_address>
         <run_address>0x121ac</run_address>
         <size>0xeee</size>
         <alignment>0x1</alignment>
         <input_file_ref idref="fl-3f"/>
      </object_component>
      <object_component id="oc-a1">
         <name>.debug_str</name>
         <load_address>0x1309a</load_address>
         <run_address>0x1309a</run_address>
         <size>0x1008</size>
         <alignment>0x1</alignment>
         <input_file_ref idref="fl-40"/>
      </object_component>
      <object_component id="oc-a4">
         <name>.debug_line</name>
         <load_address>0x0</load_address>
         <run_address>0x0</run_address>
         <size>0x5a8</size>
         <alignment>0x1</alignment>
         <input_file_ref idref="fl-1"/>
      </object_component>
      <object_component id="oc-38">
         <name>.debug_line</name>
         <load_address>0x5a8</load_address>
         <run_address>0x5a8</run_address>
         <size>0x2e7</size>
         <alignment>0x1</alignment>
         <input_file_ref idref="fl-2"/>
      </object_component>
      <object_component id="oc-ac">
         <name>.debug_line</name>
         <load_address>0x88f</load_address>
         <run_address>0x88f</run_address>
         <size>0x3d5</size>
         <alignment>0x1</alignment>
         <input_file_ref idref="fl-3"/>
      </object_component>
      <object_component id="oc-74">
         <name>.debug_line</name>
         <load_address>0xc64</load_address>
         <run_address>0xc64</run_address>
         <size>0x4e2</size>
         <alignment>0x1</alignment>
         <input_file_ref idref="fl-4"/>
      </object_component>
      <object_component id="oc-d9">
         <name>.debug_line</name>
         <load_address>0x1146</load_address>
         <run_address>0x1146</run_address>
         <size>0x71c</size>
         <alignment>0x1</alignment>
         <input_file_ref idref="fl-5"/>
      </object_component>
      <object_component id="oc-31">
         <name>.debug_line</name>
         <load_address>0x1862</load_address>
         <run_address>0x1862</run_address>
         <size>0xb8</size>
         <alignment>0x1</alignment>
         <input_file_ref idref="fl-6"/>
      </object_component>
      <object_component id="oc-b0">
         <name>.debug_line</name>
         <load_address>0x191a</load_address>
         <run_address>0x191a</run_address>
         <size>0x4fa</size>
         <alignment>0x1</alignment>
         <input_file_ref idref="fl-7"/>
      </object_component>
      <object_component id="oc-8c">
         <name>.debug_line</name>
         <load_address>0x1e14</load_address>
         <run_address>0x1e14</run_address>
         <size>0x279</size>
         <alignment>0x1</alignment>
         <input_file_ref idref="fl-8"/>
      </object_component>
      <object_component id="oc-b7">
         <name>.debug_line</name>
         <load_address>0x208d</load_address>
         <run_address>0x208d</run_address>
         <size>0x3f9</size>
         <alignment>0x1</alignment>
         <input_file_ref idref="fl-9"/>
      </object_component>
      <object_component id="oc-bc">
         <name>.debug_line</name>
         <load_address>0x2486</load_address>
         <run_address>0x2486</run_address>
         <size>0x5ce</size>
         <alignment>0x1</alignment>
         <input_file_ref idref="fl-a"/>
      </object_component>
      <object_component id="oc-120">
         <name>.debug_line</name>
         <load_address>0x2a54</load_address>
         <run_address>0x2a54</run_address>
         <size>0xe4</size>
         <alignment>0x1</alignment>
         <input_file_ref idref="fl-19"/>
      </object_component>
      <object_component id="oc-c6">
         <name>.debug_line</name>
         <load_address>0x2b38</load_address>
         <run_address>0x2b38</run_address>
         <size>0x617</size>
         <alignment>0x1</alignment>
         <input_file_ref idref="fl-1a"/>
      </object_component>
      <object_component id="oc-137">
         <name>.debug_line</name>
         <load_address>0x314f</load_address>
         <run_address>0x314f</run_address>
         <size>0xb97</size>
         <alignment>0x1</alignment>
         <input_file_ref idref="fl-1b"/>
      </object_component>
      <object_component id="oc-124">
         <name>.debug_line</name>
         <load_address>0x3ce6</load_address>
         <run_address>0x3ce6</run_address>
         <size>0x15a5</size>
         <alignment>0x1</alignment>
         <input_file_ref idref="fl-1c"/>
      </object_component>
      <object_component id="oc-9a">
         <name>.debug_line</name>
         <load_address>0x528b</load_address>
         <run_address>0x528b</run_address>
         <size>0x989</size>
         <alignment>0x1</alignment>
         <input_file_ref idref="fl-1d"/>
      </object_component>
      <object_component id="oc-40">
         <name>.debug_line</name>
         <load_address>0x5c14</load_address>
         <run_address>0x5c14</run_address>
         <size>0x1dc</size>
         <alignment>0x1</alignment>
         <input_file_ref idref="fl-32"/>
      </object_component>
      <object_component id="oc-e8">
         <name>.debug_line</name>
         <load_address>0x5df0</load_address>
         <run_address>0x5df0</run_address>
         <size>0x51a</size>
         <alignment>0x1</alignment>
         <input_file_ref idref="fl-34"/>
      </object_component>
      <object_component id="oc-89">
         <name>.debug_line</name>
         <load_address>0x630a</load_address>
         <run_address>0x630a</run_address>
         <size>0x3e</size>
         <alignment>0x1</alignment>
         <input_file_ref idref="fl-35"/>
      </object_component>
      <object_component id="oc-52">
         <name>.debug_line</name>
         <load_address>0x6348</load_address>
         <run_address>0x6348</run_address>
         <size>0xfe</size>
         <alignment>0x1</alignment>
         <input_file_ref idref="fl-37"/>
      </object_component>
      <object_component id="oc-e0">
         <name>.debug_line</name>
         <load_address>0x6446</load_address>
         <run_address>0x6446</run_address>
         <size>0x69</size>
         <alignment>0x1</alignment>
         <input_file_ref idref="fl-3a"/>
      </object_component>
      <object_component id="oc-7b">
         <name>.debug_line</name>
         <load_address>0x64af</load_address>
         <run_address>0x64af</run_address>
         <size>0x7ea</size>
         <alignment>0x1</alignment>
         <input_file_ref idref="fl-3d"/>
      </object_component>
      <object_component id="oc-70">
         <name>.debug_line</name>
         <load_address>0x6c99</load_address>
         <run_address>0x6c99</run_address>
         <size>0x723</size>
         <alignment>0x1</alignment>
         <input_file_ref idref="fl-3f"/>
      </object_component>
      <object_component id="oc-62">
         <name>.debug_line</name>
         <load_address>0x73bc</load_address>
         <run_address>0x73bc</run_address>
         <size>0xca0</size>
         <alignment>0x1</alignment>
         <input_file_ref idref="fl-40"/>
      </object_component>
      <object_component id="oc-37">
         <name>.debug_frame</name>
         <load_address>0x0</load_address>
         <run_address>0x0</run_address>
         <size>0x80</size>
         <alignment>0x4</alignment>
         <input_file_ref idref="fl-2"/>
      </object_component>
      <object_component id="oc-76">
         <name>.debug_frame</name>
         <load_address>0x80</load_address>
         <run_address>0x80</run_address>
         <size>0x68</size>
         <alignment>0x4</alignment>
         <input_file_ref idref="fl-4"/>
      </object_component>
      <object_component id="oc-dc">
         <name>.debug_frame</name>
         <load_address>0xe8</load_address>
         <run_address>0xe8</run_address>
         <size>0x118</size>
         <alignment>0x4</alignment>
         <input_file_ref idref="fl-5"/>
      </object_component>
      <object_component id="oc-32">
         <name>.debug_frame</name>
         <load_address>0x200</load_address>
         <run_address>0x200</run_address>
         <size>0x30</size>
         <alignment>0x4</alignment>
         <input_file_ref idref="fl-6"/>
      </object_component>
      <object_component id="oc-8d">
         <name>.debug_frame</name>
         <load_address>0x230</load_address>
         <run_address>0x230</run_address>
         <size>0x20</size>
         <alignment>0x4</alignment>
         <input_file_ref idref="fl-8"/>
      </object_component>
      <object_component id="oc-11f">
         <name>.debug_frame</name>
         <load_address>0x250</load_address>
         <run_address>0x250</run_address>
         <size>0x20</size>
         <alignment>0x4</alignment>
         <input_file_ref idref="fl-19"/>
      </object_component>
      <object_component id="oc-c7">
         <name>.debug_frame</name>
         <load_address>0x270</load_address>
         <run_address>0x270</run_address>
         <size>0x12c</size>
         <alignment>0x4</alignment>
         <input_file_ref idref="fl-1a"/>
      </object_component>
      <object_component id="oc-133">
         <name>.debug_frame</name>
         <load_address>0x39c</load_address>
         <run_address>0x39c</run_address>
         <size>0x234</size>
         <alignment>0x4</alignment>
         <input_file_ref idref="fl-1b"/>
      </object_component>
      <object_component id="oc-125">
         <name>.debug_frame</name>
         <load_address>0x5d0</load_address>
         <run_address>0x5d0</run_address>
         <size>0x400</size>
         <alignment>0x4</alignment>
         <input_file_ref idref="fl-1c"/>
      </object_component>
      <object_component id="oc-9b">
         <name>.debug_frame</name>
         <load_address>0x9d0</load_address>
         <run_address>0x9d0</run_address>
         <size>0x1b8</size>
         <alignment>0x4</alignment>
         <input_file_ref idref="fl-1d"/>
      </object_component>
      <object_component id="oc-56">
         <name>.debug_frame</name>
         <load_address>0xb88</load_address>
         <run_address>0xb88</run_address>
         <size>0x90</size>
         <alignment>0x4</alignment>
         <input_file_ref idref="fl-32"/>
      </object_component>
      <object_component id="oc-e7">
         <name>.debug_frame</name>
         <load_address>0xc18</load_address>
         <run_address>0xc18</run_address>
         <size>0x100</size>
         <alignment>0x4</alignment>
         <input_file_ref idref="fl-34"/>
      </object_component>
      <object_component id="oc-88">
         <name>.debug_frame</name>
         <load_address>0xd18</load_address>
         <run_address>0xd18</run_address>
         <size>0x20</size>
         <alignment>0x4</alignment>
         <input_file_ref idref="fl-35"/>
      </object_component>
      <object_component id="oc-51">
         <name>.debug_frame</name>
         <load_address>0xd38</load_address>
         <run_address>0xd38</run_address>
         <size>0x38</size>
         <alignment>0x4</alignment>
         <input_file_ref idref="fl-37"/>
      </object_component>
      <object_component id="oc-e1">
         <name>.debug_frame</name>
         <load_address>0xd70</load_address>
         <run_address>0xd70</run_address>
         <size>0x30</size>
         <alignment>0x4</alignment>
         <input_file_ref idref="fl-3a"/>
      </object_component>
      <object_component id="oc-7c">
         <name>.debug_frame</name>
         <load_address>0xda0</load_address>
         <run_address>0xda0</run_address>
         <size>0x1d4</size>
         <alignment>0x4</alignment>
         <input_file_ref idref="fl-3d"/>
      </object_component>
      <object_component id="oc-6f">
         <name>.debug_frame</name>
         <load_address>0xf74</load_address>
         <run_address>0xf74</run_address>
         <size>0x1bc</size>
         <alignment>0x4</alignment>
         <input_file_ref idref="fl-3f"/>
      </object_component>
      <object_component id="oc-61">
         <name>.debug_frame</name>
         <load_address>0x1130</load_address>
         <run_address>0x1130</run_address>
         <size>0x2ac</size>
         <alignment>0x4</alignment>
         <input_file_ref idref="fl-40"/>
      </object_component>
   </object_component_list>
   <logical_group_list>
      <logical_group id="lg-2" display="no" color="cyan">
         <name>.intvecs</name>
         <load_address>0x0</load_address>
         <run_address>0x0</run_address>
         <size>0xc0</size>
         <contents>
            <object_component_ref idref="oc-18"/>
         </contents>
      </logical_group>
      <logical_group id="lg-3" display="no" color="cyan">
         <name>.text</name>
         <load_address>0xc0</load_address>
         <run_address>0xc0</run_address>
         <size>0xae8</size>
         <contents>
            <object_component_ref idref="oc-5e"/>
            <object_component_ref idref="oc-33"/>
            <object_component_ref idref="oc-78"/>
            <object_component_ref idref="oc-127"/>
            <object_component_ref idref="oc-104"/>
            <object_component_ref idref="oc-10a"/>
            <object_component_ref idref="oc-103"/>
            <object_component_ref idref="oc-c5"/>
            <object_component_ref idref="oc-10b"/>
            <object_component_ref idref="oc-fb"/>
            <object_component_ref idref="oc-99"/>
            <object_component_ref idref="oc-9f"/>
            <object_component_ref idref="oc-109"/>
            <object_component_ref idref="oc-12f"/>
            <object_component_ref idref="oc-138"/>
            <object_component_ref idref="oc-105"/>
            <object_component_ref idref="oc-107"/>
            <object_component_ref idref="oc-d8"/>
            <object_component_ref idref="oc-e4"/>
            <object_component_ref idref="oc-108"/>
            <object_component_ref idref="oc-6d"/>
            <object_component_ref idref="oc-cb"/>
            <object_component_ref idref="oc-57"/>
            <object_component_ref idref="oc-12c"/>
            <object_component_ref idref="oc-c3"/>
            <object_component_ref idref="oc-121"/>
            <object_component_ref idref="oc-73"/>
            <object_component_ref idref="oc-4e"/>
            <object_component_ref idref="oc-fa"/>
            <object_component_ref idref="oc-c4"/>
            <object_component_ref idref="oc-c2"/>
            <object_component_ref idref="oc-132"/>
            <object_component_ref idref="oc-bf"/>
            <object_component_ref idref="oc-98"/>
            <object_component_ref idref="oc-12e"/>
            <object_component_ref idref="oc-3b"/>
            <object_component_ref idref="oc-39"/>
            <object_component_ref idref="oc-3a"/>
            <object_component_ref idref="oc-34"/>
            <object_component_ref idref="oc-11d"/>
            <object_component_ref idref="oc-8b"/>
            <object_component_ref idref="oc-2f"/>
            <object_component_ref idref="oc-87"/>
            <object_component_ref idref="oc-dd"/>
         </contents>
      </logical_group>
      <logical_group id="lg-4" display="no" color="cyan">
         <name>.const</name>
         <run_address>0x0</run_address>
         <size>0x0</size>
         <contents>
         </contents>
      </logical_group>
      <logical_group id="lg-5" display="no" color="cyan">
         <name>.cinit</name>
         <load_address>0xbf0</load_address>
         <run_address>0xbf0</run_address>
         <size>0x18</size>
         <contents>
            <object_component_ref idref="oc-18c"/>
            <object_component_ref idref="oc-18a"/>
            <object_component_ref idref="oc-18b"/>
         </contents>
      </logical_group>
      <logical_group id="lg-6" display="no" color="cyan">
         <name>.pinit</name>
         <run_address>0x0</run_address>
[...]
      <logical_group id="lg-18d" display="no" color="cyan">
         <name>Veneer$$CMSE</name>
         <run_address>0x0</run_address>
         <size>0x0</size>
         <contents>
         </contents>
      </logical_group>
      <load_segment id="lg-197" display="no" color="cyan">
         <name>SEGMENT_0</name>
         <load_address>0x0</load_address>
         <run_address>0x0</run_address>
         <size>0xc08</size>
         <flags>0x5</flags>
         <contents>
            <logical_group_ref idref="lg-2"/>
            <logical_group_ref idref="lg-3"/>
            <logical_group_ref idref="lg-7"/>
            <logical_group_ref idref="lg-5"/>
         </contents>
      </load_segment>
      <load_segment id="lg-198" display="no" color="cyan">
         <name>SEGMENT_1</name>
         <run_address>0x20200000</run_address>
         <size>0x17c</size>
         <flags>0x6</flags>
         <contents>
            <logical_group_ref idref="lg-f"/>
         </contents>
      </load_segment>
      <load_segment id="lg-199" display="no" color="cyan">
         <name>SEGMENT_2</name>
         <run_address>0x20207e00</run_address>
         <size>0x200</size>
         <flags>0x6</flags>
         <contents>
            <logical_group_ref idref="lg-11"/>
         </contents>
      </load_segment>
   </logical_group_list>
   <placement_map>
      <memory_area display="yes" color="green">
         <name>FLASH</name>
         <page_id>0x0</page_id>
         <origin>0x0</origin>
         <length>0x20000</length>
         <used_space>0xc08</used_space>
         <unused_space>0x1f3f8</unused_space>
         <attributes>RX</attributes>
         <usage_details>
            <allocated_space>
               <start_address>0x0</start_address>
               <size>0x0</size>
               <logical_group_ref idref="lg-a"/>
            </allocated_space>
            <allocated_space>
               <start_address>0x0</start_address>
               <size>0xc0</size>
               <logical_group_ref idref="lg-2"/>
            </allocated_space>
            <allocated_space>
               <start_address>0xc0</start_address>
               <size>0xae8</size>
               <logical_group_ref idref="lg-3"/>
            </allocated_space>
            <allocated_space>
               <start_address>0xba8</start_address>
               <size>0x48</size>
               <logical_group_ref idref="lg-7"/>
            </allocated_space>
            <allocated_space>
               <start_address>0xbf0</start_address>
               <size>0x18</size>
               <logical_group_ref idref="lg-5"/>
            </allocated_space>
            <available_space>
               <start_address>0xc08</start_address>
               <size>0x1f3f8</size>
            </available_space>
         </usage_details>
      </memory_area>
      <memory_area display="yes" color="green">
         <name>SRAM</name>
         <page_id>0x0</page_id>
         <origin>0x20200000</origin>
         <length>0x8000</length>
         <used_space>0x37c</used_space>
         <unused_space>0x7c84</unused_space>
         <attributes>RWX</attributes>
         <usage_details>
            <allocated_space>
               <start_address>0x20200000</start_address>
               <size>0x0</size>
               <logical_group_ref idref="lg-150"/>
            </allocated_space>
            <allocated_space>
               <start_address>0x20200000</start_address>
               <size>0x0</size>
               <logical_group_ref idref="lg-152"/>
            </allocated_space>
            <allocated_space>
               <start_address>0x20200000</start_address>
               <size>0x17c</size>
               <logical_group_ref idref="lg-f"/>
            </allocated_space>
            <available_space>
               <start_address>0x2020017c</start_address>
               <size>0x7c84</size>
            </available_space>
            <allocated_space>
               <start_address>0x20207e00</start_address>
               <size>0x200</size>
               <logical_group_ref idref="lg-11"/>
            </allocated_space>
         </usage_details>
      </memory_area>
      <memory_area display="yes" color="green">
         <name>BCR_CONFIG</name>
         <page_id>0x0</page_id>
         <origin>0x41c00000</origin>
         <length>0x80</length>
         <used_space>0x0</used_space>
         <unused_space>0x80</unused_space>
         <attributes>R</attributes>
         <usage_details>
         </usage_details>
      </memory_area>
      <memory_area display="yes" color="green">
         <name>BSL_CONFIG</name>
         <page_id>0x0</page_id>
         <origin>0x41c00100</origin>
         <length>0x80</length>
         <used_space>0x0</used_space>
         <unused_space>0x80</unused_space>
         <attributes>R</attributes>
         <usage_details>
         </usage_details>
      </memory_area>
   </placement_map>
   <cptbl_list>
      <cptbl>
         <name>__TI_cinit_table</name>
         <cprec>
            <name>.bss</name>
            <load_address>0xbf0</load_address>
            <load_size>0x8</load_size>
            <run_address>0x20200000</run_address>
            <run_size>0x17c</run_size>
            <compression>zero_init</compression>
         </cprec>
      </cptbl>
   </cptbl_list>
   <handler_table>
      <handler_table_name>__TI_handler_table</handler_table_name>
      <handler>
         <index>0x0</index>
         <name>__TI_zero_init</name>
      </handler>
   </handler_table>
   <symbol_table>
      <symbol id="sm-1">
         <name>__start___llvm_prf_cnts</name>
         <value>0x20200000</value>
      </symbol>
      <symbol id="sm-2">
         <name>__stop___llvm_prf_cnts</name>
         <value>0x20200000</value>
      </symbol>
      <symbol id="sm-3">
         <name>__start___llvm_prf_bits</name>
         <value>0x20200000</value>
      </symbol>
      <symbol id="sm-4">
         <name>__stop___llvm_prf_bits</name>
         <value>0x20200000</value>
      </symbol>
      <symbol id="sm-5">
         <name>__TI_CINIT_Base</name>
         <value>0xbfc</value>
      </symbol>
      <symbol id="sm-6">
         <name>__TI_CINIT_Limit</name>
         <value>0xc04</value>
      </symbol>
      <symbol id="sm-7">
         <name>__TI_CINIT_Warm</name>
         <value>0xc04</value>
      </symbol>
      <symbol id="sm-8">
         <name>__TI_Handler_Table_Base</name>
         <value>0xbf8</value>
      </symbol>
      <symbol id="sm-9">
         <name>__TI_Handler_Table_Limit</name>
         <value>0xbfc</value>
      </symbol>
      <symbol id="sm-a">
         <name>binit</name>
         <value>0xffffffff</value>
      </symbol>
      <symbol id="sm-b">
         <name>__binit__</name>
         <value>0xffffffff</value>
      </symbol>
      <symbol id="sm-c">
         <name>__STACK_SIZE</name>
         <value>0x200</value>
      </symbol>
      <symbol id="sm-d">
         <name>__STACK_END</name>
         <value>0x20208000</value>
      </symbol>
      <symbol id="sm-e">
         <name>__TI_pprof_out_hndl</name>
         <value>0xffffffff</value>
      </symbol>
      <symbol id="sm-f">
         <name>__TI_prof_data_start</name>
         <value>0xffffffff</value>
      </symbol>
      <symbol id="sm-10">
         <name>__TI_prof_data_size</name>
         <value>0xffffffff</value>
      </symbol>
      <symbol id="sm-38">
         <name>USB_UART</name>
         <value>0x202000bc</value>
      </symbol>
      <symbol id="sm-39">
         <name>USB_Timeout</name>
         <value>0x20200118</value>
      </symbol>
      <symbol id="sm-3a">
         <name>I2C_MCU</name>
         <value>0x2020013c</value>
      </symbol>
      <symbol id="sm-3b">
         <name>delay</name>
         <value>0x2020015c</value>
      </symbol>
      <symbol id="sm-4e">
         <name>UART0_IRQHandler</name>
         <value>0xb79</value>
         <object_component_ref idref="oc-34"/>
      </symbol>
      <symbol id="sm-4f">
         <name>TIMA0_IRQHandler</name>
         <value>0xb59</value>
         <object_component_ref idref="oc-39"/>
      </symbol>
      <symbol id="sm-50">
         <name>I2C1_IRQHandler</name>
         <value>0xb49</value>
         <object_component_ref idref="oc-3b"/>
      </symbol>
      <symbol id="sm-51">
         <name>TIMG7_IRQHandler</name>
         <value>0xb69</value>
         <object_component_ref idref="oc-3a"/>
      </symbol>
      <symbol id="sm-60">
         <name>Delay_Timer_IRQ</name>
         <value>0xa99</value>
         <object_component_ref idref="oc-73"/>
      </symbol>
      <symbol id="sm-95">
         <name>SYSCFG_DL_init</name>
         <value>0x90d</value>
         <object_component_ref idref="oc-d8"/>
      </symbol>
      <symbol id="sm-96">
         <name>SYSCFG_DL_initPower</name>
         <value>0x595</value>
         <object_component_ref idref="oc-103"/>
      </symbol>
      <symbol id="sm-97">
         <name>SYSCFG_DL_GPIO_init</name>
         <value>0x489</value>
         <object_component_ref idref="oc-104"/>
      </symbol>
      <symbol id="sm-98">
         <name>SYSCFG_DL_SYSCTL_init</name>
         <value>0x891</value>
         <object_component_ref idref="oc-105"/>
      </symbol>
      <symbol id="sm-99">
         <name>SYSCFG_DL_TIMER_0_init</name>
         <value>0x8d1</value>
         <object_component_ref idref="oc-107"/>
      </symbol>
      <symbol id="sm-9a">
         <name>SYSCFG_DL_TIMER_1_init</name>
         <value>0x985</value>
         <object_component_ref idref="oc-108"/>
      </symbol>
      <symbol id="sm-9b">
         <name>SYSCFG_DL_MCU_I2C_init</name>
         <value>0x7b1</value>
         <object_component_ref idref="oc-109"/>
      </symbol>
      <symbol id="sm-9c">
         <name>SYSCFG_DL_UART_0_init</name>
         <value>0x525</value>
         <object_component_ref idref="oc-10a"/>
      </symbol>
      <symbol id="sm-9d">
         <name>SYSCFG_DL_SPI_0_init</name>
         <value>0x655</value>
         <object_component_ref idref="oc-10b"/>
      </symbol>
      <symbol id="sm-9e">
         <name>gTIMER_0Backup</name>
         <value>0x20200000</value>
      </symbol>
      <symbol id="sm-9f">
         <name>gSPI_0Backup</name>
         <value>0x202000f0</value>
      </symbol>
      <symbol id="sm-aa">
         <name>Default_Handler</name>
         <value>0x29f</value>
         <object_component_ref idref="oc-33"/>
      </symbol>
      <symbol id="sm-ab">
         <name>Reset_Handler</name>
         <value>0xb99</value>
         <object_component_ref idref="oc-2f"/>
      </symbol>
      <symbol id="sm-ac">
         <name>interruptVectors</name>
         <value>0x0</value>
         <object_component_ref idref="oc-18"/>
      </symbol>
      <symbol id="sm-ad">
         <name>NMI_Handler</name>
         <value>0x29f</value>
         <object_component_ref idref="oc-33"/>
      </symbol>
      <symbol id="sm-ae">
         <name>HardFault_Handler</name>
         <value>0x29f</value>
         <object_component_ref idref="oc-33"/>
      </symbol>
      <symbol id="sm-af">
         <name>SVC_Handler</name>
         <value>0x29f</value>
         <object_component_ref idref="oc-33"/>
      </symbol>
      <symbol id="sm-b0">
         <name>PendSV_Handler</name>
         <value>0x29f</value>
         <object_component_ref idref="oc-33"/>
      </symbol>
      <symbol id="sm-b1">
         <name>SysTick_Handler</name>
         <value>0x29f</value>
         <object_component_ref idref="oc-33"/>
      </symbol>
      <symbol id="sm-b2">
         <name>GROUP0_IRQHandler</name>
         <value>0x29f</value>
         <object_component_ref idref="oc-33"/>
      </symbol>
      <symbol id="sm-b3">
         <name>GROUP1_IRQHandler</name>
         <value>0x29f</value>
         <object_component_ref idref="oc-33"/>
      </symbol>
      <symbol id="sm-b4">
         <name>TIMG8_IRQHandler</name>
         <value>0x29f</value>
         <object_component_ref idref="oc-33"/>
      </symbol>
      <symbol id="sm-b5">
         <name>UART3_IRQHandler</name>
         <value>0x29f</value>
         <object_component_ref idref="oc-33"/>
      </symbol>
      <symbol id="sm-b6">
         <name>ADC0_IRQHandler</name>
         <value>0x29f</value>
         <object_component_ref idref="oc-33"/>
      </symbol>
      <symbol id="sm-b7">
         <name>ADC1_IRQHandler</name>
         <value>0x29f</value>
         <object_component_ref idref="oc-33"/>
      </symbol>
      <symbol id="sm-b8">
         <name>CANFD0_IRQHandler</name>
         <value>0x29f</value>
         <object_component_ref idref="oc-33"/>
      </symbol>
      <symbol id="sm-b9">
         <name>DAC0_IRQHandler</name>
         <value>0x29f</value>
         <object_component_ref idref="oc-33"/>
      </symbol>
      <symbol id="sm-ba">
         <name>SPI0_IRQHandler</name>
         <value>0x29f</value>
         <object_component_ref idref="oc-33"/>
      </symbol>
      <symbol id="sm-bb">
         <name>SPI1_IRQHandler</name>
         <value>0x29f</value>
         <object_component_ref idref="oc-33"/>
      </symbol>
      <symbol id="sm-bc">
         <name>UART1_IRQHandler</name>
         <value>0x29f</value>
         <object_component_ref idref="oc-33"/>
      </symbol>
      <symbol id="sm-bd">
         <name>UART2_IRQHandler</name>
         <value>0x29f</value>
         <object_component_ref idref="oc-33"/>
      </symbol>
      <symbol id="sm-be">
         <name>TIMG0_IRQHandler</name>
         <value>0x29f</value>
         <object_component_ref idref="oc-33"/>
      </symbol>
      <symbol id="sm-bf">
         <name>TIMG6_IRQHandler</name>
         <value>0x29f</value>
         <object_component_ref idref="oc-33"/>
      </symbol>
      <symbol id="sm-c0">
         <name>TIMA1_IRQHandler</name>
         <value>0x29f</value>
         <object_component_ref idref="oc-33"/>
      </symbol>
      <symbol id="sm-c1">
         <name>TIMG12_IRQHandler</name>
         <value>0x29f</value>
         <object_component_ref idref="oc-33"/>
      </symbol>
      <symbol id="sm-c2">
         <name>I2C0_IRQHandler</name>
         <value>0x29f</value>
         <object_component_ref idref="oc-33"/>
      </symbol>
      <symbol id="sm-c3">
         <name>AES_IRQHandler</name>
         <value>0x29f</value>
         <object_component_ref idref="oc-33"/>
      </symbol>
      <symbol id="sm-c4">
         <name>RTC_IRQHandler</name>
         <value>0x29f</value>
         <object_component_ref idref="oc-33"/>
      </symbol>
      <symbol id="sm-c5">
         <name>DMA_IRQHandler</name>
         <value>0x29f</value>
         <object_component_ref idref="oc-33"/>
      </symbol>
      <symbol id="sm-d3">
         <name>main</name>
         <value>0xb93</value>
         <object_component_ref idref="oc-8b"/>
      </symbol>
      <symbol id="sm-e0">
         <name>__TI_ATRegion0_src_addr</name>
         <value>0x0</value>
      </symbol>
      <symbol id="sm-e1">
         <name>__TI_ATRegion0_trg_addr</name>
         <value>0x0</value>
      </symbol>
      <symbol id="sm-e2">
         <name>__TI_ATRegion0_region_sz</name>
         <value>0x0</value>
      </symbol>
      <symbol id="sm-e3">
         <name>__TI_ATRegion1_src_addr</name>
         <value>0x0</value>
      </symbol>
      <symbol id="sm-e4">
         <name>__TI_ATRegion1_trg_addr</name>
         <value>0x0</value>
      </symbol>
      <symbol id="sm-e5">
         <name>__TI_ATRegion1_region_sz</name>
         <value>0x0</value>
      </symbol>
      <symbol id="sm-e6">
         <name>__TI_ATRegion2_src_addr</name>
         <value>0x0</value>
      </symbol>
      <symbol id="sm-e7">
         <name>__TI_ATRegion2_trg_addr</name>
         <value>0x0</value>
      </symbol>
      <symbol id="sm-e8">
         <name>__TI_ATRegion2_region_sz</name>
         <value>0x0</value>
      </symbol>
      <symbol id="sm-f1">
         <name>DL_Common_delayCycles</name>
         <value>0xb89</value>
         <object_component_ref idref="oc-11d"/>
      </symbol>
      <symbol id="sm-fd">
         <name>DL_I2C_setClockConfig</name>
         <value>0xa39</value>
         <object_component_ref idref="oc-12c"/>
      </symbol>
      <symbol id="sm-fe">
         <name>DL_I2C_fillControllerTXFIFO</name>
         <value>0x5f5</value>
         <object_component_ref idref="oc-c5"/>
      </symbol>
      <symbol id="sm-10b">
         <name>DL_SPI_init</name>
         <value>0x84d</value>
         <object_component_ref idref="oc-138"/>
      </symbol>
      <symbol id="sm-10c">
         <name>DL_SPI_setClockConfig</name>
         <value>0xaff</value>
         <object_component_ref idref="oc-132"/>
      </symbol>
      <symbol id="sm-11c">
         <name>DL_Timer_setClockConfig</name>
         <value>0xa7d</value>
         <object_component_ref idref="oc-121"/>
      </symbol>
      <symbol id="sm-11d">
         <name>DL_Timer_initTimerMode</name>
         <value>0x3a1</value>
         <object_component_ref idref="oc-127"/>
      </symbol>
      <symbol id="sm-130">
         <name>DL_UART_init</name>
         <value>0x805</value>
         <object_component_ref idref="oc-12f"/>
      </symbol>
      <symbol id="sm-131">
         <name>DL_UART_setClockConfig</name>
         <value>0xb35</value>
         <object_component_ref idref="oc-12e"/>
      </symbol>
      <symbol id="sm-132">
         <name>DL_UART_drainRXFIFO</name>
         <value>0x709</value>
         <object_component_ref idref="oc-99"/>
      </symbol>
      <symbol id="sm-133">
         <name>DL_UART_fillTXFIFO</name>
         <value>0x75d</value>
         <object_component_ref idref="oc-9f"/>
      </symbol>
      <symbol id="sm-13e">
         <name>_c_int00_noargs</name>
         <value>0xa11</value>
         <object_component_ref idref="oc-57"/>
      </symbol>
      <symbol id="sm-13f">
         <name>__stack</name>
         <value>0x20207e00</value>
         <object_component_ref idref="oc-1a"/>
      </symbol>
      <symbol id="sm-14b">
         <name>__TI_auto_init_nobinit_nopinit</name>
         <value>0x949</value>
         <object_component_ref idref="oc-e4"/>
      </symbol>
      <symbol id="sm-153">
         <name>_system_pre_init</name>
         <value>0xb9d</value>
         <object_component_ref idref="oc-87"/>
      </symbol>
      <symbol id="sm-15e">
         <name>__TI_zero_init_nomemset</name>
         <value>0xaaf</value>
         <object_component_ref idref="oc-4e"/>
      </symbol>
      <symbol id="sm-16a">
         <name>abort</name>
         <value>0xba1</value>
         <object_component_ref idref="oc-dd"/>
      </symbol>
      <symbol id="sm-16b">
         <name>C$$EXIT</name>
         <value>0xba0</value>
         <object_component_ref idref="oc-dd"/>
      </symbol>
      <symbol id="sm-18b">
         <name>getControllerStatus</name>
         <value>0x6b1</value>
         <object_component_ref idref="oc-fb"/>
      </symbol>
      <symbol id="sm-18c">
         <name>waitForControllerToIdle</name>
         <value>0x9e7</value>
         <object_component_ref idref="oc-cb"/>
      </symbol>
      <symbol id="sm-18d">
         <name>I2C_Controller_IRQ</name>
         <value>0x2a1</value>
         <object_component_ref idref="oc-78"/>
      </symbol>
      <symbol id="sm-19a">
         <name>Timer_Timeout_IRQ</name>
         <value>0x9bd</value>
         <object_component_ref idref="oc-6d"/>
      </symbol>
      <symbol id="sm-1a8">
         <name>UART_Interface_IRQ</name>
         <value>0xc1</value>
         <object_component_ref idref="oc-5e"/>
      </symbol>
      <symbol id="sm-1ab">
         <name>__TI_static_base__</name>
         <value>0x0</value>
      </symbol>
      <symbol id="sm-1ad">
         <name>__mpu_init</name>
         <value>0x0</value>
      </symbol>
      <symbol id="sm-1ae">
         <name>_system_post_cinit</name>
         <value>0x0</value>
      </symbol>
   </symbol_table>
   <title>Link successful</title>
</link_info>
